<html>
<body>
<pre>
<h1>µVision Build Log</h1>
<h2>Tool Versions:</h2>
IDE-Version: µVision V5.42.0.0
Copyright (C) 2025 ARM Ltd and ARM Germany GmbH. All rights reserved.
License Information: Lokesh Patel
Reazon Holdings
User-based license: Keil MDK Essentials
Valid until: May 2 2025. Cached until: Apr 29 2025
 
Tool Versions:
Toolchain:       Keil MDK Essentials  Version: 5.42.0.0
Toolchain Path:  C:\Users\lokes\AppData\Local\Keil_v5\ARM\ARMCLANG\Bin
C Compiler:      ArmClang.exe V6.23
Assembler:       Armasm.exe V6.23
Linker/Locator:  ArmLink.exe V6.23
Library Manager: ArmAr.exe V6.23
Hex Converter:   FromElf.exe V6.23
CPU DLL:         SARMCM3.DLL V5.42.0.0
Dialog DLL:      DCM.DLL V1.17.5.0
Target DLL:      STLink\ST-LINKIII-KEIL_SWO.dll V3.3.0.0
Dialog DLL:      TCM.DLL V1.56.6.0
 
<h2>Project:</h2>
C:\Users\lokes\OpenArm\control\canfd_control\MDK-ARM\STM32H7.uvprojx
Project File Date:  04/22/2025

<h2>Output:</h2>
*** Using Compiler 'V6.23', folder: 'C:\Users\lokes\AppData\Local\Keil_v5\ARM\ARMCLANG\Bin'
Rebuild target 'STM32H7'
assembling startup_stm32h723xx.s...
compiling octospi.c...
compiling gpio.c...
compiling i2c.c...
compiling fdcan.c...
compiling dcmi.c...
compiling main.c...
compiling spi.c...
compiling usb_otg.c...
compiling tim.c...
compiling stm32h7xx_hal_msp.c...
compiling usart.c...
compiling stm32h7xx_it.c...
compiling stm32h7xx_hal_cortex.c...
compiling stm32h7xx_hal_dcmi.c...
compiling stm32h7xx_hal_flash.c...
compiling stm32h7xx_hal_gpio.c...
compiling stm32h7xx_hal_hsem.c...
compiling stm32h7xx_hal_flash_ex.c...
compiling stm32h7xx_hal_rcc.c...
compiling stm32h7xx_hal_rcc_ex.c...
compiling stm32h7xx_hal_pwr.c...
compiling stm32h7xx_hal_dma_ex.c...
compiling stm32h7xx_hal_pwr_ex.c...
compiling stm32h7xx_hal.c...
compiling stm32h7xx_hal_mdma.c...
compiling stm32h7xx_hal_dma.c...
compiling stm32h7xx_hal_i2c_ex.c...
compiling stm32h7xx_hal_exti.c...
compiling stm32h7xx_hal_spi_ex.c...
compiling stm32h7xx_hal_ospi.c...
compiling stm32h7xx_hal_fdcan.c...
compiling stm32h7xx_hal_spi.c...
compiling stm32h7xx_hal_i2c.c...
compiling stm32h7xx_hal_uart_ex.c...
compiling stm32h7xx_hal_tim_ex.c...
compiling stm32h7xx_hal_pcd_ex.c...
compiling stm32h7xx_hal_uart.c...
compiling stm32h7xx_hal_pcd.c...
compiling system_stm32h7xx.c...
compiling led_bsp.c...
compiling can_bsp.c...
compiling retarget_io.c...
compiling stm32h7xx_hal_tim.c...
compiling stm32h7xx_ll_usb.c...
compiling stdout_evr.c...
compiling dm_drv.c...
compiling EventRecorder.c...
linking...
Program Size: Code=32480 RO-data=980 RW-data=20 ZI-data=7780  
FromELF: creating hex file...
"STM32H7\STM32H7.axf" - 0 Error(s), 0 Warning(s).

<h2>Software Packages used:</h2>

Package Vendor: ARM
                https://www.keil.com/pack/ARM.CMSIS.6.1.0.pack
                ARM::CMSIS@6.1.0
                CMSIS (Common Microcontroller Software Interface Standard)
   * Component: CORE Version: 6.1.0

Package Vendor: ARM
                https://www.keil.com/pack/ARM.CMSIS-Compiler.2.1.0.pack
                ARM::CMSIS-Compiler@2.1.0
                CMSIS Compiler extensions for Arm Compiler, GCC, Clang, and IAR Compiler
   * Component: CORE Version: 1.1.0
   * Component: Event Recorder Version: 1.1.0
   * Component: STDOUT Version: 1.1.0

Package Vendor: ARM
                https://www.keil.com/pack/ARM.CMSIS-View.1.2.0.pack
                ARM::CMSIS-View@1.2.0
                Debugger visualization of software events and statistics
   * Component: Event Recorder Variant: DAP Version: 1.6.0

Package Vendor: Keil
                https://www.keil.com/pack/Keil.STM32H7xx_DFP.4.0.0.pack
                Keil::STM32H7xx_DFP@4.0.0
                STMicroelectronics STM32H7 Series Device Support

<h2>Collection of Component include folders:</h2>
  ./RTE/CMSIS-View
  ./RTE/_STM32H7
  C:/Users/lokes/AppData/Local/Arm/Packs/ARM/CMSIS-Compiler/2.1.0/include
  C:/Users/lokes/AppData/Local/Arm/Packs/ARM/CMSIS-View/1.2.0/EventRecorder/Include
  C:/Users/lokes/AppData/Local/Arm/Packs/ARM/CMSIS/6.1.0/CMSIS/Core/Include

<h2>Collection of Component Files used:</h2>

   * Component: ARM::CMSIS-Compiler:CORE@1.1.0
      Source file:   source/armcc/retarget_io.c

   * Component: ARM::CMSIS-Compiler:STDOUT:Event Recorder@1.1.0
      Source file:   source/stdout_evr.c

   * Component: ARM::CMSIS-View:Event Recorder&DAP@1.6.0
      Source file:   EventRecorder/Source/EventRecorder.c
      Include file:  EventRecorder/Include/EventRecorder.h
      Include file:  EventRecorder/Config/EventRecorderConf.h

   * Component: ARM::CMSIS:CORE@6.1.0
      Include file:  CMSIS/Core/Include/tz_context.h

   * Component: CMSIS-Compiler:STDOUT(API)@1.1.0
      Include file:  include/retarget_stdout.h
Build Time Elapsed:  00:00:10
</pre>
</body>
</html>
