Component: ARM Compiler 5.06 update 7 (build 960) Tool: armlink [4d3601]

==============================================================================

Section Cross References

    startup_stm32h723xx.o(RESET) refers to startup_stm32h723xx.o(STACK) for __initial_sp
    startup_stm32h723xx.o(RESET) refers to startup_stm32h723xx.o(.text) for Reset_Handler
    startup_stm32h723xx.o(RESET) refers to stm32h7xx_it.o(i.NMI_Handler) for NMI_Handler
    startup_stm32h723xx.o(RESET) refers to stm32h7xx_it.o(i.HardFault_Handler) for HardFault_Handler
    startup_stm32h723xx.o(RESET) refers to stm32h7xx_it.o(i.MemManage_Handler) for MemManage_Handler
    startup_stm32h723xx.o(RESET) refers to stm32h7xx_it.o(i.BusFault_Handler) for BusFault_Handler
    startup_stm32h723xx.o(RESET) refers to stm32h7xx_it.o(i.UsageFault_Handler) for UsageFault_Handler
    startup_stm32h723xx.o(RESET) refers to stm32h7xx_it.o(i.SVC_Handler) for SVC_Handler
    startup_stm32h723xx.o(RESET) refers to stm32h7xx_it.o(i.DebugMon_Handler) for DebugMon_Handler
    startup_stm32h723xx.o(RESET) refers to stm32h7xx_it.o(i.PendSV_Handler) for PendSV_Handler
    startup_stm32h723xx.o(RESET) refers to stm32h7xx_it.o(i.SysTick_Handler) for SysTick_Handler
    startup_stm32h723xx.o(RESET) refers to stm32h7xx_it.o(i.FDCAN1_IT0_IRQHandler) for FDCAN1_IT0_IRQHandler
    startup_stm32h723xx.o(RESET) refers to stm32h7xx_it.o(i.FDCAN2_IT0_IRQHandler) for FDCAN2_IT0_IRQHandler
    startup_stm32h723xx.o(RESET) refers to stm32h7xx_it.o(i.TIM2_IRQHandler) for TIM2_IRQHandler
    startup_stm32h723xx.o(.text) refers to system_stm32h7xx.o(i.SystemInit) for SystemInit
    startup_stm32h723xx.o(.text) refers to entry.o(.ARM.Collect$$$$00000000) for __main
    main.o(i.SystemClock_Config) refers to memseta.o(.text) for __aeabi_memclr4
    main.o(i.SystemClock_Config) refers to stm32h7xx_hal_pwr_ex.o(i.HAL_PWREx_ConfigSupply) for HAL_PWREx_ConfigSupply
    main.o(i.SystemClock_Config) refers to stm32h7xx_hal_rcc.o(i.HAL_RCC_OscConfig) for HAL_RCC_OscConfig
    main.o(i.SystemClock_Config) refers to main.o(i.Error_Handler) for Error_Handler
    main.o(i.SystemClock_Config) refers to stm32h7xx_hal_rcc.o(i.HAL_RCC_ClockConfig) for HAL_RCC_ClockConfig
    main.o(i.SystemClock_Config) refers to stm32h7xx_hal_rcc.o(i.HAL_RCC_MCOConfig) for HAL_RCC_MCOConfig
    main.o(i.main) refers to stm32h7xx_hal.o(i.HAL_Init) for HAL_Init
    main.o(i.main) refers to main.o(i.SystemClock_Config) for SystemClock_Config
    main.o(i.main) refers to gpio.o(i.MX_GPIO_Init) for MX_GPIO_Init
    main.o(i.main) refers to dcmi.o(i.MX_DCMI_Init) for MX_DCMI_Init
    main.o(i.main) refers to fdcan.o(i.MX_FDCAN1_Init) for MX_FDCAN1_Init
    main.o(i.main) refers to fdcan.o(i.MX_FDCAN3_Init) for MX_FDCAN3_Init
    main.o(i.main) refers to i2c.o(i.MX_I2C1_Init) for MX_I2C1_Init
    main.o(i.main) refers to octospi.o(i.MX_OCTOSPI1_Init) for MX_OCTOSPI1_Init
    main.o(i.main) refers to spi.o(i.MX_SPI1_Init) for MX_SPI1_Init
    main.o(i.main) refers to spi.o(i.MX_SPI2_Init) for MX_SPI2_Init
    main.o(i.main) refers to spi.o(i.MX_SPI3_Init) for MX_SPI3_Init
    main.o(i.main) refers to tim.o(i.MX_TIM1_Init) for MX_TIM1_Init
    main.o(i.main) refers to usart.o(i.MX_UART7_Init) for MX_UART7_Init
    main.o(i.main) refers to usart.o(i.MX_UART9_Init) for MX_UART9_Init
    main.o(i.main) refers to usart.o(i.MX_USART1_UART_Init) for MX_USART1_UART_Init
    main.o(i.main) refers to usart.o(i.MX_USART2_UART_Init) for MX_USART2_UART_Init
    main.o(i.main) refers to usart.o(i.MX_USART3_UART_Init) for MX_USART3_UART_Init
    main.o(i.main) refers to usart.o(i.MX_USART10_UART_Init) for MX_USART10_UART_Init
    main.o(i.main) refers to usb_otg.o(i.MX_USB_OTG_HS_PCD_Init) for MX_USB_OTG_HS_PCD_Init
    main.o(i.main) refers to fdcan.o(i.MX_FDCAN2_Init) for MX_FDCAN2_Init
    main.o(i.main) refers to tim.o(i.MX_TIM2_Init) for MX_TIM2_Init
    main.o(i.main) refers to stm32h7xx_hal_gpio.o(i.HAL_GPIO_WritePin) for HAL_GPIO_WritePin
    main.o(i.main) refers to stm32h7xx_hal.o(i.HAL_Delay) for HAL_Delay
    main.o(i.main) refers to can_bsp.o(i.FDCAN1_Config) for FDCAN1_Config
    main.o(i.main) refers to can_bsp.o(i.FDCAN2_Config) for FDCAN2_Config
    main.o(i.main) refers to dm4310_drv.o(i.joint_motor_init) for joint_motor_init
    main.o(i.main) refers to dm4310_drv.o(i.enable_motor_mode) for enable_motor_mode
    main.o(i.main) refers to stm32h7xx_hal_tim.o(i.HAL_TIM_Base_Start_IT) for HAL_TIM_Base_Start_IT
    main.o(i.main) refers to dm4310_drv.o(i.mit_ctrl) for mit_ctrl
    main.o(i.main) refers to main.o(.bss) for motor
    main.o(i.main) refers to fdcan.o(.bss) for hfdcan1
    main.o(i.main) refers to tim.o(.bss) for htim2
    gpio.o(i.MX_GPIO_Init) refers to memseta.o(.text) for __aeabi_memclr4
    gpio.o(i.MX_GPIO_Init) refers to stm32h7xx_hal_gpio.o(i.HAL_GPIO_WritePin) for HAL_GPIO_WritePin
    gpio.o(i.MX_GPIO_Init) refers to stm32h7xx_hal_gpio.o(i.HAL_GPIO_Init) for HAL_GPIO_Init
[...]
    i.FDCAN1_Config                          0x08000420   Section        0  can_bsp.o(i.FDCAN1_Config)
    i.FDCAN1_IT0_IRQHandler                  0x08000480   Section        0  stm32h7xx_it.o(i.FDCAN1_IT0_IRQHandler)
    i.FDCAN2_Config                          0x08000490   Section        0  can_bsp.o(i.FDCAN2_Config)
    i.FDCAN2_IT0_IRQHandler                  0x080004f0   Section        0  stm32h7xx_it.o(i.FDCAN2_IT0_IRQHandler)
    i.FDCAN_CalcultateRamBlockAddresses      0x08000500   Section        0  stm32h7xx_hal_fdcan.o(i.FDCAN_CalcultateRamBlockAddresses)
    FDCAN_CalcultateRamBlockAddresses        0x08000501   Thumb Code   536  stm32h7xx_hal_fdcan.o(i.FDCAN_CalcultateRamBlockAddresses)
    i.FDCAN_CopyMessageToRAM                 0x08000720   Section        0  stm32h7xx_hal_fdcan.o(i.FDCAN_CopyMessageToRAM)
    FDCAN_CopyMessageToRAM                   0x08000721   Thumb Code   206  stm32h7xx_hal_fdcan.o(i.FDCAN_CopyMessageToRAM)
    i.HAL_DCMI_Init                          0x080007f4   Section        0  stm32h7xx_hal_dcmi.o(i.HAL_DCMI_Init)
    i.HAL_DCMI_MspInit                       0x08000894   Section        0  dcmi.o(i.HAL_DCMI_MspInit)
    i.HAL_Delay                              0x080009f4   Section        0  stm32h7xx_hal.o(i.HAL_Delay)
    i.HAL_FDCAN_ActivateNotification         0x08000a1c   Section        0  stm32h7xx_hal_fdcan.o(i.HAL_FDCAN_ActivateNotification)
    i.HAL_FDCAN_AddMessageToTxFifoQ          0x08000ac4   Section        0  stm32h7xx_hal_fdcan.o(i.HAL_FDCAN_AddMessageToTxFifoQ)
    i.HAL_FDCAN_ClockCalibrationCallback     0x08000b54   Section        0  stm32h7xx_hal_fdcan.o(i.HAL_FDCAN_ClockCalibrationCallback)
    i.HAL_FDCAN_ConfigFilter                 0x08000b56   Section        0  stm32h7xx_hal_fdcan.o(i.HAL_FDCAN_ConfigFilter)
    i.HAL_FDCAN_ConfigGlobalFilter           0x08000bfe   Section        0  stm32h7xx_hal_fdcan.o(i.HAL_FDCAN_ConfigGlobalFilter)
    i.HAL_FDCAN_ErrorCallback                0x08000c32   Section        0  stm32h7xx_hal_fdcan.o(i.HAL_FDCAN_ErrorCallback)
    i.HAL_FDCAN_ErrorStatusCallback          0x08000c34   Section        0  stm32h7xx_hal_fdcan.o(i.HAL_FDCAN_ErrorStatusCallback)
    i.HAL_FDCAN_GetRxMessage                 0x08000c38   Section        0  stm32h7xx_hal_fdcan.o(i.HAL_FDCAN_GetRxMessage)
    i.HAL_FDCAN_HighPriorityMessageCallback  0x08000e2c   Section        0  stm32h7xx_hal_fdcan.o(i.HAL_FDCAN_HighPriorityMessageCallback)
    i.HAL_FDCAN_IRQHandler                   0x08000e30   Section        0  stm32h7xx_hal_fdcan.o(i.HAL_FDCAN_IRQHandler)
    i.HAL_FDCAN_Init                         0x08001204   Section        0  stm32h7xx_hal_fdcan.o(i.HAL_FDCAN_Init)
    i.HAL_FDCAN_MspInit                      0x080014e4   Section        0  fdcan.o(i.HAL_FDCAN_MspInit)
    i.HAL_FDCAN_RxBufferNewMessageCallback   0x080016e0   Section        0  stm32h7xx_hal_fdcan.o(i.HAL_FDCAN_RxBufferNewMessageCallback)
    i.HAL_FDCAN_RxFifo0Callback              0x080016e4   Section        0  can_bsp.o(i.HAL_FDCAN_RxFifo0Callback)
    i.HAL_FDCAN_RxFifo1Callback              0x08001738   Section        0  can_bsp.o(i.HAL_FDCAN_RxFifo1Callback)
    i.HAL_FDCAN_Start                        0x0800178c   Section        0  stm32h7xx_hal_fdcan.o(i.HAL_FDCAN_Start)
    i.HAL_FDCAN_TT_GlobalTimeCallback        0x080017c0   Section        0  stm32h7xx_hal_fdcan.o(i.HAL_FDCAN_TT_GlobalTimeCallback)
    i.HAL_FDCAN_TT_ScheduleSyncCallback      0x080017c2   Section        0  stm32h7xx_hal_fdcan.o(i.HAL_FDCAN_TT_ScheduleSyncCallback)
    i.HAL_FDCAN_TT_StopWatchCallback         0x080017c4   Section        0  stm32h7xx_hal_fdcan.o(i.HAL_FDCAN_TT_StopWatchCallback)
    i.HAL_FDCAN_TT_TimeMarkCallback          0x080017c6   Section        0  stm32h7xx_hal_fdcan.o(i.HAL_FDCAN_TT_TimeMarkCallback)
    i.HAL_FDCAN_TimeoutOccurredCallback      0x080017c8   Section        0  stm32h7xx_hal_fdcan.o(i.HAL_FDCAN_TimeoutOccurredCallback)
    i.HAL_FDCAN_TimestampWraparoundCallback  0x080017ca   Section        0  stm32h7xx_hal_fdcan.o(i.HAL_FDCAN_TimestampWraparoundCallback)
    i.HAL_FDCAN_TxBufferAbortCallback        0x080017cc   Section        0  stm32h7xx_hal_fdcan.o(i.HAL_FDCAN_TxBufferAbortCallback)
    i.HAL_FDCAN_TxBufferCompleteCallback     0x080017ce   Section        0  stm32h7xx_hal_fdcan.o(i.HAL_FDCAN_TxBufferCompleteCallback)
    i.HAL_FDCAN_TxEventFifoCallback          0x080017d0   Section        0  stm32h7xx_hal_fdcan.o(i.HAL_FDCAN_TxEventFifoCallback)
    i.HAL_FDCAN_TxFifoEmptyCallback          0x080017d2   Section        0  stm32h7xx_hal_fdcan.o(i.HAL_FDCAN_TxFifoEmptyCallback)
    i.HAL_GPIO_Init                          0x080017d4   Section        0  stm32h7xx_hal_gpio.o(i.HAL_GPIO_Init)
    i.HAL_GPIO_WritePin                      0x080019c4   Section        0  stm32h7xx_hal_gpio.o(i.HAL_GPIO_WritePin)
    i.HAL_GetTick                            0x080019d0   Section        0  stm32h7xx_hal.o(i.HAL_GetTick)
    i.HAL_I2CEx_ConfigAnalogFilter           0x080019dc   Section        0  stm32h7xx_hal_i2c_ex.o(i.HAL_I2CEx_ConfigAnalogFilter)
    i.HAL_I2CEx_ConfigDigitalFilter          0x08001a46   Section        0  stm32h7xx_hal_i2c_ex.o(i.HAL_I2CEx_ConfigDigitalFilter)
    i.HAL_I2C_Init                           0x08001ab0   Section        0  stm32h7xx_hal_i2c.o(i.HAL_I2C_Init)
    i.HAL_I2C_MspInit                        0x08001b74   Section        0  i2c.o(i.HAL_I2C_MspInit)
    i.HAL_IncTick                            0x08001c14   Section        0  stm32h7xx_hal.o(i.HAL_IncTick)
    i.HAL_Init                               0x08001c2c   Section        0  stm32h7xx_hal.o(i.HAL_Init)
    i.HAL_InitTick                           0x08001c8c   Section        0  stm32h7xx_hal.o(i.HAL_InitTick)
    i.HAL_MspInit                            0x08001ce4   Section        0  stm32h7xx_hal_msp.o(i.HAL_MspInit)
    i.HAL_NVIC_EnableIRQ                     0x08001d08   Section        0  stm32h7xx_hal_cortex.o(i.HAL_NVIC_EnableIRQ)
    i.HAL_NVIC_SetPriority                   0x08001d30   Section        0  stm32h7xx_hal_cortex.o(i.HAL_NVIC_SetPriority)
    i.HAL_NVIC_SetPriorityGrouping           0x08001dac   Section        0  stm32h7xx_hal_cortex.o(i.HAL_NVIC_SetPriorityGrouping)
    i.HAL_OSPIM_Config                       0x08001dd4   Section        0  stm32h7xx_hal_ospi.o(i.HAL_OSPIM_Config)
    i.HAL_OSPI_Init                          0x080024cc   Section        0  stm32h7xx_hal_ospi.o(i.HAL_OSPI_Init)
    i.HAL_OSPI_MspInit                       0x080025dc   Section        0  octospi.o(i.HAL_OSPI_MspInit)
    i.HAL_OSPI_SetTimeout                    0x08002780   Section        0  stm32h7xx_hal_ospi.o(i.HAL_OSPI_SetTimeout)
    i.HAL_PCDEx_ActivateLPM                  0x08002788   Section        0  stm32h7xx_hal_pcd_ex.o(i.HAL_PCDEx_ActivateLPM)
    i.HAL_PCD_Init                           0x080027b0   Section        0  stm32h7xx_hal_pcd.o(i.HAL_PCD_Init)
    i.HAL_PCD_MspInit                        0x08002924   Section        0  usb_otg.o(i.HAL_PCD_MspInit)
    i.HAL_PWREx_ConfigSupply                 0x08002984   Section        0  stm32h7xx_hal_pwr_ex.o(i.HAL_PWREx_ConfigSupply)
    i.HAL_PWREx_EnableUSBVoltageDetector     0x080029e4   Section        0  stm32h7xx_hal_pwr_ex.o(i.HAL_PWREx_EnableUSBVoltageDetector)
    i.HAL_RCCEx_GetD3PCLK1Freq               0x080029f8   Section        0  stm32h7xx_hal_rcc_ex.o(i.HAL_RCCEx_GetD3PCLK1Freq)
    i.HAL_RCCEx_GetPLL2ClockFreq             0x08002a1c   Section        0  stm32h7xx_hal_rcc_ex.o(i.HAL_RCCEx_GetPLL2ClockFreq)
    i.HAL_RCCEx_GetPLL3ClockFreq             0x08002c4c   Section        0  stm32h7xx_hal_rcc_ex.o(i.HAL_RCCEx_GetPLL3ClockFreq)
    i.HAL_RCCEx_PeriphCLKConfig              0x08002e7c   Section        0  stm32h7xx_hal_rcc_ex.o(i.HAL_RCCEx_PeriphCLKConfig)
    i.HAL_RCC_ClockConfig                    0x08003b44   Section        0  stm32h7xx_hal_rcc.o(i.HAL_RCC_ClockConfig)
    i.HAL_RCC_GetHCLKFreq                    0x08003e64   Section        0  stm32h7xx_hal_rcc.o(i.HAL_RCC_GetHCLKFreq)
    i.HAL_RCC_GetPCLK1Freq                   0x08003eb0   Section        0  stm32h7xx_hal_rcc.o(i.HAL_RCC_GetPCLK1Freq)
    i.HAL_RCC_GetPCLK2Freq                   0x08003ed4   Section        0  stm32h7xx_hal_rcc.o(i.HAL_RCC_GetPCLK2Freq)
    i.HAL_RCC_GetSysClockFreq                0x08003ef8   Section        0  stm32h7xx_hal_rcc.o(i.HAL_RCC_GetSysClockFreq)
    i.HAL_RCC_MCOConfig                      0x08004124   Section        0  stm32h7xx_hal_rcc.o(i.HAL_RCC_MCOConfig)
    i.HAL_RCC_OscConfig                      0x080041e0   Section        0  stm32h7xx_hal_rcc.o(i.HAL_RCC_OscConfig)
    i.HAL_RS485Ex_Init                       0x0800493c   Section        0  stm32h7xx_hal_uart_ex.o(i.HAL_RS485Ex_Init)
    i.HAL_SPI_Init                           0x080049d4   Section        0  stm32h7xx_hal_spi.o(i.HAL_SPI_Init)
    i.HAL_SPI_MspInit                        0x08004b84   Section        0  spi.o(i.HAL_SPI_MspInit)
    i.HAL_SYSTICK_Config                     0x08004d90   Section        0  stm32h7xx_hal_cortex.o(i.HAL_SYSTICK_Config)
    i.HAL_TIMEx_Break2Callback               0x08004dc4   Section        0  stm32h7xx_hal_tim_ex.o(i.HAL_TIMEx_Break2Callback)
    i.HAL_TIMEx_BreakCallback                0x08004dc6   Section        0  stm32h7xx_hal_tim_ex.o(i.HAL_TIMEx_BreakCallback)
    i.HAL_TIMEx_CommutCallback               0x08004dc8   Section        0  stm32h7xx_hal_tim_ex.o(i.HAL_TIMEx_CommutCallback)
    i.HAL_TIMEx_ConfigBreakDeadTime          0x08004dcc   Section        0  stm32h7xx_hal_tim_ex.o(i.HAL_TIMEx_ConfigBreakDeadTime)
    i.HAL_TIMEx_MasterConfigSynchronization  0x08004eb4   Section        0  stm32h7xx_hal_tim_ex.o(i.HAL_TIMEx_MasterConfigSynchronization)
    i.HAL_TIM_Base_Init                      0x08004f98   Section        0  stm32h7xx_hal_tim.o(i.HAL_TIM_Base_Init)
    i.HAL_TIM_Base_MspInit                   0x08005008   Section        0  tim.o(i.HAL_TIM_Base_MspInit)
    i.HAL_TIM_Base_Start_IT                  0x08005090   Section        0  stm32h7xx_hal_tim.o(i.HAL_TIM_Base_Start_IT)
    i.HAL_TIM_ConfigClockSource              0x0800515c   Section        0  stm32h7xx_hal_tim.o(i.HAL_TIM_ConfigClockSource)
    i.HAL_TIM_IC_CaptureCallback             0x08005290   Section        0  stm32h7xx_hal_tim.o(i.HAL_TIM_IC_CaptureCallback)
    i.HAL_TIM_IRQHandler                     0x08005292   Section        0  stm32h7xx_hal_tim.o(i.HAL_TIM_IRQHandler)
    i.HAL_TIM_MspPostInit                    0x0800544c   Section        0  tim.o(i.HAL_TIM_MspPostInit)
    i.HAL_TIM_OC_DelayElapsedCallback        0x080054ac   Section        0  stm32h7xx_hal_tim.o(i.HAL_TIM_OC_DelayElapsedCallback)
    i.HAL_TIM_PWM_ConfigChannel              0x080054ae   Section        0  stm32h7xx_hal_tim.o(i.HAL_TIM_PWM_ConfigChannel)
    i.HAL_TIM_PWM_Init                       0x0800561e   Section        0  stm32h7xx_hal_tim.o(i.HAL_TIM_PWM_Init)
    i.HAL_TIM_PWM_MspInit                    0x0800568c   Section        0  tim.o(i.HAL_TIM_PWM_MspInit)
    i.HAL_TIM_PWM_PulseFinishedCallback      0x0800570c   Section        0  stm32h7xx_hal_tim.o(i.HAL_TIM_PWM_PulseFinishedCallback)
    i.HAL_TIM_PeriodElapsedCallback          0x0800570e   Section        0  stm32h7xx_hal_tim.o(i.HAL_TIM_PeriodElapsedCallback)
    i.HAL_TIM_TriggerCallback                0x08005710   Section        0  stm32h7xx_hal_tim.o(i.HAL_TIM_TriggerCallback)
    i.HAL_UARTEx_DisableFifoMode             0x08005712   Section        0  stm32h7xx_hal_uart_ex.o(i.HAL_UARTEx_DisableFifoMode)
    i.HAL_UARTEx_SetRxFifoThreshold          0x08005760   Section        0  stm32h7xx_hal_uart_ex.o(i.HAL_UARTEx_SetRxFifoThreshold)
    i.HAL_UARTEx_SetTxFifoThreshold          0x080057be   Section        0  stm32h7xx_hal_uart_ex.o(i.HAL_UARTEx_SetTxFifoThreshold)
    i.HAL_UART_Init                          0x0800581c   Section        0  stm32h7xx_hal_uart.o(i.HAL_UART_Init)
    i.HAL_UART_MspInit                       0x08005894   Section        0  usart.o(i.HAL_UART_MspInit)
    i.HardFault_Handler                      0x08005c04   Section        0  stm32h7xx_it.o(i.HardFault_Handler)
    i.MX_DCMI_Init                           0x08005c08   Section        0  dcmi.o(i.MX_DCMI_Init)
    i.MX_FDCAN1_Init                         0x08005c40   Section        0  fdcan.o(i.MX_FDCAN1_Init)
    i.MX_FDCAN2_Init                         0x08005cc4   Section        0  fdcan.o(i.MX_FDCAN2_Init)
    i.MX_FDCAN3_Init                         0x08005d44   Section        0  fdcan.o(i.MX_FDCAN3_Init)
    i.MX_GPIO_Init                           0x08005db4   Section        0  gpio.o(i.MX_GPIO_Init)
    i.MX_I2C1_Init                           0x08006038   Section        0  i2c.o(i.MX_I2C1_Init)
    i.MX_OCTOSPI1_Init                       0x08006090   Section        0  octospi.o(i.MX_OCTOSPI1_Init)
    i.MX_SPI1_Init                           0x08006108   Section        0  spi.o(i.MX_SPI1_Init)
    i.MX_SPI2_Init                           0x08006168   Section        0  spi.o(i.MX_SPI2_Init)
    i.MX_SPI3_Init                           0x080061c8   Section        0  spi.o(i.MX_SPI3_Init)
    i.MX_TIM1_Init                           0x08006228   Section        0  tim.o(i.MX_TIM1_Init)
    i.MX_TIM2_Init                           0x080062e8   Section        0  tim.o(i.MX_TIM2_Init)
    i.MX_UART7_Init                          0x08006354   Section        0  usart.o(i.MX_UART7_Init)
    i.MX_UART9_Init                          0x080063c0   Section        0  usart.o(i.MX_UART9_Init)
    i.MX_USART10_UART_Init                   0x0800642c   Section        0  usart.o(i.MX_USART10_UART_Init)
    i.MX_USART1_UART_Init                    0x08006498   Section        0  usart.o(i.MX_USART1_UART_Init)
    i.MX_USART2_UART_Init                    0x08006504   Section        0  usart.o(i.MX_USART2_UART_Init)
    i.MX_USART3_UART_Init                    0x08006574   Section        0  usart.o(i.MX_USART3_UART_Init)
    i.MX_USB_OTG_HS_PCD_Init                 0x080065e4   Section        0  usb_otg.o(i.MX_USB_OTG_HS_PCD_Init)
    i.MemManage_Handler                      0x08006620   Section        0  stm32h7xx_it.o(i.MemManage_Handler)
    i.NMI_Handler                            0x08006624   Section        0  stm32h7xx_it.o(i.NMI_Handler)
    i.OSPIM_GetConfig                        0x08006628   Section        0  stm32h7xx_hal_ospi.o(i.OSPIM_GetConfig)
    OSPIM_GetConfig                          0x08006629   Thumb Code   224  stm32h7xx_hal_ospi.o(i.OSPIM_GetConfig)
    i.OSPI_WaitFlagStateUntilTimeout         0x08006710   Section        0  stm32h7xx_hal_ospi.o(i.OSPI_WaitFlagStateUntilTimeout)
    OSPI_WaitFlagStateUntilTimeout           0x08006711   Thumb Code    76  stm32h7xx_hal_ospi.o(i.OSPI_WaitFlagStateUntilTimeout)
    i.PendSV_Handler                         0x0800675c   Section        0  stm32h7xx_it.o(i.PendSV_Handler)
    i.RCCEx_PLL2_Config                      0x08006760   Section        0  stm32h7xx_hal_rcc_ex.o(i.RCCEx_PLL2_Config)
    RCCEx_PLL2_Config                        0x08006761   Thumb Code   350  stm32h7xx_hal_rcc_ex.o(i.RCCEx_PLL2_Config)
    i.RCCEx_PLL3_Config                      0x080068c4   Section        0  stm32h7xx_hal_rcc_ex.o(i.RCCEx_PLL3_Config)
    RCCEx_PLL3_Config                        0x080068c5   Thumb Code   350  stm32h7xx_hal_rcc_ex.o(i.RCCEx_PLL3_Config)
    i.SPI_GetPacketSize                      0x08006a28   Section        0  stm32h7xx_hal_spi.o(i.SPI_GetPacketSize)
    SPI_GetPacketSize                        0x08006a29   Thumb Code    26  stm32h7xx_hal_spi.o(i.SPI_GetPacketSize)
    i.SVC_Handler                            0x08006a42   Section        0  stm32h7xx_it.o(i.SVC_Handler)
    i.SysTick_Handler                        0x08006a44   Section        0  stm32h7xx_it.o(i.SysTick_Handler)
    i.SystemClock_Config                     0x08006a4c   Section        0  main.o(i.SystemClock_Config)
    i.SystemInit                             0x08006b18   Section        0  system_stm32h7xx.o(i.SystemInit)
    i.TIM2_IRQHandler                        0x08006bf8   Section        0  stm32h7xx_it.o(i.TIM2_IRQHandler)
    i.TIM_Base_SetConfig                     0x08006c08   Section        0  stm32h7xx_hal_tim.o(i.TIM_Base_SetConfig)
    i.TIM_ETR_SetConfig                      0x08006ce8   Section        0  stm32h7xx_hal_tim.o(i.TIM_ETR_SetConfig)
    i.TIM_ITRx_SetConfig                     0x08006d00   Section        0  stm32h7xx_hal_tim.o(i.TIM_ITRx_SetConfig)
    TIM_ITRx_SetConfig                       0x08006d01   Thumb Code    18  stm32h7xx_hal_tim.o(i.TIM_ITRx_SetConfig)
    i.TIM_OC1_SetConfig                      0x08006d18   Section        0  stm32h7xx_hal_tim.o(i.TIM_OC1_SetConfig)
    TIM_OC1_SetConfig                        0x08006d19   Thumb Code   146  stm32h7xx_hal_tim.o(i.TIM_OC1_SetConfig)
    i.TIM_OC2_SetConfig                      0x08006dc4   Section        0  stm32h7xx_hal_tim.o(i.TIM_OC2_SetConfig)
    i.TIM_OC3_SetConfig                      0x08006e78   Section        0  stm32h7xx_hal_tim.o(i.TIM_OC3_SetConfig)
    TIM_OC3_SetConfig                        0x08006e79   Thumb Code   154  stm32h7xx_hal_tim.o(i.TIM_OC3_SetConfig)
    i.TIM_OC4_SetConfig                      0x08006f2c   Section        0  stm32h7xx_hal_tim.o(i.TIM_OC4_SetConfig)
    TIM_OC4_SetConfig                        0x08006f2d   Thumb Code    92  stm32h7xx_hal_tim.o(i.TIM_OC4_SetConfig)
    i.TIM_OC5_SetConfig                      0x08006fa0   Section        0  stm32h7xx_hal_tim.o(i.TIM_OC5_SetConfig)
    TIM_OC5_SetConfig                        0x08006fa1   Thumb Code    86  stm32h7xx_hal_tim.o(i.TIM_OC5_SetConfig)
    i.TIM_OC6_SetConfig                      0x08007010   Section        0  stm32h7xx_hal_tim.o(i.TIM_OC6_SetConfig)
    TIM_OC6_SetConfig                        0x08007011   Thumb Code    88  stm32h7xx_hal_tim.o(i.TIM_OC6_SetConfig)
    i.TIM_TI1_ConfigInputStage               0x08007080   Section        0  stm32h7xx_hal_tim.o(i.TIM_TI1_ConfigInputStage)
    TIM_TI1_ConfigInputStage                 0x08007081   Thumb Code    38  stm32h7xx_hal_tim.o(i.TIM_TI1_ConfigInputStage)
    i.TIM_TI2_ConfigInputStage               0x080070a6   Section        0  stm32h7xx_hal_tim.o(i.TIM_TI2_ConfigInputStage)
    TIM_TI2_ConfigInputStage                 0x080070a7   Thumb Code    40  stm32h7xx_hal_tim.o(i.TIM_TI2_ConfigInputStage)
    i.UARTEx_SetNbDataToProcess              0x080070d0   Section        0  stm32h7xx_hal_uart_ex.o(i.UARTEx_SetNbDataToProcess)
    UARTEx_SetNbDataToProcess                0x080070d1   Thumb Code    78  stm32h7xx_hal_uart_ex.o(i.UARTEx_SetNbDataToProcess)
    i.UART_AdvFeatureConfig                  0x08007128   Section        0  stm32h7xx_hal_uart.o(i.UART_AdvFeatureConfig)
    i.UART_CheckIdleState                    0x08007220   Section        0  stm32h7xx_hal_uart.o(i.UART_CheckIdleState)
    i.UART_EndRxTransfer                     0x0800730c   Section        0  stm32h7xx_hal_uart.o(i.UART_EndRxTransfer)
    UART_EndRxTransfer                       0x0800730d   Thumb Code   104  stm32h7xx_hal_uart.o(i.UART_EndRxTransfer)
    i.UART_SetConfig                         0x08007378   Section        0  stm32h7xx_hal_uart.o(i.UART_SetConfig)
    i.UART_WaitOnFlagUntilTimeout            0x080079a0   Section        0  stm32h7xx_hal_uart.o(i.UART_WaitOnFlagUntilTimeout)
    i.USB_CoreInit                           0x08007a44   Section        0  stm32h7xx_ll_usb.o(i.USB_CoreInit)
    i.USB_CoreReset                          0x08007adc   Section        0  stm32h7xx_ll_usb.o(i.USB_CoreReset)
    USB_CoreReset                            0x08007add   Thumb Code    84  stm32h7xx_ll_usb.o(i.USB_CoreReset)
    i.USB_DevDisconnect                      0x08007b34   Section        0  stm32h7xx_ll_usb.o(i.USB_DevDisconnect)
    i.USB_DevInit                            0x08007b58   Section        0  stm32h7xx_ll_usb.o(i.USB_DevInit)
    i.USB_DisableGlobalInt                   0x08007d30   Section        0  stm32h7xx_ll_usb.o(i.USB_DisableGlobalInt)
    i.USB_FlushRxFifo                        0x08007d40   Section        0  stm32h7xx_ll_usb.o(i.USB_FlushRxFifo)
    i.USB_FlushTxFifo                        0x08007d94   Section        0  stm32h7xx_ll_usb.o(i.USB_FlushTxFifo)
    i.USB_GetMode                            0x08007dec   Section        0  stm32h7xx_ll_usb.o(i.USB_GetMode)
    i.USB_SetCurrentMode                     0x08007df6   Section        0  stm32h7xx_ll_usb.o(i.USB_SetCurrentMode)
    i.USB_SetDevSpeed                        0x08007e5e   Section        0  stm32h7xx_ll_usb.o(i.USB_SetDevSpeed)
    i.UsageFault_Handler                     0x08007e70   Section        0  stm32h7xx_it.o(i.UsageFault_Handler)
    i.__NVIC_GetPriorityGrouping             0x08007e74   Section        0  stm32h7xx_hal_cortex.o(i.__NVIC_GetPriorityGrouping)
    __NVIC_GetPriorityGrouping               0x08007e75   Thumb Code    10  stm32h7xx_hal_cortex.o(i.__NVIC_GetPriorityGrouping)
    i.__NVIC_SetPriority                     0x08007e84   Section        0  stm32h7xx_hal_cortex.o(i.__NVIC_SetPriority)
    __NVIC_SetPriority                       0x08007e85   Thumb Code    32  stm32h7xx_hal_cortex.o(i.__NVIC_SetPriority)
    i.__scatterload_copy                     0x08007eac   Section       14  handlers.o(i.__scatterload_copy)
    i.__scatterload_null                     0x08007eba   Section        2  handlers.o(i.__scatterload_null)
    i.__scatterload_zeroinit                 0x08007ebc   Section       14  handlers.o(i.__scatterload_zeroinit)
    i.canx_send_data                         0x08007eca   Section        0  can_bsp.o(i.canx_send_data)
    i.dm4310_fbdata                          0x08007f4e   Section        0  dm4310_drv.o(i.dm4310_fbdata)
    i.enable_motor_mode                      0x08007fe8   Section        0  dm4310_drv.o(i.enable_motor_mode)
    i.float_to_uint                          0x0800802a   Section        0  dm4310_drv.o(i.float_to_uint)
    i.joint_motor_init                       0x0800805c   Section        0  dm4310_drv.o(i.joint_motor_init)
    i.main                                   0x08008064   Section        0  main.o(i.main)
    i.mit_ctrl                               0x0800814c   Section        0  dm4310_drv.o(i.mit_ctrl)
    i.uint_to_float                          0x0800823c   Section        0  dm4310_drv.o(i.uint_to_float)
    .constdata                               0x08008270   Section       92  stm32h7xx_hal_fdcan.o(.constdata)
    DLCtoBytes                               0x08008270   Data          16  stm32h7xx_hal_fdcan.o(.constdata)
    .constdata                               0x080082cc   Section       24  stm32h7xx_hal_uart.o(.constdata)
    .constdata                               0x080082e4   Section       16  stm32h7xx_hal_uart_ex.o(.constdata)
    numerator                                0x080082e4   Data           8  stm32h7xx_hal_uart_ex.o(.constdata)
    denominator                              0x080082ec   Data           8  stm32h7xx_hal_uart_ex.o(.constdata)
    .constdata                               0x080082f4   Section       16  system_stm32h7xx.o(.constdata)
    .data                                    0x24000000   Section        4  fdcan.o(.data)
    HAL_RCC_FDCAN_CLK_ENABLED                0x24000000   Data           4  fdcan.o(.data)
    .data                                    0x24000004   Section        9  stm32h7xx_hal.o(.data)
    .data                                    0x24000010   Section        8  system_stm32h7xx.o(.data)
    .bss                                     0x24000018   Section       40  main.o(.bss)
    .bss                                     0x24000040   Section       80  dcmi.o(.bss)
    .bss                                     0x24000090   Section      480  fdcan.o(.bss)
    .bss                                     0x24000270   Section       84  i2c.o(.bss)
    .bss                                     0x240002c4   Section       92  octospi.o(.bss)
    .bss                                     0x24000320   Section      408  spi.o(.bss)
    .bss                                     0x240004b8   Section      152  tim.o(.bss)
    .bss                                     0x24000550   Section      888  usart.o(.bss)
    .bss                                     0x240008c8   Section     1292  usb_otg.o(.bss)
    .bss                                     0x24000dd4   Section      208  can_bsp.o(.bss)
    STACK                                    0x24000ea8   Section     1024  startup_stm32h723xx.o(STACK)

    Global Symbols

    Symbol Name                              Value     Ov Type        Size  Object(Section)

    BuildAttributes$$THM_ISAv4$E$P$D$K$B$S$7EM$VFPv5_D16$PE$PLD8$A:L22UL41UL21$X:L11$S22US41US21$IEEE1$IW$USESV6$~STKCKD$USESV7$~SHL$OSPACE$EBA8$MICROLIB$REQ8$PRES8$EABIv2 0x00000000   Number         0  anon$$obj.o ABSOLUTE
    __ARM_use_no_argv                        0x00000000   Number         0  main.o ABSOLUTE
    __arm_fini_                               - Undefined Weak Reference
    __cpp_initialize__aeabi_                  - Undefined Weak Reference
    __cxa_finalize                            - Undefined Weak Reference
    __decompress                              - Undefined Weak Reference
    _clock_init                               - Undefined Weak Reference
    _microlib_exit                            - Undefined Weak Reference
    __Vectors_Size                           0x000002cc   Number         0  startup_stm32h723xx.o ABSOLUTE
    __Vectors                                0x08000000   Data           4  startup_stm32h723xx.o(RESET)
    __Vectors_End                            0x080002cc   Data           0  startup_stm32h723xx.o(RESET)
    __main                                   0x080002cd   Thumb Code     0  entry.o(.ARM.Collect$$$$00000000)
    _main_stk                                0x080002cd   Thumb Code     0  entry2.o(.ARM.Collect$$$$00000001)
    _main_scatterload                        0x080002d1   Thumb Code     0  entry5.o(.ARM.Collect$$$$00000004)
    __main_after_scatterload                 0x080002d5   Thumb Code     0  entry5.o(.ARM.Collect$$$$00000004)
    _main_clock                              0x080002d5   Thumb Code     0  entry7b.o(.ARM.Collect$$$$00000008)
    _main_cpp_init                           0x080002d5   Thumb Code     0  entry8b.o(.ARM.Collect$$$$0000000A)
    _main_init                               0x080002d5   Thumb Code     0  entry9a.o(.ARM.Collect$$$$0000000B)
    __rt_lib_shutdown_fini                   0x080002dd   Thumb Code     0  entry12b.o(.ARM.Collect$$$$0000000E)
    __rt_final_cpp                           0x080002e1   Thumb Code     0  entry10a.o(.ARM.Collect$$$$0000000F)
    __rt_final_exit                          0x080002e1   Thumb Code     0  entry11a.o(.ARM.Collect$$$$00000011)
    Reset_Handler                            0x080002e5   Thumb Code     8  startup_stm32h723xx.o(.text)
    ADC3_IRQHandler                          0x080002ff   Thumb Code     0  startup_stm32h723xx.o(.text)
    ADC_IRQHandler                           0x080002ff   Thumb Code     0  startup_stm32h723xx.o(.text)
    BDMA_Channel0_IRQHandler                 0x080002ff   Thumb Code     0  startup_stm32h723xx.o(.text)
    BDMA_Channel1_IRQHandler                 0x080002ff   Thumb Code     0  startup_stm32h723xx.o(.text)
    BDMA_Channel2_IRQHandler                 0x080002ff   Thumb Code     0  startup_stm32h723xx.o(.text)
    BDMA_Channel3_IRQHandler                 0x080002ff   Thumb Code     0  startup_stm32h723xx.o(.text)
    BDMA_Channel4_IRQHandler                 0x080002ff   Thumb Code     0  startup_stm32h723xx.o(.text)
    BDMA_Channel5_IRQHandler                 0x080002ff   Thumb Code     0  startup_stm32h723xx.o(.text)
    BDMA_Channel6_IRQHandler                 0x080002ff   Thumb Code     0  startup_stm32h723xx.o(.text)
    BDMA_Channel7_IRQHandler                 0x080002ff   Thumb Code     0  startup_stm32h723xx.o(.text)
    CEC_IRQHandler                           0x080002ff   Thumb Code     0  startup_stm32h723xx.o(.text)
    COMP1_IRQHandler                         0x080002ff   Thumb Code     0  startup_stm32h723xx.o(.text)
    CORDIC_IRQHandler                        0x080002ff   Thumb Code     0  startup_stm32h723xx.o(.text)
    CRS_IRQHandler                           0x080002ff   Thumb Code     0  startup_stm32h723xx.o(.text)
    DCMI_PSSI_IRQHandler                     0x080002ff   Thumb Code     0  startup_stm32h723xx.o(.text)
    DFSDM1_FLT0_IRQHandler                   0x080002ff   Thumb Code     0  startup_stm32h723xx.o(.text)
    DFSDM1_FLT1_IRQHandler                   0x080002ff   Thumb Code     0  startup_stm32h723xx.o(.text)
    DFSDM1_FLT2_IRQHandler                   0x080002ff   Thumb Code     0  startup_stm32h723xx.o(.text)
    DFSDM1_FLT3_IRQHandler                   0x080002ff   Thumb Code     0  startup_stm32h723xx.o(.text)
    DMA1_Stream0_IRQHandler                  0x080002ff   Thumb Code     0  startup_stm32h723xx.o(.text)
    DMA1_Stream1_IRQHandler                  0x080002ff   Thumb Code     0  startup_stm32h723xx.o(.text)
    DMA1_Stream2_IRQHandler                  0x080002ff   Thumb Code     0  startup_stm32h723xx.o(.text)
    DMA1_Stream3_IRQHandler                  0x080002ff   Thumb Code     0  startup_stm32h723xx.o(.text)
    DMA1_Stream4_IRQHandler                  0x080002ff   Thumb Code     0  startup_stm32h723xx.o(.text)
    DMA1_Stream5_IRQHandler                  0x080002ff   Thumb Code     0  startup_stm32h723xx.o(.text)
    DMA1_Stream6_IRQHandler                  0x080002ff   Thumb Code     0  startup_stm32h723xx.o(.text)
    DMA1_Stream7_IRQHandler                  0x080002ff   Thumb Code     0  startup_stm32h723xx.o(.text)
    DMA2D_IRQHandler                         0x080002ff   Thumb Code     0  startup_stm32h723xx.o(.text)
    DMA2_Stream0_IRQHandler                  0x080002ff   Thumb Code     0  startup_stm32h723xx.o(.text)
    DMA2_Stream1_IRQHandler                  0x080002ff   Thumb Code     0  startup_stm32h723xx.o(.text)
    DMA2_Stream2_IRQHandler                  0x080002ff   Thumb Code     0  startup_stm32h723xx.o(.text)
    DMA2_Stream3_IRQHandler                  0x080002ff   Thumb Code     0  startup_stm32h723xx.o(.text)
    DMA2_Stream4_IRQHandler                  0x080002ff   Thumb Code     0  startup_stm32h723xx.o(.text)
    DMA2_Stream5_IRQHandler                  0x080002ff   Thumb Code     0  startup_stm32h723xx.o(.text)
    DMA2_Stream6_IRQHandler                  0x080002ff   Thumb Code     0  startup_stm32h723xx.o(.text)
    DMA2_Stream7_IRQHandler                  0x080002ff   Thumb Code     0  startup_stm32h723xx.o(.text)
    DMAMUX1_OVR_IRQHandler                   0x080002ff   Thumb Code     0  startup_stm32h723xx.o(.text)
    DMAMUX2_OVR_IRQHandler                   0x080002ff   Thumb Code     0  startup_stm32h723xx.o(.text)
    DTS_IRQHandler                           0x080002ff   Thumb Code     0  startup_stm32h723xx.o(.text)
    ECC_IRQHandler                           0x080002ff   Thumb Code     0  startup_stm32h723xx.o(.text)
    ETH_IRQHandler                           0x080002ff   Thumb Code     0  startup_stm32h723xx.o(.text)
    ETH_WKUP_IRQHandler                      0x080002ff   Thumb Code     0  startup_stm32h723xx.o(.text)
    EXTI0_IRQHandler                         0x080002ff   Thumb Code     0  startup_stm32h723xx.o(.text)
    EXTI15_10_IRQHandler                     0x080002ff   Thumb Code     0  startup_stm32h723xx.o(.text)
    EXTI1_IRQHandler                         0x080002ff   Thumb Code     0  startup_stm32h723xx.o(.text)
    EXTI2_IRQHandler                         0x080002ff   Thumb Code     0  startup_stm32h723xx.o(.text)
    EXTI3_IRQHandler                         0x080002ff   Thumb Code     0  startup_stm32h723xx.o(.text)
    EXTI4_IRQHandler                         0x080002ff   Thumb Code     0  startup_stm32h723xx.o(.text)
    EXTI9_5_IRQHandler                       0x080002ff   Thumb Code     0  startup_stm32h723xx.o(.text)
    FDCAN1_IT1_IRQHandler                    0x080002ff   Thumb Code     0  startup_stm32h723xx.o(.text)
    FDCAN2_IT1_IRQHandler                    0x080002ff   Thumb Code     0  startup_stm32h723xx.o(.text)
    FDCAN3_IT0_IRQHandler                    0x080002ff   Thumb Code     0  startup_stm32h723xx.o(.text)
    FDCAN3_IT1_IRQHandler                    0x080002ff   Thumb Code     0  startup_stm32h723xx.o(.text)
    FDCAN_CAL_IRQHandler                     0x080002ff   Thumb Code     0  startup_stm32h723xx.o(.text)
    FLASH_IRQHandler                         0x080002ff   Thumb Code     0  startup_stm32h723xx.o(.text)
    FMAC_IRQHandler                          0x080002ff   Thumb Code     0  startup_stm32h723xx.o(.text)
    FMC_IRQHandler                           0x080002ff   Thumb Code     0  startup_stm32h723xx.o(.text)
    FPU_IRQHandler                           0x080002ff   Thumb Code     0  startup_stm32h723xx.o(.text)
    HSEM1_IRQHandler                         0x080002ff   Thumb Code     0  startup_stm32h723xx.o(.text)
    I2C1_ER_IRQHandler                       0x080002ff   Thumb Code     0  startup_stm32h723xx.o(.text)
    I2C1_EV_IRQHandler                       0x080002ff   Thumb Code     0  startup_stm32h723xx.o(.text)
    I2C2_ER_IRQHandler                       0x080002ff   Thumb Code     0  startup_stm32h723xx.o(.text)
    I2C2_EV_IRQHandler                       0x080002ff   Thumb Code     0  startup_stm32h723xx.o(.text)
    I2C3_ER_IRQHandler                       0x080002ff   Thumb Code     0  startup_stm32h723xx.o(.text)
    I2C3_EV_IRQHandler                       0x080002ff   Thumb Code     0  startup_stm32h723xx.o(.text)
    I2C4_ER_IRQHandler                       0x080002ff   Thumb Code     0  startup_stm32h723xx.o(.text)
    I2C4_EV_IRQHandler                       0x080002ff   Thumb Code     0  startup_stm32h723xx.o(.text)
    I2C5_ER_IRQHandler                       0x080002ff   Thumb Code     0  startup_stm32h723xx.o(.text)
    I2C5_EV_IRQHandler                       0x080002ff   Thumb Code     0  startup_stm32h723xx.o(.text)
    LPTIM1_IRQHandler                        0x080002ff   Thumb Code     0  startup_stm32h723xx.o(.text)
    LPTIM2_IRQHandler                        0x080002ff   Thumb Code     0  startup_stm32h723xx.o(.text)
    LPTIM3_IRQHandler                        0x080002ff   Thumb Code     0  startup_stm32h723xx.o(.text)
    LPTIM4_IRQHandler                        0x080002ff   Thumb Code     0  startup_stm32h723xx.o(.text)
    LPTIM5_IRQHandler                        0x080002ff   Thumb Code     0  startup_stm32h723xx.o(.text)
    LPUART1_IRQHandler                       0x080002ff   Thumb Code     0  startup_stm32h723xx.o(.text)
    LTDC_ER_IRQHandler                       0x080002ff   Thumb Code     0  startup_stm32h723xx.o(.text)
    LTDC_IRQHandler                          0x080002ff   Thumb Code     0  startup_stm32h723xx.o(.text)
    MDIOS_IRQHandler                         0x080002ff   Thumb Code     0  startup_stm32h723xx.o(.text)
    MDIOS_WKUP_IRQHandler                    0x080002ff   Thumb Code     0  startup_stm32h723xx.o(.text)
    MDMA_IRQHandler                          0x080002ff   Thumb Code     0  startup_stm32h723xx.o(.text)
    OCTOSPI1_IRQHandler                      0x080002ff   Thumb Code     0  startup_stm32h723xx.o(.text)
    OCTOSPI2_IRQHandler                      0x080002ff   Thumb Code     0  startup_stm32h723xx.o(.text)
    OTG_HS_EP1_IN_IRQHandler                 0x080002ff   Thumb Code     0  startup_stm32h723xx.o(.text)
    OTG_HS_EP1_OUT_IRQHandler                0x080002ff   Thumb Code     0  startup_stm32h723xx.o(.text)
    OTG_HS_IRQHandler                        0x080002ff   Thumb Code     0  startup_stm32h723xx.o(.text)
    OTG_HS_WKUP_IRQHandler                   0x080002ff   Thumb Code     0  startup_stm32h723xx.o(.text)
    PVD_AVD_IRQHandler                       0x080002ff   Thumb Code     0  startup_stm32h723xx.o(.text)
    RCC_IRQHandler                           0x080002ff   Thumb Code     0  startup_stm32h723xx.o(.text)
    RNG_IRQHandler                           0x080002ff   Thumb Code     0  startup_stm32h723xx.o(.text)
    RTC_Alarm_IRQHandler                     0x080002ff   Thumb Code     0  startup_stm32h723xx.o(.text)
    RTC_WKUP_IRQHandler                      0x080002ff   Thumb Code     0  startup_stm32h723xx.o(.text)
    SAI1_IRQHandler                          0x080002ff   Thumb Code     0  startup_stm32h723xx.o(.text)
    SAI4_IRQHandler                          0x080002ff   Thumb Code     0  startup_stm32h723xx.o(.text)
    SDMMC1_IRQHandler                        0x080002ff   Thumb Code     0  startup_stm32h723xx.o(.text)
    SDMMC2_IRQHandler                        0x080002ff   Thumb Code     0  startup_stm32h723xx.o(.text)
    SPDIF_RX_IRQHandler                      0x080002ff   Thumb Code     0  startup_stm32h723xx.o(.text)
    SPI1_IRQHandler                          0x080002ff   Thumb Code     0  startup_stm32h723xx.o(.text)
    SPI2_IRQHandler                          0x080002ff   Thumb Code     0  startup_stm32h723xx.o(.text)
    SPI3_IRQHandler                          0x080002ff   Thumb Code     0  startup_stm32h723xx.o(.text)
    SPI4_IRQHandler                          0x080002ff   Thumb Code     0  startup_stm32h723xx.o(.text)
    SPI5_IRQHandler                          0x080002ff   Thumb Code     0  startup_stm32h723xx.o(.text)
    SPI6_IRQHandler                          0x080002ff   Thumb Code     0  startup_stm32h723xx.o(.text)
    SWPMI1_IRQHandler                        0x080002ff   Thumb Code     0  startup_stm32h723xx.o(.text)
    TAMP_STAMP_IRQHandler                    0x080002ff   Thumb Code     0  startup_stm32h723xx.o(.text)
    TIM15_IRQHandler                         0x080002ff   Thumb Code     0  startup_stm32h723xx.o(.text)
    TIM16_IRQHandler                         0x080002ff   Thumb Code     0  startup_stm32h723xx.o(.text)
    TIM17_IRQHandler                         0x080002ff   Thumb Code     0  startup_stm32h723xx.o(.text)
    TIM1_BRK_IRQHandler                      0x080002ff   Thumb Code     0  startup_stm32h723xx.o(.text)
    TIM1_CC_IRQHandler                       0x080002ff   Thumb Code     0  startup_stm32h723xx.o(.text)
    TIM1_TRG_COM_IRQHandler                  0x080002ff   Thumb Code     0  startup_stm32h723xx.o(.text)
    TIM1_UP_IRQHandler                       0x080002ff   Thumb Code     0  startup_stm32h723xx.o(.text)
    TIM23_IRQHandler                         0x080002ff   Thumb Code     0  startup_stm32h723xx.o(.text)
    TIM24_IRQHandler                         0x080002ff   Thumb Code     0  startup_stm32h723xx.o(.text)
    TIM3_IRQHandler                          0x080002ff   Thumb Code     0  startup_stm32h723xx.o(.text)
    TIM4_IRQHandler                          0x080002ff   Thumb Code     0  startup_stm32h723xx.o(.text)
    TIM5_IRQHandler                          0x080002ff   Thumb Code     0  startup_stm32h723xx.o(.text)
    TIM6_DAC_IRQHandler                      0x080002ff   Thumb Code     0  startup_stm32h723xx.o(.text)
    TIM7_IRQHandler                          0x080002ff   Thumb Code     0  startup_stm32h723xx.o(.text)
    TIM8_BRK_TIM12_IRQHandler                0x080002ff   Thumb Code     0  startup_stm32h723xx.o(.text)
    TIM8_CC_IRQHandler                       0x080002ff   Thumb Code     0  startup_stm32h723xx.o(.text)
    TIM8_TRG_COM_TIM14_IRQHandler            0x080002ff   Thumb Code     0  startup_stm32h723xx.o(.text)
    TIM8_UP_TIM13_IRQHandler                 0x080002ff   Thumb Code     0  startup_stm32h723xx.o(.text)
    UART4_IRQHandler                         0x080002ff   Thumb Code     0  startup_stm32h723xx.o(.text)
    UART5_IRQHandler                         0x080002ff   Thumb Code     0  startup_stm32h723xx.o(.text)
    UART7_IRQHandler                         0x080002ff   Thumb Code     0  startup_stm32h723xx.o(.text)
    UART8_IRQHandler                         0x080002ff   Thumb Code     0  startup_stm32h723xx.o(.text)
    UART9_IRQHandler                         0x080002ff   Thumb Code     0  startup_stm32h723xx.o(.text)
    USART10_IRQHandler                       0x080002ff   Thumb Code     0  startup_stm32h723xx.o(.text)
    USART1_IRQHandler                        0x080002ff   Thumb Code     0  startup_stm32h723xx.o(.text)
    USART2_IRQHandler                        0x080002ff   Thumb Code     0  startup_stm32h723xx.o(.text)
    USART3_IRQHandler                        0x080002ff   Thumb Code     0  startup_stm32h723xx.o(.text)
    USART6_IRQHandler                        0x080002ff   Thumb Code     0  startup_stm32h723xx.o(.text)
    WAKEUP_PIN_IRQHandler                    0x080002ff   Thumb Code     0  startup_stm32h723xx.o(.text)
    WWDG_IRQHandler                          0x080002ff   Thumb Code     0  startup_stm32h723xx.o(.text)
    __aeabi_uldivmod                         0x08000309   Thumb Code    98  uldiv.o(.text)
    __aeabi_memcpy                           0x0800036b   Thumb Code    36  memcpya.o(.text)
    __aeabi_memcpy4                          0x0800036b   Thumb Code     0  memcpya.o(.text)
    __aeabi_memcpy8                          0x0800036b   Thumb Code     0  memcpya.o(.text)
    __aeabi_memset                           0x0800038f   Thumb Code    14  memseta.o(.text)
    __aeabi_memset4                          0x0800038f   Thumb Code     0  memseta.o(.text)
    __aeabi_memset8                          0x0800038f   Thumb Code     0  memseta.o(.text)
    __aeabi_memclr                           0x0800039d   Thumb Code     4  memseta.o(.text)
    __aeabi_memclr4                          0x0800039d   Thumb Code     0  memseta.o(.text)
    __aeabi_memclr8                          0x0800039d   Thumb Code     0  memseta.o(.text)
    _memset$wrapper                          0x080003a1   Thumb Code    18  memseta.o(.text)
    __aeabi_llsl                             0x080003b3   Thumb Code    30  llshl.o(.text)
    _ll_shift_l                              0x080003b3   Thumb Code     0  llshl.o(.text)
    __aeabi_llsr                             0x080003d1   Thumb Code    32  llushr.o(.text)
    _ll_ushift_r                             0x080003d1   Thumb Code     0  llushr.o(.text)
    __scatterload                            0x080003f1   Thumb Code    28  init.o(.text)
    __scatterload_rt2                        0x080003f1   Thumb Code     0  init.o(.text)
    BusFault_Handler                         0x08000415   Thumb Code     4  stm32h7xx_it.o(i.BusFault_Handler)
    DebugMon_Handler                         0x08000419   Thumb Code     2  stm32h7xx_it.o(i.DebugMon_Handler)
    Error_Handler                            0x0800041b   Thumb Code     6  main.o(i.Error_Handler)
    FDCAN1_Config                            0x08000421   Thumb Code    92  can_bsp.o(i.FDCAN1_Config)
    FDCAN1_IT0_IRQHandler                    0x08000481   Thumb Code    10  stm32h7xx_it.o(i.FDCAN1_IT0_IRQHandler)
    FDCAN2_Config                            0x08000491   Thumb Code    92  can_bsp.o(i.FDCAN2_Config)
    FDCAN2_IT0_IRQHandler                    0x080004f1   Thumb Code    10  stm32h7xx_it.o(i.FDCAN2_IT0_IRQHandler)
    HAL_DCMI_Init                            0x080007f5   Thumb Code   156  stm32h7xx_hal_dcmi.o(i.HAL_DCMI_Init)
    HAL_DCMI_MspInit                         0x08000895   Thumb Code   322  dcmi.o(i.HAL_DCMI_MspInit)
    HAL_Delay                                0x080009f5   Thumb Code    36  stm32h7xx_hal.o(i.HAL_Delay)
    HAL_FDCAN_ActivateNotification           0x08000a1d   Thumb Code   158  stm32h7xx_hal_fdcan.o(i.HAL_FDCAN_ActivateNotification)
    HAL_FDCAN_AddMessageToTxFifoQ            0x08000ac5   Thumb Code   144  stm32h7xx_hal_fdcan.o(i.HAL_FDCAN_AddMessageToTxFifoQ)
    HAL_FDCAN_ClockCalibrationCallback       0x08000b55   Thumb Code     2  stm32h7xx_hal_fdcan.o(i.HAL_FDCAN_ClockCalibrationCallback)
    HAL_FDCAN_ConfigFilter                   0x08000b57   Thumb Code   168  stm32h7xx_hal_fdcan.o(i.HAL_FDCAN_ConfigFilter)
    HAL_FDCAN_ConfigGlobalFilter             0x08000bff   Thumb Code    52  stm32h7xx_hal_fdcan.o(i.HAL_FDCAN_ConfigGlobalFilter)
    HAL_FDCAN_ErrorCallback                  0x08000c33   Thumb Code     2  stm32h7xx_hal_fdcan.o(i.HAL_FDCAN_ErrorCallback)
    HAL_FDCAN_ErrorStatusCallback            0x08000c35   Thumb Code     2  stm32h7xx_hal_fdcan.o(i.HAL_FDCAN_ErrorStatusCallback)
    HAL_FDCAN_GetRxMessage                   0x08000c39   Thumb Code   496  stm32h7xx_hal_fdcan.o(i.HAL_FDCAN_GetRxMessage)
    HAL_FDCAN_HighPriorityMessageCallback    0x08000e2d   Thumb Code     2  stm32h7xx_hal_fdcan.o(i.HAL_FDCAN_HighPriorityMessageCallback)
    HAL_FDCAN_IRQHandler                     0x08000e31   Thumb Code   966  stm32h7xx_hal_fdcan.o(i.HAL_FDCAN_IRQHandler)
    HAL_FDCAN_Init                           0x08001205   Thumb Code   726  stm32h7xx_hal_fdcan.o(i.HAL_FDCAN_Init)
    HAL_FDCAN_MspInit                        0x080014e5   Thumb Code   478  fdcan.o(i.HAL_FDCAN_MspInit)
    HAL_FDCAN_RxBufferNewMessageCallback     0x080016e1   Thumb Code     2  stm32h7xx_hal_fdcan.o(i.HAL_FDCAN_RxBufferNewMessageCallback)
    HAL_FDCAN_RxFifo0Callback                0x080016e5   Thumb Code    66  can_bsp.o(i.HAL_FDCAN_RxFifo0Callback)
    HAL_FDCAN_RxFifo1Callback                0x08001739   Thumb Code    66  can_bsp.o(i.HAL_FDCAN_RxFifo1Callback)
    HAL_FDCAN_Start                          0x0800178d   Thumb Code    52  stm32h7xx_hal_fdcan.o(i.HAL_FDCAN_Start)
    HAL_FDCAN_TT_GlobalTimeCallback          0x080017c1   Thumb Code     2  stm32h7xx_hal_fdcan.o(i.HAL_FDCAN_TT_GlobalTimeCallback)
    HAL_FDCAN_TT_ScheduleSyncCallback        0x080017c3   Thumb Code     2  stm32h7xx_hal_fdcan.o(i.HAL_FDCAN_TT_ScheduleSyncCallback)
    HAL_FDCAN_TT_StopWatchCallback           0x080017c5   Thumb Code     2  stm32h7xx_hal_fdcan.o(i.HAL_FDCAN_TT_StopWatchCallback)
    HAL_FDCAN_TT_TimeMarkCallback            0x080017c7   Thumb Code     2  stm32h7xx_hal_fdcan.o(i.HAL_FDCAN_TT_TimeMarkCallback)
    HAL_FDCAN_TimeoutOccurredCallback        0x080017c9   Thumb Code     2  stm32h7xx_hal_fdcan.o(i.HAL_FDCAN_TimeoutOccurredCallback)
    HAL_FDCAN_TimestampWraparoundCallback    0x080017cb   Thumb Code     2  stm32h7xx_hal_fdcan.o(i.HAL_FDCAN_TimestampWraparoundCallback)
    HAL_FDCAN_TxBufferAbortCallback          0x080017cd   Thumb Code     2  stm32h7xx_hal_fdcan.o(i.HAL_FDCAN_TxBufferAbortCallback)
    HAL_FDCAN_TxBufferCompleteCallback       0x080017cf   Thumb Code     2  stm32h7xx_hal_fdcan.o(i.HAL_FDCAN_TxBufferCompleteCallback)
    HAL_FDCAN_TxEventFifoCallback            0x080017d1   Thumb Code     2  stm32h7xx_hal_fdcan.o(i.HAL_FDCAN_TxEventFifoCallback)
    HAL_FDCAN_TxFifoEmptyCallback            0x080017d3   Thumb Code     2  stm32h7xx_hal_fdcan.o(i.HAL_FDCAN_TxFifoEmptyCallback)
    HAL_GPIO_Init                            0x080017d5   Thumb Code   446  stm32h7xx_hal_gpio.o(i.HAL_GPIO_Init)
    HAL_GPIO_WritePin                        0x080019c5   Thumb Code    12  stm32h7xx_hal_gpio.o(i.HAL_GPIO_WritePin)
    HAL_GetTick                              0x080019d1   Thumb Code     6  stm32h7xx_hal.o(i.HAL_GetTick)
    HAL_I2CEx_ConfigAnalogFilter             0x080019dd   Thumb Code   106  stm32h7xx_hal_i2c_ex.o(i.HAL_I2CEx_ConfigAnalogFilter)
    HAL_I2CEx_ConfigDigitalFilter            0x08001a47   Thumb Code   104  stm32h7xx_hal_i2c_ex.o(i.HAL_I2CEx_ConfigDigitalFilter)
    HAL_I2C_Init                             0x08001ab1   Thumb Code   192  stm32h7xx_hal_i2c.o(i.HAL_I2C_Init)
    HAL_I2C_MspInit                          0x08001b75   Thumb Code   146  i2c.o(i.HAL_I2C_MspInit)
    HAL_IncTick                              0x08001c15   Thumb Code    16  stm32h7xx_hal.o(i.HAL_IncTick)
    HAL_Init                                 0x08001c2d   Thumb Code    80  stm32h7xx_hal.o(i.HAL_Init)
    HAL_InitTick                             0x08001c8d   Thumb Code    74  stm32h7xx_hal.o(i.HAL_InitTick)
    HAL_MspInit                              0x08001ce5   Thumb Code    32  stm32h7xx_hal_msp.o(i.HAL_MspInit)
    HAL_NVIC_EnableIRQ                       0x08001d09   Thumb Code    40  stm32h7xx_hal_cortex.o(i.HAL_NVIC_EnableIRQ)
    HAL_NVIC_SetPriority                     0x08001d31   Thumb Code   122  stm32h7xx_hal_cortex.o(i.HAL_NVIC_SetPriority)
    HAL_NVIC_SetPriorityGrouping             0x08001dad   Thumb Code    32  stm32h7xx_hal_cortex.o(i.HAL_NVIC_SetPriorityGrouping)
    HAL_OSPIM_Config                         0x08001dd5   Thumb Code  1772  stm32h7xx_hal_ospi.o(i.HAL_OSPIM_Config)
    HAL_OSPI_Init                            0x080024cd   Thumb Code   268  stm32h7xx_hal_ospi.o(i.HAL_OSPI_Init)
    HAL_OSPI_MspInit                         0x080025dd   Thumb Code   396  octospi.o(i.HAL_OSPI_MspInit)
    HAL_OSPI_SetTimeout                      0x08002781   Thumb Code     8  stm32h7xx_hal_ospi.o(i.HAL_OSPI_SetTimeout)
    HAL_PCDEx_ActivateLPM                    0x08002789   Thumb Code    36  stm32h7xx_hal_pcd_ex.o(i.HAL_PCDEx_ActivateLPM)
    HAL_PCD_Init                             0x080027b1   Thumb Code   370  stm32h7xx_hal_pcd.o(i.HAL_PCD_Init)
    HAL_PCD_MspInit                          0x08002925   Thumb Code    86  usb_otg.o(i.HAL_PCD_MspInit)
    HAL_PWREx_ConfigSupply                   0x08002985   Thumb Code    90  stm32h7xx_hal_pwr_ex.o(i.HAL_PWREx_ConfigSupply)
    HAL_PWREx_EnableUSBVoltageDetector       0x080029e5   Thumb Code    14  stm32h7xx_hal_pwr_ex.o(i.HAL_PWREx_EnableUSBVoltageDetector)
    HAL_RCCEx_GetD3PCLK1Freq                 0x080029f9   Thumb Code    26  stm32h7xx_hal_rcc_ex.o(i.HAL_RCCEx_GetD3PCLK1Freq)
    HAL_RCCEx_GetPLL2ClockFreq               0x08002a1d   Thumb Code   536  stm32h7xx_hal_rcc_ex.o(i.HAL_RCCEx_GetPLL2ClockFreq)
    HAL_RCCEx_GetPLL3ClockFreq               0x08002c4d   Thumb Code   536  stm32h7xx_hal_rcc_ex.o(i.HAL_RCCEx_GetPLL3ClockFreq)
    HAL_RCCEx_PeriphCLKConfig                0x08002e7d   Thumb Code  3272  stm32h7xx_hal_rcc_ex.o(i.HAL_RCCEx_PeriphCLKConfig)
    HAL_RCC_ClockConfig                      0x08003b45   Thumb Code   774  stm32h7xx_hal_rcc.o(i.HAL_RCC_ClockConfig)
    HAL_RCC_GetHCLKFreq                      0x08003e65   Thumb Code    60  stm32h7xx_hal_rcc.o(i.HAL_RCC_GetHCLKFreq)
    HAL_RCC_GetPCLK1Freq                     0x08003eb1   Thumb Code    26  stm32h7xx_hal_rcc.o(i.HAL_RCC_GetPCLK1Freq)
    HAL_RCC_GetPCLK2Freq                     0x08003ed5   Thumb Code    26  stm32h7xx_hal_rcc.o(i.HAL_RCC_GetPCLK2Freq)
    HAL_RCC_GetSysClockFreq                  0x08003ef9   Thumb Code   524  stm32h7xx_hal_rcc.o(i.HAL_RCC_GetSysClockFreq)
    HAL_RCC_MCOConfig                        0x08004125   Thumb Code   174  stm32h7xx_hal_rcc.o(i.HAL_RCC_MCOConfig)
    HAL_RCC_OscConfig                        0x080041e1   Thumb Code  1874  stm32h7xx_hal_rcc.o(i.HAL_RCC_OscConfig)
    HAL_RS485Ex_Init                         0x0800493d   Thumb Code   148  stm32h7xx_hal_uart_ex.o(i.HAL_RS485Ex_Init)
    HAL_SPI_Init                             0x080049d5   Thumb Code   420  stm32h7xx_hal_spi.o(i.HAL_SPI_Init)
    HAL_SPI_MspInit                          0x08004b85   Thumb Code   496  spi.o(i.HAL_SPI_MspInit)
    HAL_SYSTICK_Config                       0x08004d91   Thumb Code    52  stm32h7xx_hal_cortex.o(i.HAL_SYSTICK_Config)
    HAL_TIMEx_Break2Callback                 0x08004dc5   Thumb Code     2  stm32h7xx_hal_tim_ex.o(i.HAL_TIMEx_Break2Callback)
    HAL_TIMEx_BreakCallback                  0x08004dc7   Thumb Code     2  stm32h7xx_hal_tim_ex.o(i.HAL_TIMEx_BreakCallback)
    HAL_TIMEx_CommutCallback                 0x08004dc9   Thumb Code     2  stm32h7xx_hal_tim_ex.o(i.HAL_TIMEx_CommutCallback)
    HAL_TIMEx_ConfigBreakDeadTime            0x08004dcd   Thumb Code   224  stm32h7xx_hal_tim_ex.o(i.HAL_TIMEx_ConfigBreakDeadTime)
    HAL_TIMEx_MasterConfigSynchronization    0x08004eb5   Thumb Code   190  stm32h7xx_hal_tim_ex.o(i.HAL_TIMEx_MasterConfigSynchronization)
    HAL_TIM_Base_Init                        0x08004f99   Thumb Code   110  stm32h7xx_hal_tim.o(i.HAL_TIM_Base_Init)
    HAL_TIM_Base_MspInit                     0x08005009   Thumb Code   128  tim.o(i.HAL_TIM_Base_MspInit)
    HAL_TIM_Base_Start_IT                    0x08005091   Thumb Code   162  stm32h7xx_hal_tim.o(i.HAL_TIM_Base_Start_IT)
    HAL_TIM_ConfigClockSource                0x0800515d   Thumb Code   304  stm32h7xx_hal_tim.o(i.HAL_TIM_ConfigClockSource)
    HAL_TIM_IC_CaptureCallback               0x08005291   Thumb Code     2  stm32h7xx_hal_tim.o(i.HAL_TIM_IC_CaptureCallback)
    HAL_TIM_IRQHandler                       0x08005293   Thumb Code   440  stm32h7xx_hal_tim.o(i.HAL_TIM_IRQHandler)
    HAL_TIM_MspPostInit                      0x0800544d   Thumb Code    82  tim.o(i.HAL_TIM_MspPostInit)
    HAL_TIM_OC_DelayElapsedCallback          0x080054ad   Thumb Code     2  stm32h7xx_hal_tim.o(i.HAL_TIM_OC_DelayElapsedCallback)
    HAL_TIM_PWM_ConfigChannel                0x080054af   Thumb Code   368  stm32h7xx_hal_tim.o(i.HAL_TIM_PWM_ConfigChannel)
    HAL_TIM_PWM_Init                         0x0800561f   Thumb Code   110  stm32h7xx_hal_tim.o(i.HAL_TIM_PWM_Init)
    HAL_TIM_PWM_MspInit                      0x0800568d   Thumb Code   114  tim.o(i.HAL_TIM_PWM_MspInit)
    HAL_TIM_PWM_PulseFinishedCallback        0x0800570d   Thumb Code     2  stm32h7xx_hal_tim.o(i.HAL_TIM_PWM_PulseFinishedCallback)
    HAL_TIM_PeriodElapsedCallback            0x0800570f   Thumb Code     2  stm32h7xx_hal_tim.o(i.HAL_TIM_PeriodElapsedCallback)
    HAL_TIM_TriggerCallback                  0x08005711   Thumb Code     2  stm32h7xx_hal_tim.o(i.HAL_TIM_TriggerCallback)
    HAL_UARTEx_DisableFifoMode               0x08005713   Thumb Code    78  stm32h7xx_hal_uart_ex.o(i.HAL_UARTEx_DisableFifoMode)
    HAL_UARTEx_SetRxFifoThreshold            0x08005761   Thumb Code    94  stm32h7xx_hal_uart_ex.o(i.HAL_UARTEx_SetRxFifoThreshold)
    HAL_UARTEx_SetTxFifoThreshold            0x080057bf   Thumb Code    94  stm32h7xx_hal_uart_ex.o(i.HAL_UARTEx_SetTxFifoThreshold)
    HAL_UART_Init                            0x0800581d   Thumb Code   120  stm32h7xx_hal_uart.o(i.HAL_UART_Init)
    HAL_UART_MspInit                         0x08005895   Thumb Code   836  usart.o(i.HAL_UART_MspInit)
    HardFault_Handler                        0x08005c05   Thumb Code     4  stm32h7xx_it.o(i.HardFault_Handler)
    MX_DCMI_Init                             0x08005c09   Thumb Code    48  dcmi.o(i.MX_DCMI_Init)
    MX_FDCAN1_Init                           0x08005c41   Thumb Code   122  fdcan.o(i.MX_FDCAN1_Init)
    MX_FDCAN2_Init                           0x08005cc5   Thumb Code   120  fdcan.o(i.MX_FDCAN2_Init)
    MX_FDCAN3_Init                           0x08005d45   Thumb Code   104  fdcan.o(i.MX_FDCAN3_Init)
    MX_GPIO_Init                             0x08005db5   Thumb Code   618  gpio.o(i.MX_GPIO_Init)
    MX_I2C1_Init                             0x08006039   Thumb Code    74  i2c.o(i.MX_I2C1_Init)
    MX_OCTOSPI1_Init                         0x08006091   Thumb Code   112  octospi.o(i.MX_OCTOSPI1_Init)
    MX_SPI1_Init                             0x08006109   Thumb Code    86  spi.o(i.MX_SPI1_Init)
    MX_SPI2_Init                             0x08006169   Thumb Code    86  spi.o(i.MX_SPI2_Init)
    MX_SPI3_Init                             0x080061c9   Thumb Code    86  spi.o(i.MX_SPI3_Init)
    MX_TIM1_Init                             0x08006229   Thumb Code   184  tim.o(i.MX_TIM1_Init)
    MX_TIM2_Init                             0x080062e9   Thumb Code   104  tim.o(i.MX_TIM2_Init)
    MX_UART7_Init                            0x08006355   Thumb Code    98  usart.o(i.MX_UART7_Init)
    MX_UART9_Init                            0x080063c1   Thumb Code    98  usart.o(i.MX_UART9_Init)
    MX_USART10_UART_Init                     0x0800642d   Thumb Code    98  usart.o(i.MX_USART10_UART_Init)
    MX_USART1_UART_Init                      0x08006499   Thumb Code    98  usart.o(i.MX_USART1_UART_Init)
    MX_USART2_UART_Init                      0x08006505   Thumb Code   104  usart.o(i.MX_USART2_UART_Init)
    MX_USART3_UART_Init                      0x08006575   Thumb Code   104  usart.o(i.MX_USART3_UART_Init)
    MX_USB_OTG_HS_PCD_Init                   0x080065e5   Thumb Code    52  usb_otg.o(i.MX_USB_OTG_HS_PCD_Init)
    MemManage_Handler                        0x08006621   Thumb Code     4  stm32h7xx_it.o(i.MemManage_Handler)
    NMI_Handler                              0x08006625   Thumb Code     4  stm32h7xx_it.o(i.NMI_Handler)
    PendSV_Handler                           0x0800675d   Thumb Code     2  stm32h7xx_it.o(i.PendSV_Handler)
    SVC_Handler                              0x08006a43   Thumb Code     2  stm32h7xx_it.o(i.SVC_Handler)
    SysTick_Handler                          0x08006a45   Thumb Code     8  stm32h7xx_it.o(i.SysTick_Handler)
    SystemClock_Config                       0x08006a4d   Thumb Code   200  main.o(i.SystemClock_Config)
    SystemInit                               0x08006b19   Thumb Code   192  system_stm32h7xx.o(i.SystemInit)
    TIM2_IRQHandler                          0x08006bf9   Thumb Code    10  stm32h7xx_it.o(i.TIM2_IRQHandler)
    TIM_Base_SetConfig                       0x08006c09   Thumb Code   182  stm32h7xx_hal_tim.o(i.TIM_Base_SetConfig)
    TIM_ETR_SetConfig                        0x08006ce9   Thumb Code    22  stm32h7xx_hal_tim.o(i.TIM_ETR_SetConfig)
    TIM_OC2_SetConfig                        0x08006dc5   Thumb Code   156  stm32h7xx_hal_tim.o(i.TIM_OC2_SetConfig)
    UART_AdvFeatureConfig                    0x08007129   Thumb Code   248  stm32h7xx_hal_uart.o(i.UART_AdvFeatureConfig)
    UART_CheckIdleState                      0x08007221   Thumb Code   234  stm32h7xx_hal_uart.o(i.UART_CheckIdleState)
    UART_SetConfig                           0x08007379   Thumb Code  1558  stm32h7xx_hal_uart.o(i.UART_SetConfig)
    UART_WaitOnFlagUntilTimeout              0x080079a1   Thumb Code   162  stm32h7xx_hal_uart.o(i.UART_WaitOnFlagUntilTimeout)
    USB_CoreInit                             0x08007a45   Thumb Code   142  stm32h7xx_ll_usb.o(i.USB_CoreInit)
    USB_DevDisconnect                        0x08007b35   Thumb Code    36  stm32h7xx_ll_usb.o(i.USB_DevDisconnect)
    USB_DevInit                              0x08007b59   Thumb Code   464  stm32h7xx_ll_usb.o(i.USB_DevInit)
    USB_DisableGlobalInt                     0x08007d31   Thumb Code    14  stm32h7xx_ll_usb.o(i.USB_DisableGlobalInt)
    USB_FlushRxFifo                          0x08007d41   Thumb Code    80  stm32h7xx_ll_usb.o(i.USB_FlushRxFifo)
    USB_FlushTxFifo                          0x08007d95   Thumb Code    84  stm32h7xx_ll_usb.o(i.USB_FlushTxFifo)
    USB_GetMode                              0x08007ded   Thumb Code    10  stm32h7xx_ll_usb.o(i.USB_GetMode)
    USB_SetCurrentMode                       0x08007df7   Thumb Code   104  stm32h7xx_ll_usb.o(i.USB_SetCurrentMode)
    USB_SetDevSpeed                          0x08007e5f   Thumb Code    18  stm32h7xx_ll_usb.o(i.USB_SetDevSpeed)
    UsageFault_Handler                       0x08007e71   Thumb Code     4  stm32h7xx_it.o(i.UsageFault_Handler)
    __scatterload_copy                       0x08007ead   Thumb Code    14  handlers.o(i.__scatterload_copy)
    __scatterload_null                       0x08007ebb   Thumb Code     2  handlers.o(i.__scatterload_null)
    __scatterload_zeroinit                   0x08007ebd   Thumb Code    14  handlers.o(i.__scatterload_zeroinit)
    canx_send_data                           0x08007ecb   Thumb Code   132  can_bsp.o(i.canx_send_data)
    dm4310_fbdata                            0x08007f4f   Thumb Code   154  dm4310_drv.o(i.dm4310_fbdata)
    enable_motor_mode                        0x08007fe9   Thumb Code    66  dm4310_drv.o(i.enable_motor_mode)
    float_to_uint                            0x0800802b   Thumb Code    50  dm4310_drv.o(i.float_to_uint)
    joint_motor_init                         0x0800805d   Thumb Code     6  dm4310_drv.o(i.joint_motor_init)
    main                                     0x08008065   Thumb Code   210  main.o(i.main)
    mit_ctrl                                 0x0800814d   Thumb Code   232  dm4310_drv.o(i.mit_ctrl)
    uint_to_float                            0x0800823d   Thumb Code    52  dm4310_drv.o(i.uint_to_float)
    UARTPrescTable                           0x080082cc   Data          24  stm32h7xx_hal_uart.o(.constdata)
    D1CorePrescTable                         0x080082f4   Data          16  system_stm32h7xx.o(.constdata)
    Region$$Table$$Base                      0x08008304   Number         0  anon$$obj.o(Region$$Table)
    Region$$Table$$Limit                     0x08008324   Number         0  anon$$obj.o(Region$$Table)
    uwTick                                   0x24000004   Data           4  stm32h7xx_hal.o(.data)
    uwTickPrio                               0x24000008   Data           4  stm32h7xx_hal.o(.data)
    uwTickFreq                               0x2400000c   Data           1  stm32h7xx_hal.o(.data)
    SystemCoreClock                          0x24000010   Data           4  system_stm32h7xx.o(.data)
    SystemD2Clock                            0x24000014   Data           4  system_stm32h7xx.o(.data)
    motor                                    0x24000018   Data          40  main.o(.bss)
    hdcmi                                    0x24000040   Data          80  dcmi.o(.bss)
    hfdcan1                                  0x24000090   Data         160  fdcan.o(.bss)
    hfdcan2                                  0x24000130   Data         160  fdcan.o(.bss)
    hfdcan3                                  0x240001d0   Data         160  fdcan.o(.bss)
    hi2c1                                    0x24000270   Data          84  i2c.o(.bss)
    hospi1                                   0x240002c4   Data          92  octospi.o(.bss)
    hspi1                                    0x24000320   Data         136  spi.o(.bss)
    hspi2                                    0x240003a8   Data         136  spi.o(.bss)
    hspi3                                    0x24000430   Data         136  spi.o(.bss)
    htim1                                    0x240004b8   Data          76  tim.o(.bss)
    htim2                                    0x24000504   Data          76  tim.o(.bss)
    huart7                                   0x24000550   Data         148  usart.o(.bss)
    huart9                                   0x240005e4   Data         148  usart.o(.bss)
    huart1                                   0x24000678   Data         148  usart.o(.bss)
    huart2                                   0x2400070c   Data         148  usart.o(.bss)
    huart3                                   0x240007a0   Data         148  usart.o(.bss)
    huart10                                  0x24000834   Data         148  usart.o(.bss)
    hpcd_USB_OTG_HS                          0x240008c8   Data        1292  usb_otg.o(.bss)
    RxHeader1                                0x24000dd4   Data          40  can_bsp.o(.bss)
    g_Can1RxData                             0x24000dfc   Data          64  can_bsp.o(.bss)
    RxHeader2                                0x24000e3c   Data          40  can_bsp.o(.bss)
    g_Can2RxData                             0x24000e64   Data          64  can_bsp.o(.bss)
    __initial_sp                             0x240012a8   Data           0  startup_stm32h723xx.o(STACK)



==============================================================================

Memory Map of the image

  Image Entry point : 0x080002cd

  Load Region LR_IROM1 (Base: 0x08000000, Size: 0x0000833c, Max: 0x00100000, ABSOLUTE)

    Execution Region ER_IROM1 (Exec base: 0x08000000, Load base: 0x08000000, Size: 0x00008324, Max: 0x00100000, ABSOLUTE)

    Exec Addr    Load Addr    Size         Type   Attr      Idx    E Section Name        Object

    0x08000000   0x08000000   0x000002cc   Data   RO            3    RESET               startup_stm32h723xx.o
    0x080002cc   0x080002cc   0x00000000   Code   RO         7038  * .ARM.Collect$$$$00000000  mc_w.l(entry.o)
    0x080002cc   0x080002cc   0x00000004   Code   RO         7049    .ARM.Collect$$$$00000001  mc_w.l(entry2.o)
    0x080002d0   0x080002d0   0x00000004   Code   RO         7052    .ARM.Collect$$$$00000004  mc_w.l(entry5.o)
    0x080002d4   0x080002d4   0x00000000   Code   RO         7054    .ARM.Collect$$$$00000008  mc_w.l(entry7b.o)
    0x080002d4   0x080002d4   0x00000000   Code   RO         7056    .ARM.Collect$$$$0000000A  mc_w.l(entry8b.o)
    0x080002d4   0x080002d4   0x00000008   Code   RO         7057    .ARM.Collect$$$$0000000B  mc_w.l(entry9a.o)
    0x080002dc   0x080002dc   0x00000004   Code   RO         7064    .ARM.Collect$$$$0000000E  mc_w.l(entry12b.o)
    0x080002e0   0x080002e0   0x00000000   Code   RO         7059    .ARM.Collect$$$$0000000F  mc_w.l(entry10a.o)
    0x080002e0   0x080002e0   0x00000000   Code   RO         7061    .ARM.Collect$$$$00000011  mc_w.l(entry11a.o)
    0x080002e0   0x080002e0   0x00000004   Code   RO         7050    .ARM.Collect$$$$00002712  mc_w.l(entry2.o)
    0x080002e4   0x080002e4   0x00000024   Code   RO            4    .text               startup_stm32h723xx.o
    0x08000308   0x08000308   0x00000062   Code   RO         7041    .text               mc_w.l(uldiv.o)
    0x0800036a   0x0800036a   0x00000024   Code   RO         7043    .text               mc_w.l(memcpya.o)
    0x0800038e   0x0800038e   0x00000024   Code   RO         7045    .text               mc_w.l(memseta.o)
    0x080003b2   0x080003b2   0x0000001e   Code   RO         7065    .text               mc_w.l(llshl.o)
    0x080003d0   0x080003d0   0x00000020   Code   RO         7067    .text               mc_w.l(llushr.o)
    0x080003f0   0x080003f0   0x00000024   Code   RO         7069    .text               mc_w.l(init.o)
    0x08000414   0x08000414   0x00000004   Code   RO          681    i.BusFault_Handler  stm32h7xx_it.o
    0x08000418   0x08000418   0x00000002   Code   RO          682    i.DebugMon_Handler  stm32h7xx_it.o
    0x0800041a   0x0800041a   0x00000006   Code   RO           13    i.Error_Handler     main.o
    0x08000420   0x08000420   0x00000060   Code   RO         6899    i.FDCAN1_Config     can_bsp.o
    0x08000480   0x08000480   0x00000010   Code   RO          683    i.FDCAN1_IT0_IRQHandler  stm32h7xx_it.o
    0x08000490   0x08000490   0x00000060   Code   RO         6900    i.FDCAN2_Config     can_bsp.o
    0x080004f0   0x080004f0   0x00000010   Code   RO          684    i.FDCAN2_IT0_IRQHandler  stm32h7xx_it.o
    0x08000500   0x08000500   0x00000220   Code   RO         3448    i.FDCAN_CalcultateRamBlockAddresses  stm32h7xx_hal_fdcan.o
    0x08000720   0x08000720   0x000000d4   Code   RO         3449    i.FDCAN_CopyMessageToRAM  stm32h7xx_hal_fdcan.o
    0x080007f4   0x080007f4   0x000000a0   Code   RO          957    i.HAL_DCMI_Init     stm32h7xx_hal_dcmi.o
    0x08000894   0x08000894   0x00000160   Code   RO          267    i.HAL_DCMI_MspInit  dcmi.o
    0x080009f4   0x080009f4   0x00000028   Code   RO         2509    i.HAL_Delay         stm32h7xx_hal.o
    0x08000a1c   0x08000a1c   0x000000a8   Code   RO         3451    i.HAL_FDCAN_ActivateNotification  stm32h7xx_hal_fdcan.o
    0x08000ac4   0x08000ac4   0x00000090   Code   RO         3453    i.HAL_FDCAN_AddMessageToTxFifoQ  stm32h7xx_hal_fdcan.o
    0x08000b54   0x08000b54   0x00000002   Code   RO         3454    i.HAL_FDCAN_ClockCalibrationCallback  stm32h7xx_hal_fdcan.o
    0x08000b56   0x08000b56   0x000000a8   Code   RO         3458    i.HAL_FDCAN_ConfigFilter  stm32h7xx_hal_fdcan.o
    0x08000bfe   0x08000bfe   0x00000034   Code   RO         3459    i.HAL_FDCAN_ConfigGlobalFilter  stm32h7xx_hal_fdcan.o
    0x08000c32   0x08000c32   0x00000002   Code   RO         3480    i.HAL_FDCAN_ErrorCallback  stm32h7xx_hal_fdcan.o
    0x08000c34   0x08000c34   0x00000002   Code   RO         3481    i.HAL_FDCAN_ErrorStatusCallback  stm32h7xx_hal_fdcan.o
    0x08000c36   0x08000c36   0x00000002   PAD
    0x08000c38   0x08000c38   0x000001f4   Code   RO         3492    i.HAL_FDCAN_GetRxMessage  stm32h7xx_hal_fdcan.o
    0x08000e2c   0x08000e2c   0x00000002   Code   RO         3498    i.HAL_FDCAN_HighPriorityMessageCallback  stm32h7xx_hal_fdcan.o
    0x08000e2e   0x08000e2e   0x00000002   PAD
    0x08000e30   0x08000e30   0x000003d4   Code   RO         3499    i.HAL_FDCAN_IRQHandler  stm32h7xx_hal_fdcan.o
    0x08001204   0x08001204   0x000002e0   Code   RO         3500    i.HAL_FDCAN_Init    stm32h7xx_hal_fdcan.o
    0x080014e4   0x080014e4   0x000001fc   Code   RO          309    i.HAL_FDCAN_MspInit  fdcan.o
    0x080016e0   0x080016e0   0x00000002   Code   RO         3509    i.HAL_FDCAN_RxBufferNewMessageCallback  stm32h7xx_hal_fdcan.o
    0x080016e2   0x080016e2   0x00000002   PAD
    0x080016e4   0x080016e4   0x00000054   Code   RO         6901    i.HAL_FDCAN_RxFifo0Callback  can_bsp.o
    0x08001738   0x08001738   0x00000054   Code   RO         6902    i.HAL_FDCAN_RxFifo1Callback  can_bsp.o
    0x0800178c   0x0800178c   0x00000034   Code   RO         3512    i.HAL_FDCAN_Start   stm32h7xx_hal_fdcan.o
    0x080017c0   0x080017c0   0x00000002   Code   RO         3534    i.HAL_FDCAN_TT_GlobalTimeCallback  stm32h7xx_hal_fdcan.o
    0x080017c2   0x080017c2   0x00000002   Code   RO         3535    i.HAL_FDCAN_TT_ScheduleSyncCallback  stm32h7xx_hal_fdcan.o
    0x080017c4   0x080017c4   0x00000002   Code   RO         3540    i.HAL_FDCAN_TT_StopWatchCallback  stm32h7xx_hal_fdcan.o
    0x080017c6   0x080017c6   0x00000002   Code   RO         3541    i.HAL_FDCAN_TT_TimeMarkCallback  stm32h7xx_hal_fdcan.o
    0x080017c8   0x080017c8   0x00000002   Code   RO         3542    i.HAL_FDCAN_TimeoutOccurredCallback  stm32h7xx_hal_fdcan.o
    0x080017ca   0x080017ca   0x00000002   Code   RO         3543    i.HAL_FDCAN_TimestampWraparoundCallback  stm32h7xx_hal_fdcan.o
    0x080017cc   0x080017cc   0x00000002   Code   RO         3544    i.HAL_FDCAN_TxBufferAbortCallback  stm32h7xx_hal_fdcan.o
    0x080017ce   0x080017ce   0x00000002   Code   RO         3545    i.HAL_FDCAN_TxBufferCompleteCallback  stm32h7xx_hal_fdcan.o
    0x080017d0   0x080017d0   0x00000002   Code   RO         3546    i.HAL_FDCAN_TxEventFifoCallback  stm32h7xx_hal_fdcan.o
    0x080017d2   0x080017d2   0x00000002   Code   RO         3547    i.HAL_FDCAN_TxFifoEmptyCallback  stm32h7xx_hal_fdcan.o
    0x080017d4   0x080017d4   0x000001f0   Code   RO         1660    i.HAL_GPIO_Init     stm32h7xx_hal_gpio.o
    0x080019c4   0x080019c4   0x0000000c   Code   RO         1664    i.HAL_GPIO_WritePin  stm32h7xx_hal_gpio.o
    0x080019d0   0x080019d0   0x0000000c   Code   RO         2525    i.HAL_GetTick       stm32h7xx_hal.o
    0x080019dc   0x080019dc   0x0000006a   Code   RO         3322    i.HAL_I2CEx_ConfigAnalogFilter  stm32h7xx_hal_i2c_ex.o
    0x08001a46   0x08001a46   0x00000068   Code   RO         3323    i.HAL_I2CEx_ConfigDigitalFilter  stm32h7xx_hal_i2c_ex.o
    0x08001aae   0x08001aae   0x00000002   PAD
    0x08001ab0   0x08001ab0   0x000000c4   Code   RO         2861    i.HAL_I2C_Init      stm32h7xx_hal_i2c.o
    0x08001b74   0x08001b74   0x000000a0   Code   RO          364    i.HAL_I2C_MspInit   i2c.o
    0x08001c14   0x08001c14   0x00000018   Code   RO         2531    i.HAL_IncTick       stm32h7xx_hal.o
    0x08001c2c   0x08001c2c   0x00000060   Code   RO         2532    i.HAL_Init          stm32h7xx_hal.o
    0x08001c8c   0x08001c8c   0x00000058   Code   RO         2533    i.HAL_InitTick      stm32h7xx_hal.o
    0x08001ce4   0x08001ce4   0x00000024   Code   RO          775    i.HAL_MspInit       stm32h7xx_hal_msp.o
    0x08001d08   0x08001d08   0x00000028   Code   RO          805    i.HAL_NVIC_EnableIRQ  stm32h7xx_hal_cortex.o
    0x08001d30   0x08001d30   0x0000007a   Code   RO          811    i.HAL_NVIC_SetPriority  stm32h7xx_hal_cortex.o
    0x08001daa   0x08001daa   0x00000002   PAD
    0x08001dac   0x08001dac   0x00000028   Code   RO          812    i.HAL_NVIC_SetPriorityGrouping  stm32h7xx_hal_cortex.o
    0x08001dd4   0x08001dd4   0x000006f8   Code   RO         4066    i.HAL_OSPIM_Config  stm32h7xx_hal_ospi.o
    0x080024cc   0x080024cc   0x00000110   Code   RO         4084    i.HAL_OSPI_Init     stm32h7xx_hal_ospi.o
    0x080025dc   0x080025dc   0x000001a4   Code   RO          406    i.HAL_OSPI_MspInit  octospi.o
    0x08002780   0x08002780   0x00000008   Code   RO         4094    i.HAL_OSPI_SetTimeout  stm32h7xx_hal_ospi.o
    0x08002788   0x08002788   0x00000028   Code   RO         6480    i.HAL_PCDEx_ActivateLPM  stm32h7xx_hal_pcd_ex.o
    0x080027b0   0x080027b0   0x00000172   Code   RO         6264    i.HAL_PCD_Init      stm32h7xx_hal_pcd.o
    0x08002922   0x08002922   0x00000002   PAD
    0x08002924   0x08002924   0x00000060   Code   RO          640    i.HAL_PCD_MspInit   usb_otg.o
    0x08002984   0x08002984   0x00000060   Code   RO         2261    i.HAL_PWREx_ConfigSupply  stm32h7xx_hal_pwr_ex.o
    0x080029e4   0x080029e4   0x00000014   Code   RO         2278    i.HAL_PWREx_EnableUSBVoltageDetector  stm32h7xx_hal_pwr_ex.o
    0x080029f8   0x080029f8   0x00000024   Code   RO         1203    i.HAL_RCCEx_GetD3PCLK1Freq  stm32h7xx_hal_rcc_ex.o
    0x08002a1c   0x08002a1c   0x00000230   Code   RO         1205    i.HAL_RCCEx_GetPLL2ClockFreq  stm32h7xx_hal_rcc_ex.o
    0x08002c4c   0x08002c4c   0x00000230   Code   RO         1206    i.HAL_RCCEx_GetPLL3ClockFreq  stm32h7xx_hal_rcc_ex.o
    0x08002e7c   0x08002e7c   0x00000cc8   Code   RO         1212    i.HAL_RCCEx_PeriphCLKConfig  stm32h7xx_hal_rcc_ex.o
    0x08003b44   0x08003b44   0x00000320   Code   RO         1088    i.HAL_RCC_ClockConfig  stm32h7xx_hal_rcc.o
    0x08003e64   0x08003e64   0x0000004c   Code   RO         1093    i.HAL_RCC_GetHCLKFreq  stm32h7xx_hal_rcc.o
    0x08003eb0   0x08003eb0   0x00000024   Code   RO         1095    i.HAL_RCC_GetPCLK1Freq  stm32h7xx_hal_rcc.o
    0x08003ed4   0x08003ed4   0x00000024   Code   RO         1096    i.HAL_RCC_GetPCLK2Freq  stm32h7xx_hal_rcc.o
    0x08003ef8   0x08003ef8   0x0000022c   Code   RO         1097    i.HAL_RCC_GetSysClockFreq  stm32h7xx_hal_rcc.o
    0x08004124   0x08004124   0x000000bc   Code   RO         1098    i.HAL_RCC_MCOConfig  stm32h7xx_hal_rcc.o
    0x080041e0   0x080041e0   0x0000075c   Code   RO         1100    i.HAL_RCC_OscConfig  stm32h7xx_hal_rcc.o
    0x0800493c   0x0800493c   0x00000098   Code   RO         6118    i.HAL_RS485Ex_Init  stm32h7xx_hal_uart_ex.o
    0x080049d4   0x080049d4   0x000001b0   Code   RO         4341    i.HAL_SPI_Init      stm32h7xx_hal_spi.o
    0x08004b84   0x08004b84   0x0000020c   Code   RO          448    i.HAL_SPI_MspInit   spi.o
    0x08004d90   0x08004d90   0x00000034   Code   RO          816    i.HAL_SYSTICK_Config  stm32h7xx_hal_cortex.o
    0x08004dc4   0x08004dc4   0x00000002   Code   RO         5391    i.HAL_TIMEx_Break2Callback  stm32h7xx_hal_tim_ex.o
    0x08004dc6   0x08004dc6   0x00000002   Code   RO         5392    i.HAL_TIMEx_BreakCallback  stm32h7xx_hal_tim_ex.o
    0x08004dc8   0x08004dc8   0x00000002   Code   RO         5393    i.HAL_TIMEx_CommutCallback  stm32h7xx_hal_tim_ex.o
    0x08004dca   0x08004dca   0x00000002   PAD
    0x08004dcc   0x08004dcc   0x000000e8   Code   RO         5395    i.HAL_TIMEx_ConfigBreakDeadTime  stm32h7xx_hal_tim_ex.o
    0x08004eb4   0x08004eb4   0x000000e4   Code   RO         5414    i.HAL_TIMEx_MasterConfigSynchronization  stm32h7xx_hal_tim_ex.o
    0x08004f98   0x08004f98   0x0000006e   Code   RO         4666    i.HAL_TIM_Base_Init  stm32h7xx_hal_tim.o
    0x08005006   0x08005006   0x00000002   PAD
    0x08005008   0x08005008   0x00000088   Code   RO          502    i.HAL_TIM_Base_MspInit  tim.o
    0x08005090   0x08005090   0x000000cc   Code   RO         4671    i.HAL_TIM_Base_Start_IT  stm32h7xx_hal_tim.o
    0x0800515c   0x0800515c   0x00000134   Code   RO         4675    i.HAL_TIM_ConfigClockSource  stm32h7xx_hal_tim.o
    0x08005290   0x08005290   0x00000002   Code   RO         4700    i.HAL_TIM_IC_CaptureCallback  stm32h7xx_hal_tim.o
    0x08005292   0x08005292   0x000001b8   Code   RO         4714    i.HAL_TIM_IRQHandler  stm32h7xx_hal_tim.o
    0x0800544a   0x0800544a   0x00000002   PAD
    0x0800544c   0x0800544c   0x00000060   Code   RO          503    i.HAL_TIM_MspPostInit  tim.o
    0x080054ac   0x080054ac   0x00000002   Code   RO         4717    i.HAL_TIM_OC_DelayElapsedCallback  stm32h7xx_hal_tim.o
    0x080054ae   0x080054ae   0x00000170   Code   RO         4738    i.HAL_TIM_PWM_ConfigChannel  stm32h7xx_hal_tim.o
    0x0800561e   0x0800561e   0x0000006e   Code   RO         4741    i.HAL_TIM_PWM_Init  stm32h7xx_hal_tim.o
    0x0800568c   0x0800568c   0x00000080   Code   RO          505    i.HAL_TIM_PWM_MspInit  tim.o
    0x0800570c   0x0800570c   0x00000002   Code   RO         4744    i.HAL_TIM_PWM_PulseFinishedCallback  stm32h7xx_hal_tim.o
    0x0800570e   0x0800570e   0x00000002   Code   RO         4752    i.HAL_TIM_PeriodElapsedCallback  stm32h7xx_hal_tim.o
    0x08005710   0x08005710   0x00000002   Code   RO         4757    i.HAL_TIM_TriggerCallback  stm32h7xx_hal_tim.o
    0x08005712   0x08005712   0x0000004e   Code   RO         6119    i.HAL_UARTEx_DisableFifoMode  stm32h7xx_hal_uart_ex.o
    0x08005760   0x08005760   0x0000005e   Code   RO         6128    i.HAL_UARTEx_SetRxFifoThreshold  stm32h7xx_hal_uart_ex.o
    0x080057be   0x080057be   0x0000005e   Code   RO         6129    i.HAL_UARTEx_SetTxFifoThreshold  stm32h7xx_hal_uart_ex.o
    0x0800581c   0x0800581c   0x00000078   Code   RO         5723    i.HAL_UART_Init     stm32h7xx_hal_uart.o
    0x08005894   0x08005894   0x00000370   Code   RO          568    i.HAL_UART_MspInit  usart.o
    0x08005c04   0x08005c04   0x00000004   Code   RO          685    i.HardFault_Handler  stm32h7xx_it.o
    0x08005c08   0x08005c08   0x00000038   Code   RO          268    i.MX_DCMI_Init      dcmi.o
    0x08005c40   0x08005c40   0x00000084   Code   RO          310    i.MX_FDCAN1_Init    fdcan.o
    0x08005cc4   0x08005cc4   0x00000080   Code   RO          311    i.MX_FDCAN2_Init    fdcan.o
    0x08005d44   0x08005d44   0x00000070   Code   RO          312    i.MX_FDCAN3_Init    fdcan.o
    0x08005db4   0x08005db4   0x00000284   Code   RO          242    i.MX_GPIO_Init      gpio.o
    0x08006038   0x08006038   0x00000058   Code   RO          365    i.MX_I2C1_Init      i2c.o
    0x08006090   0x08006090   0x00000078   Code   RO          407    i.MX_OCTOSPI1_Init  octospi.o
    0x08006108   0x08006108   0x00000060   Code   RO          449    i.MX_SPI1_Init      spi.o
    0x08006168   0x08006168   0x00000060   Code   RO          450    i.MX_SPI2_Init      spi.o
    0x080061c8   0x080061c8   0x00000060   Code   RO          451    i.MX_SPI3_Init      spi.o
    0x08006228   0x08006228   0x000000c0   Code   RO          506    i.MX_TIM1_Init      tim.o
    0x080062e8   0x080062e8   0x0000006c   Code   RO          507    i.MX_TIM2_Init      tim.o
    0x08006354   0x08006354   0x0000006c   Code   RO          569    i.MX_UART7_Init     usart.o
    0x080063c0   0x080063c0   0x0000006c   Code   RO          570    i.MX_UART9_Init     usart.o
    0x0800642c   0x0800642c   0x0000006c   Code   RO          571    i.MX_USART10_UART_Init  usart.o
    0x08006498   0x08006498   0x0000006c   Code   RO          572    i.MX_USART1_UART_Init  usart.o
    0x08006504   0x08006504   0x00000070   Code   RO          573    i.MX_USART2_UART_Init  usart.o
    0x08006574   0x08006574   0x00000070   Code   RO          574    i.MX_USART3_UART_Init  usart.o
    0x080065e4   0x080065e4   0x0000003c   Code   RO          641    i.MX_USB_OTG_HS_PCD_Init  usb_otg.o
    0x08006620   0x08006620   0x00000004   Code   RO          686    i.MemManage_Handler  stm32h7xx_it.o
    0x08006624   0x08006624   0x00000004   Code   RO          687    i.NMI_Handler       stm32h7xx_it.o
    0x08006628   0x08006628   0x000000e8   Code   RO         4102    i.OSPIM_GetConfig   stm32h7xx_hal_ospi.o
    0x08006710   0x08006710   0x0000004c   Code   RO         4107    i.OSPI_WaitFlagStateUntilTimeout  stm32h7xx_hal_ospi.o
    0x0800675c   0x0800675c   0x00000002   Code   RO          688    i.PendSV_Handler    stm32h7xx_it.o
    0x0800675e   0x0800675e   0x00000002   PAD
    0x08006760   0x08006760   0x00000164   Code   RO         1215    i.RCCEx_PLL2_Config  stm32h7xx_hal_rcc_ex.o
    0x080068c4   0x080068c4   0x00000164   Code   RO         1216    i.RCCEx_PLL3_Config  stm32h7xx_hal_rcc_ex.o
    0x08006a28   0x08006a28   0x0000001a   Code   RO         4372    i.SPI_GetPacketSize  stm32h7xx_hal_spi.o
    0x08006a42   0x08006a42   0x00000002   Code   RO          689    i.SVC_Handler       stm32h7xx_it.o
    0x08006a44   0x08006a44   0x00000008   Code   RO          690    i.SysTick_Handler   stm32h7xx_it.o
    0x08006a4c   0x08006a4c   0x000000cc   Code   RO           14    i.SystemClock_Config  main.o
    0x08006b18   0x08006b18   0x000000e0   Code   RO         6863    i.SystemInit        system_stm32h7xx.o
    0x08006bf8   0x08006bf8   0x00000010   Code   RO          691    i.TIM2_IRQHandler   stm32h7xx_it.o
    0x08006c08   0x08006c08   0x000000e0   Code   RO         4759    i.TIM_Base_SetConfig  stm32h7xx_hal_tim.o
    0x08006ce8   0x08006ce8   0x00000016   Code   RO         4770    i.TIM_ETR_SetConfig  stm32h7xx_hal_tim.o
    0x08006cfe   0x08006cfe   0x00000002   PAD
    0x08006d00   0x08006d00   0x00000018   Code   RO         4771    i.TIM_ITRx_SetConfig  stm32h7xx_hal_tim.o
    0x08006d18   0x08006d18   0x000000ac   Code   RO         4772    i.TIM_OC1_SetConfig  stm32h7xx_hal_tim.o
    0x08006dc4   0x08006dc4   0x000000b4   Code   RO         4773    i.TIM_OC2_SetConfig  stm32h7xx_hal_tim.o
    0x08006e78   0x08006e78   0x000000b4   Code   RO         4774    i.TIM_OC3_SetConfig  stm32h7xx_hal_tim.o
    0x08006f2c   0x08006f2c   0x00000074   Code   RO         4775    i.TIM_OC4_SetConfig  stm32h7xx_hal_tim.o
    0x08006fa0   0x08006fa0   0x00000070   Code   RO         4776    i.TIM_OC5_SetConfig  stm32h7xx_hal_tim.o
    0x08007010   0x08007010   0x00000070   Code   RO         4777    i.TIM_OC6_SetConfig  stm32h7xx_hal_tim.o
    0x08007080   0x08007080   0x00000026   Code   RO         4779    i.TIM_TI1_ConfigInputStage  stm32h7xx_hal_tim.o
    0x080070a6   0x080070a6   0x00000028   Code   RO         4781    i.TIM_TI2_ConfigInputStage  stm32h7xx_hal_tim.o
    0x080070ce   0x080070ce   0x00000002   PAD
    0x080070d0   0x080070d0   0x00000058   Code   RO         6133    i.UARTEx_SetNbDataToProcess  stm32h7xx_hal_uart_ex.o
    0x08007128   0x08007128   0x000000f8   Code   RO         5737    i.UART_AdvFeatureConfig  stm32h7xx_hal_uart.o
    0x08007220   0x08007220   0x000000ea   Code   RO         5738    i.UART_CheckIdleState  stm32h7xx_hal_uart.o
    0x0800730a   0x0800730a   0x00000002   PAD
    0x0800730c   0x0800730c   0x0000006c   Code   RO         5749    i.UART_EndRxTransfer  stm32h7xx_hal_uart.o
    0x08007378   0x08007378   0x00000628   Code   RO         5756    i.UART_SetConfig    stm32h7xx_hal_uart.o
    0x080079a0   0x080079a0   0x000000a2   Code   RO         5763    i.UART_WaitOnFlagUntilTimeout  stm32h7xx_hal_uart.o
    0x08007a42   0x08007a42   0x00000002   PAD
    0x08007a44   0x08007a44   0x00000098   Code   RO         6556    i.USB_CoreInit      stm32h7xx_ll_usb.o
    0x08007adc   0x08007adc   0x00000058   Code   RO         6557    i.USB_CoreReset     stm32h7xx_ll_usb.o
    0x08007b34   0x08007b34   0x00000024   Code   RO         6562    i.USB_DevDisconnect  stm32h7xx_ll_usb.o
    0x08007b58   0x08007b58   0x000001d8   Code   RO         6563    i.USB_DevInit       stm32h7xx_ll_usb.o
    0x08007d30   0x08007d30   0x0000000e   Code   RO         6564    i.USB_DisableGlobalInt  stm32h7xx_ll_usb.o
    0x08007d3e   0x08007d3e   0x00000002   PAD
    0x08007d40   0x08007d40   0x00000054   Code   RO         6573    i.USB_FlushRxFifo   stm32h7xx_ll_usb.o
    0x08007d94   0x08007d94   0x00000058   Code   RO         6574    i.USB_FlushTxFifo   stm32h7xx_ll_usb.o
    0x08007dec   0x08007dec   0x0000000a   Code   RO         6578    i.USB_GetMode       stm32h7xx_ll_usb.o
    0x08007df6   0x08007df6   0x00000068   Code   RO         6593    i.USB_SetCurrentMode  stm32h7xx_ll_usb.o
    0x08007e5e   0x08007e5e   0x00000012   Code   RO         6595    i.USB_SetDevSpeed   stm32h7xx_ll_usb.o
    0x08007e70   0x08007e70   0x00000004   Code   RO          692    i.UsageFault_Handler  stm32h7xx_it.o
    0x08007e74   0x08007e74   0x00000010   Code   RO          818    i.__NVIC_GetPriorityGrouping  stm32h7xx_hal_cortex.o
    0x08007e84   0x08007e84   0x00000028   Code   RO          819    i.__NVIC_SetPriority  stm32h7xx_hal_cortex.o
    0x08007eac   0x08007eac   0x0000000e   Code   RO         7073    i.__scatterload_copy  mc_w.l(handlers.o)
    0x08007eba   0x08007eba   0x00000002   Code   RO         7074    i.__scatterload_null  mc_w.l(handlers.o)
    0x08007ebc   0x08007ebc   0x0000000e   Code   RO         7075    i.__scatterload_zeroinit  mc_w.l(handlers.o)
    0x08007eca   0x08007eca   0x00000084   Code   RO         6903    i.canx_send_data    can_bsp.o
    0x08007f4e   0x08007f4e   0x0000009a   Code   RO         6957    i.dm4310_fbdata     dm4310_drv.o
    0x08007fe8   0x08007fe8   0x00000042   Code   RO         6958    i.enable_motor_mode  dm4310_drv.o
    0x0800802a   0x0800802a   0x00000032   Code   RO         6959    i.float_to_uint     dm4310_drv.o
    0x0800805c   0x0800805c   0x00000006   Code   RO         6960    i.joint_motor_init  dm4310_drv.o
    0x08008062   0x08008062   0x00000002   PAD
    0x08008064   0x08008064   0x000000e8   Code   RO           15    i.main              main.o
    0x0800814c   0x0800814c   0x000000f0   Code   RO         6961    i.mit_ctrl          dm4310_drv.o
    0x0800823c   0x0800823c   0x00000034   Code   RO         6964    i.uint_to_float     dm4310_drv.o
    0x08008270   0x08008270   0x0000005c   Data   RO         3548    .constdata          stm32h7xx_hal_fdcan.o
    0x080082cc   0x080082cc   0x00000018   Data   RO         5764    .constdata          stm32h7xx_hal_uart.o
    0x080082e4   0x080082e4   0x00000010   Data   RO         6135    .constdata          stm32h7xx_hal_uart_ex.o
    0x080082f4   0x080082f4   0x00000010   Data   RO         6864    .constdata          system_stm32h7xx.o
    0x08008304   0x08008304   0x00000020   Data   RO         7071    Region$$Table       anon$$obj.o


    Execution Region RW_IRAM1 (Exec base: 0x20000000, Load base: 0x08008324, Size: 0x00000000, Max: 0x00020000, ABSOLUTE)

    **** No section assigned to this execution region ****


    Execution Region RW_IRAM2 (Exec base: 0x24000000, Load base: 0x08008324, Size: 0x000012a8, Max: 0x00050000, ABSOLUTE)

    Exec Addr    Load Addr    Size         Type   Attr      Idx    E Section Name        Object

    0x24000000   0x08008324   0x00000004   Data   RW          314    .data               fdcan.o
    0x24000004   0x08008328   0x00000009   Data   RW         2556    .data               stm32h7xx_hal.o
    0x2400000d   0x08008331   0x00000003   PAD
    0x24000010   0x08008334   0x00000008   Data   RW         6865    .data               system_stm32h7xx.o
    0x24000018        -       0x00000028   Zero   RW           16    .bss                main.o
    0x24000040        -       0x00000050   Zero   RW          269    .bss                dcmi.o
    0x24000090        -       0x000001e0   Zero   RW          313    .bss                fdcan.o
    0x24000270        -       0x00000054   Zero   RW          366    .bss                i2c.o
    0x240002c4        -       0x0000005c   Zero   RW          408    .bss                octospi.o
    0x24000320        -       0x00000198   Zero   RW          452    .bss                spi.o
    0x240004b8        -       0x00000098   Zero   RW          508    .bss                tim.o
    0x24000550        -       0x00000378   Zero   RW          575    .bss                usart.o
    0x240008c8        -       0x0000050c   Zero   RW          642    .bss                usb_otg.o
    0x24000dd4        -       0x000000d0   Zero   RW         6904    .bss                can_bsp.o
    0x24000ea4   0x0800833c   0x00000004   PAD
    0x24000ea8        -       0x00000400   Zero   RW            1    STACK               startup_stm32h723xx.o


==============================================================================

Image component sizes


      Code (inc. data)   RO Data    RW Data    ZI Data      Debug   Object Name

       492         44          0          0        208       4197   can_bsp.o
       408         38          0          0         80       1978   dcmi.o
       568          8          0          0          0       5898   dm4310_drv.o
       880         56          0          4        480       3429   fdcan.o
       644         26          0          0          0       1423   gpio.o
       248         28          0          0         84       1813   i2c.o
       442         26          0          0         40    1277338   main.o
       540         32          0          0         92       2211   octospi.o
       812         58          0          0        408       3287   spi.o
        36          8        716          0       1024        824   startup_stm32h723xx.o
       260         48          0          9          0      23581   stm32h7xx_hal.o
       310         22          0          0          0      39979   stm32h7xx_hal_cortex.o
       160          4          0          0          0       1236   stm32h7xx_hal_dcmi.o
      3586         52         92          0          0      22388   stm32h7xx_hal_fdcan.o
       508         50          0          0          0       2192   stm32h7xx_hal_gpio.o
       196          4          0          0          0       2855   stm32h7xx_hal_i2c.o
       210          0          0          0          0       2043   stm32h7xx_hal_i2c_ex.o
        36          4          0          0          0        914   stm32h7xx_hal_msp.o
      2372         38          0          0          0       5721   stm32h7xx_hal_ospi.o
       370          0          0          0          0       1535   stm32h7xx_hal_pcd.o
        40          4          0          0          0       1124   stm32h7xx_hal_pcd_ex.o
       116         12          0          0          0       1326   stm32h7xx_hal_pwr_ex.o
      3576        124          0          0          0       7752   stm32h7xx_hal_rcc.o
      5140        112          0          0          0       7261   stm32h7xx_hal_rcc_ex.o
       458         12          0          0          0       2155   stm32h7xx_hal_spi.o
      2770        252          0          0          0      16378   stm32h7xx_hal_tim.o
       466         46          0          0          0       4140   stm32h7xx_hal_tim_ex.o
      2448        132         24          0          0      25506   stm32h7xx_hal_uart.o
       506         14         16          0          0       4656   stm32h7xx_hal_uart_ex.o
        82         18          0          0          0       5596   stm32h7xx_it.o
      1066         30          0          0          0       7617   stm32h7xx_ll_usb.o
       224         32         16          8          0       1366   system_stm32h7xx.o
       660         48          0          0        152       3955   tim.o
      1536        100          0          0        888       5469   usart.o
       156         18          0          0       1292       1777   usb_otg.o

    ----------------------------------------------------------------------
     32354       1500        896         24       4752    1500920   Object Totals
         0          0         32          0          0          0   (incl. Generated)
        32          0          0          3          4          0   (incl. Padding)

    ----------------------------------------------------------------------

      Code (inc. data)   RO Data    RW Data    ZI Data      Debug   Library Member Name

         0          0          0          0          0          0   entry.o
         0          0          0          0          0          0   entry10a.o
         0          0          0          0          0          0   entry11a.o
         4          0          0          0          0          0   entry12b.o
         8          4          0          0          0          0   entry2.o
         4          0          0          0          0          0   entry5.o
         0          0          0          0          0          0   entry7b.o
         0          0          0          0          0          0   entry8b.o
         8          4          0          0          0          0   entry9a.o
        30          0          0          0          0          0   handlers.o
        36          8          0          0          0         68   init.o
        30          0          0          0          0         68   llshl.o
        32          0          0          0          0         68   llushr.o
        36          0          0          0          0         68   memcpya.o
        36          0          0          0          0        108   memseta.o
        98          0          0          0          0         92   uldiv.o

    ----------------------------------------------------------------------
       322         16          0          0          0        472   Library Totals
         0          0          0          0          0          0   (incl. Padding)

    ----------------------------------------------------------------------

      Code (inc. data)   RO Data    RW Data    ZI Data      Debug   Library Name

       322         16          0          0          0        472   mc_w.l

    ----------------------------------------------------------------------
       322         16          0          0          0        472   Library Totals

    ----------------------------------------------------------------------

==============================================================================


      Code (inc. data)   RO Data    RW Data    ZI Data      Debug   

     32676       1516        896         24       4752    1485340   Grand Totals
     32676       1516        896         24       4752    1485340   ELF Image Totals
     32676       1516        896         24          0          0   ROM Totals

==============================================================================

    Total RO  Size (Code + RO Data)                33572 (  32.79kB)
    Total RW  Size (RW Data + ZI Data)              4776 (   4.66kB)
    Total ROM Size (Code + RO Data + RW Data)      33596 (  32.81kB)

==============================================================================

