Component: Arm Compiler for Embedded 6.23 Tool: armlink [5f102400]

==============================================================================

Section Cross References

    startup_stm32h723xx.o(RESET) refers to startup_stm32h723xx.o(STACK) for __initial_sp
    startup_stm32h723xx.o(RESET) refers to startup_stm32h723xx.o(.text) for Reset_Handler
    startup_stm32h723xx.o(RESET) refers to stm32h7xx_it.o(.text.NMI_Handler) for NMI_Handler
    startup_stm32h723xx.o(RESET) refers to stm32h7xx_it.o(.text.HardFault_Handler) for HardFault_Handler
    startup_stm32h723xx.o(RESET) refers to stm32h7xx_it.o(.text.MemManage_Handler) for MemManage_Handler
    startup_stm32h723xx.o(RESET) refers to stm32h7xx_it.o(.text.BusFault_Handler) for BusFault_Handler
    startup_stm32h723xx.o(RESET) refers to stm32h7xx_it.o(.text.UsageFault_Handler) for UsageFault_Handler
    startup_stm32h723xx.o(RESET) refers to stm32h7xx_it.o(.text.SVC_Handler) for SVC_Handler
    startup_stm32h723xx.o(RESET) refers to stm32h7xx_it.o(.text.DebugMon_Handler) for DebugMon_Handler
    startup_stm32h723xx.o(RESET) refers to stm32h7xx_it.o(.text.PendSV_Handler) for PendSV_Handler
    startup_stm32h723xx.o(RESET) refers to stm32h7xx_it.o(.text.SysTick_Handler) for SysTick_Handler
    startup_stm32h723xx.o(RESET) refers to stm32h7xx_it.o(.text.FDCAN1_IT0_IRQHandler) for FDCAN1_IT0_IRQHandler
    startup_stm32h723xx.o(RESET) refers to stm32h7xx_it.o(.text.FDCAN2_IT0_IRQHandler) for FDCAN2_IT0_IRQHandler
    startup_stm32h723xx.o(RESET) refers to stm32h7xx_it.o(.text.TIM2_IRQHandler) for TIM2_IRQHandler
    startup_stm32h723xx.o(.text) refers to system_stm32h7xx.o(.text.SystemInit) for SystemInit
    startup_stm32h723xx.o(.text) refers to entry.o(.ARM.Collect$$$$00000000) for __main
    main.o(.text.main) refers to stm32h7xx_hal.o(.text.HAL_Init) for HAL_Init
    main.o(.text.main) refers to main.o(.text.SystemClock_Config) for SystemClock_Config
    main.o(.text.main) refers to gpio.o(.text.MX_GPIO_Init) for MX_GPIO_Init
    main.o(.text.main) refers to dcmi.o(.text.MX_DCMI_Init) for MX_DCMI_Init
    main.o(.text.main) refers to fdcan.o(.text.MX_FDCAN1_Init) for MX_FDCAN1_Init
    main.o(.text.main) refers to fdcan.o(.text.MX_FDCAN3_Init) for MX_FDCAN3_Init
    main.o(.text.main) refers to i2c.o(.text.MX_I2C1_Init) for MX_I2C1_Init
    main.o(.text.main) refers to octospi.o(.text.MX_OCTOSPI1_Init) for MX_OCTOSPI1_Init
    main.o(.text.main) refers to spi.o(.text.MX_SPI1_Init) for MX_SPI1_Init
    main.o(.text.main) refers to spi.o(.text.MX_SPI2_Init) for MX_SPI2_Init
    main.o(.text.main) refers to spi.o(.text.MX_SPI3_Init) for MX_SPI3_Init
    main.o(.text.main) refers to tim.o(.text.MX_TIM1_Init) for MX_TIM1_Init
    main.o(.text.main) refers to usart.o(.text.MX_UART7_Init) for MX_UART7_Init
    main.o(.text.main) refers to usart.o(.text.MX_UART9_Init) for MX_UART9_Init
    main.o(.text.main) refers to usart.o(.text.MX_USART1_UART_Init) for MX_USART1_UART_Init
    main.o(.text.main) refers to usart.o(.text.MX_USART2_UART_Init) for MX_USART2_UART_Init
    main.o(.text.main) refers to usart.o(.text.MX_USART3_UART_Init) for MX_USART3_UART_Init
    main.o(.text.main) refers to usart.o(.text.MX_USART10_UART_Init) for MX_USART10_UART_Init
    main.o(.text.main) refers to usb_otg.o(.text.MX_USB_OTG_HS_PCD_Init) for MX_USB_OTG_HS_PCD_Init
    main.o(.text.main) refers to fdcan.o(.text.MX_FDCAN2_Init) for MX_FDCAN2_Init
    main.o(.text.main) refers to tim.o(.text.MX_TIM2_Init) for MX_TIM2_Init
    main.o(.text.main) refers to stm32h7xx_hal_gpio.o(.text.HAL_GPIO_WritePin) for HAL_GPIO_WritePin
    main.o(.text.main) refers to stm32h7xx_hal.o(.text.HAL_Delay) for HAL_Delay
    main.o(.text.main) refers to can_bsp.o(.text.FDCAN1_Config) for FDCAN1_Config
    main.o(.text.main) refers to can_bsp.o(.text.FDCAN2_Config) for FDCAN2_Config
    main.o(.text.main) refers to main.o(.bss.arm) for arm
    main.o(.text.main) refers to openarm_control.o(.text.openarm_init) for openarm_init
    main.o(.text.main) refers to fdcan.o(.bss.hfdcan1) for hfdcan1
    main.o(.text.main) refers to dm_drv.o(.text.enable_motor_mode) for enable_motor_mode
    main.o(.text.main) refers to tim.o(.bss.htim2) for htim2
    main.o(.text.main) refers to stm32h7xx_hal_tim.o(.text.HAL_TIM_Base_Start_IT) for HAL_TIM_Base_Start_IT
    main.o(.text.main) refers to openarm_control.o(.text.move_mit_all) for move_mit_all
    main.o(.ARM.exidx.text.main) refers to main.o(.text.main) for [Anonymous Symbol]
    main.o(.text.SystemClock_Config) refers to memseta.o(.text) for __aeabi_memclr4
    main.o(.text.SystemClock_Config) refers to stm32h7xx_hal_pwr_ex.o(.text.HAL_PWREx_ConfigSupply) for HAL_PWREx_ConfigSupply
    main.o(.text.SystemClock_Config) refers to stm32h7xx_hal_rcc.o(.text.HAL_RCC_OscConfig) for HAL_RCC_OscConfig
    main.o(.text.SystemClock_Config) refers to stm32h7xx_hal_rcc.o(.text.HAL_RCC_ClockConfig) for HAL_RCC_ClockConfig
[...]
    .ARM.Collect$$$$00000000                 0x080002cc   Section        0  entry.o(.ARM.Collect$$$$00000000)
    .ARM.Collect$$$$00000001                 0x080002cc   Section        4  entry2.o(.ARM.Collect$$$$00000001)
    .ARM.Collect$$$$00000004                 0x080002d0   Section        4  entry5.o(.ARM.Collect$$$$00000004)
    .ARM.Collect$$$$00000008                 0x080002d4   Section        0  entry7b.o(.ARM.Collect$$$$00000008)
    .ARM.Collect$$$$0000000A                 0x080002d4   Section        0  entry8b.o(.ARM.Collect$$$$0000000A)
    .ARM.Collect$$$$0000000B                 0x080002d4   Section        8  entry9a.o(.ARM.Collect$$$$0000000B)
    __lit__00000000                          0x080002dc   Data           4  entry2.o(.ARM.Collect$$$$00002712)
    .ARM.Collect$$$$0000000D                 0x080002dc   Section        0  entry10a.o(.ARM.Collect$$$$0000000D)
    .ARM.Collect$$$$0000000F                 0x080002dc   Section        0  entry11a.o(.ARM.Collect$$$$0000000F)
    .ARM.Collect$$$$00002712                 0x080002dc   Section        4  entry2.o(.ARM.Collect$$$$00002712)
    $v0                                      0x080002e0   Number         0  startup_stm32h723xx.o(.text)
    .text                                    0x080002e0   Section       36  startup_stm32h723xx.o(.text)
    .text                                    0x08000304   Section        0  uldiv.o(.text)
    .text                                    0x08000366   Section        0  memseta.o(.text)
    .text                                    0x0800038a   Section        0  llshl.o(.text)
    .text                                    0x080003a8   Section        0  llushr.o(.text)
    .text                                    0x080003c8   Section       48  init.o(.text)
    [Anonymous Symbol]                       0x080003f8   Section        0  stm32h7xx_it.o(.text.BusFault_Handler)
    [Anonymous Symbol]                       0x08000400   Section        0  stm32h7xx_it.o(.text.DebugMon_Handler)
    [Anonymous Symbol]                       0x08000408   Section        0  main.o(.text.Error_Handler)
    [Anonymous Symbol]                       0x08000418   Section        0  can_bsp.o(.text.FDCAN1_Config)
    [Anonymous Symbol]                       0x08000488   Section        0  stm32h7xx_it.o(.text.FDCAN1_IT0_IRQHandler)
    [Anonymous Symbol]                       0x08000498   Section        0  can_bsp.o(.text.FDCAN2_Config)
    [Anonymous Symbol]                       0x08000508   Section        0  stm32h7xx_it.o(.text.FDCAN2_IT0_IRQHandler)
    FDCAN_CopyMessageToRAM                   0x08000519   Thumb Code   126  stm32h7xx_hal_fdcan.o(.text.FDCAN_CopyMessageToRAM)
    [Anonymous Symbol]                       0x08000518   Section        0  stm32h7xx_hal_fdcan.o(.text.FDCAN_CopyMessageToRAM)
    [Anonymous Symbol]                       0x08000598   Section        0  stm32h7xx_hal_dcmi.o(.text.HAL_DCMI_Init)
    [Anonymous Symbol]                       0x08000640   Section        0  dcmi.o(.text.HAL_DCMI_MspInit)
    [Anonymous Symbol]                       0x08000768   Section        0  stm32h7xx_hal.o(.text.HAL_Delay)
    [Anonymous Symbol]                       0x08000790   Section        0  stm32h7xx_hal_fdcan.o(.text.HAL_FDCAN_ActivateNotification)
    [Anonymous Symbol]                       0x08000808   Section        0  stm32h7xx_hal_fdcan.o(.text.HAL_FDCAN_AddMessageToTxFifoQ)
    [Anonymous Symbol]                       0x08000878   Section        0  stm32h7xx_hal_fdcan.o(.text.HAL_FDCAN_ClockCalibrationCallback)
    [Anonymous Symbol]                       0x08000880   Section        0  stm32h7xx_hal_fdcan.o(.text.HAL_FDCAN_ConfigFilter)
    [Anonymous Symbol]                       0x08000908   Section        0  stm32h7xx_hal_fdcan.o(.text.HAL_FDCAN_ConfigGlobalFilter)
    [Anonymous Symbol]                       0x08000940   Section        0  stm32h7xx_hal_fdcan.o(.text.HAL_FDCAN_ErrorCallback)
    [Anonymous Symbol]                       0x08000948   Section        0  stm32h7xx_hal_fdcan.o(.text.HAL_FDCAN_ErrorStatusCallback)
    [Anonymous Symbol]                       0x08000950   Section        0  stm32h7xx_hal_fdcan.o(.text.HAL_FDCAN_GetRxMessage)
    [Anonymous Symbol]                       0x08000ae0   Section        0  stm32h7xx_hal_fdcan.o(.text.HAL_FDCAN_HighPriorityMessageCallback)
    [Anonymous Symbol]                       0x08000ae8   Section        0  stm32h7xx_hal_fdcan.o(.text.HAL_FDCAN_IRQHandler)
    [Anonymous Symbol]                       0x08000e10   Section        0  stm32h7xx_hal_fdcan.o(.text.HAL_FDCAN_Init)
    [Anonymous Symbol]                       0x080011d8   Section        0  fdcan.o(.text.HAL_FDCAN_MspInit)
    [Anonymous Symbol]                       0x080013c0   Section        0  stm32h7xx_hal_fdcan.o(.text.HAL_FDCAN_RxBufferNewMessageCallback)
    [Anonymous Symbol]                       0x080013c8   Section        0  can_bsp.o(.text.HAL_FDCAN_RxFifo0Callback)
    [Anonymous Symbol]                       0x08001430   Section        0  can_bsp.o(.text.HAL_FDCAN_RxFifo1Callback)
    [Anonymous Symbol]                       0x080014a0   Section        0  stm32h7xx_hal_fdcan.o(.text.HAL_FDCAN_Start)
    [Anonymous Symbol]                       0x080014d8   Section        0  stm32h7xx_hal_fdcan.o(.text.HAL_FDCAN_TT_GlobalTimeCallback)
    [Anonymous Symbol]                       0x080014e0   Section        0  stm32h7xx_hal_fdcan.o(.text.HAL_FDCAN_TT_ScheduleSyncCallback)
    [Anonymous Symbol]                       0x080014e8   Section        0  stm32h7xx_hal_fdcan.o(.text.HAL_FDCAN_TT_StopWatchCallback)
    [Anonymous Symbol]                       0x080014f0   Section        0  stm32h7xx_hal_fdcan.o(.text.HAL_FDCAN_TT_TimeMarkCallback)
    [Anonymous Symbol]                       0x080014f8   Section        0  stm32h7xx_hal_fdcan.o(.text.HAL_FDCAN_TimeoutOccurredCallback)
    [Anonymous Symbol]                       0x08001500   Section        0  stm32h7xx_hal_fdcan.o(.text.HAL_FDCAN_TimestampWraparoundCallback)
    [Anonymous Symbol]                       0x08001508   Section        0  stm32h7xx_hal_fdcan.o(.text.HAL_FDCAN_TxBufferAbortCallback)
    [Anonymous Symbol]                       0x08001510   Section        0  stm32h7xx_hal_fdcan.o(.text.HAL_FDCAN_TxBufferCompleteCallback)
    [Anonymous Symbol]                       0x08001518   Section        0  stm32h7xx_hal_fdcan.o(.text.HAL_FDCAN_TxEventFifoCallback)
    [Anonymous Symbol]                       0x08001520   Section        0  stm32h7xx_hal_fdcan.o(.text.HAL_FDCAN_TxFifoEmptyCallback)
    [Anonymous Symbol]                       0x08001528   Section        0  stm32h7xx_hal_gpio.o(.text.HAL_GPIO_Init)
    [Anonymous Symbol]                       0x080016d0   Section        0  stm32h7xx_hal_gpio.o(.text.HAL_GPIO_WritePin)
    [Anonymous Symbol]                       0x080016e0   Section        0  stm32h7xx_hal.o(.text.HAL_GetTick)
    [Anonymous Symbol]                       0x080016f0   Section        0  stm32h7xx_hal_i2c_ex.o(.text.HAL_I2CEx_ConfigAnalogFilter)
    [Anonymous Symbol]                       0x08001740   Section        0  stm32h7xx_hal_i2c_ex.o(.text.HAL_I2CEx_ConfigDigitalFilter)
    [Anonymous Symbol]                       0x08001788   Section        0  stm32h7xx_hal_i2c.o(.text.HAL_I2C_Init)
    [Anonymous Symbol]                       0x08001830   Section        0  i2c.o(.text.HAL_I2C_MspInit)
    [Anonymous Symbol]                       0x080018c8   Section        0  stm32h7xx_hal.o(.text.HAL_IncTick)
    [Anonymous Symbol]                       0x080018e8   Section        0  stm32h7xx_hal.o(.text.HAL_Init)
    [Anonymous Symbol]                       0x08001950   Section        0  stm32h7xx_hal.o(.text.HAL_InitTick)
    [Anonymous Symbol]                       0x080019a8   Section        0  stm32h7xx_hal_msp.o(.text.HAL_MspInit)
    [Anonymous Symbol]                       0x080019c8   Section        0  stm32h7xx_hal_cortex.o(.text.HAL_NVIC_EnableIRQ)
    [Anonymous Symbol]                       0x080019f0   Section        0  stm32h7xx_hal_cortex.o(.text.HAL_NVIC_SetPriority)
    [Anonymous Symbol]                       0x08001a50   Section        0  stm32h7xx_hal_cortex.o(.text.HAL_NVIC_SetPriorityGrouping)
    [Anonymous Symbol]                       0x08001a70   Section        0  stm32h7xx_hal_ospi.o(.text.HAL_OSPIM_Config)
    [Anonymous Symbol]                       0x08001f68   Section        0  stm32h7xx_hal_ospi.o(.text.HAL_OSPI_Init)
    [Anonymous Symbol]                       0x08002090   Section        0  octospi.o(.text.HAL_OSPI_MspInit)
    [Anonymous Symbol]                       0x080021f8   Section        0  stm32h7xx_hal_pcd_ex.o(.text.HAL_PCDEx_ActivateLPM)
    [Anonymous Symbol]                       0x08002220   Section        0  stm32h7xx_hal_pcd.o(.text.HAL_PCD_Init)
    [Anonymous Symbol]                       0x08002368   Section        0  usb_otg.o(.text.HAL_PCD_MspInit)
    [Anonymous Symbol]                       0x080023c8   Section        0  stm32h7xx_hal_pwr_ex.o(.text.HAL_PWREx_ConfigSupply)
    [Anonymous Symbol]                       0x08002410   Section        0  stm32h7xx_hal_pwr_ex.o(.text.HAL_PWREx_EnableUSBVoltageDetector)
    [Anonymous Symbol]                       0x08002428   Section        0  stm32h7xx_hal_rcc_ex.o(.text.HAL_RCCEx_GetD3PCLK1Freq)
    [Anonymous Symbol]                       0x08002450   Section        0  stm32h7xx_hal_rcc_ex.o(.text.HAL_RCCEx_GetPLL2ClockFreq)
    [Anonymous Symbol]                       0x08002570   Section        0  stm32h7xx_hal_rcc_ex.o(.text.HAL_RCCEx_GetPLL3ClockFreq)
    [Anonymous Symbol]                       0x08002690   Section        0  stm32h7xx_hal_rcc_ex.o(.text.HAL_RCCEx_PeriphCLKConfig)
    [Anonymous Symbol]                       0x08002ff8   Section        0  stm32h7xx_hal_rcc.o(.text.HAL_RCC_ClockConfig)
    [Anonymous Symbol]                       0x08003248   Section        0  stm32h7xx_hal_rcc.o(.text.HAL_RCC_GetHCLKFreq)
    [Anonymous Symbol]                       0x08003298   Section        0  stm32h7xx_hal_rcc.o(.text.HAL_RCC_GetPCLK1Freq)
    [Anonymous Symbol]                       0x080032f8   Section        0  stm32h7xx_hal_rcc.o(.text.HAL_RCC_GetPCLK2Freq)
    [Anonymous Symbol]                       0x08003358   Section        0  stm32h7xx_hal_rcc.o(.text.HAL_RCC_GetSysClockFreq)
    [Anonymous Symbol]                       0x08003470   Section        0  stm32h7xx_hal_rcc.o(.text.HAL_RCC_MCOConfig)
    [Anonymous Symbol]                       0x08003510   Section        0  stm32h7xx_hal_rcc.o(.text.HAL_RCC_OscConfig)
    [Anonymous Symbol]                       0x08003ae0   Section        0  stm32h7xx_hal_uart_ex.o(.text.HAL_RS485Ex_Init)
    [Anonymous Symbol]                       0x08003b68   Section        0  stm32h7xx_hal_spi.o(.text.HAL_SPI_Init)
    [Anonymous Symbol]                       0x08003d18   Section        0  spi.o(.text.HAL_SPI_MspInit)
    [Anonymous Symbol]                       0x08003ed8   Section        0  stm32h7xx_hal_cortex.o(.text.HAL_SYSTICK_Config)
    [Anonymous Symbol]                       0x08003f08   Section        0  stm32h7xx_hal_tim_ex.o(.text.HAL_TIMEx_Break2Callback)
    [Anonymous Symbol]                       0x08003f10   Section        0  stm32h7xx_hal_tim_ex.o(.text.HAL_TIMEx_BreakCallback)
    [Anonymous Symbol]                       0x08003f18   Section        0  stm32h7xx_hal_tim_ex.o(.text.HAL_TIMEx_CommutCallback)
    [Anonymous Symbol]                       0x08003f20   Section        0  stm32h7xx_hal_tim_ex.o(.text.HAL_TIMEx_ConfigBreakDeadTime)
    [Anonymous Symbol]                       0x08003fd8   Section        0  stm32h7xx_hal_tim_ex.o(.text.HAL_TIMEx_MasterConfigSynchronization)
    [Anonymous Symbol]                       0x080040c0   Section        0  stm32h7xx_hal_tim.o(.text.HAL_TIM_Base_Init)
    [Anonymous Symbol]                       0x08004120   Section        0  tim.o(.text.HAL_TIM_Base_MspInit)
    [Anonymous Symbol]                       0x08004198   Section        0  stm32h7xx_hal_tim.o(.text.HAL_TIM_Base_Start_IT)
    [Anonymous Symbol]                       0x08004268   Section        0  stm32h7xx_hal_tim.o(.text.HAL_TIM_ConfigClockSource)
    [Anonymous Symbol]                       0x08004460   Section        0  stm32h7xx_hal_tim.o(.text.HAL_TIM_IC_CaptureCallback)
    [Anonymous Symbol]                       0x08004468   Section        0  stm32h7xx_hal_tim.o(.text.HAL_TIM_IRQHandler)
    [Anonymous Symbol]                       0x080045f0   Section        0  stm32h7xx_hal_tim.o(.text.HAL_TIM_OC_DelayElapsedCallback)
    [Anonymous Symbol]                       0x080045f8   Section        0  stm32h7xx_hal_tim.o(.text.HAL_TIM_PWM_ConfigChannel)
    [Anonymous Symbol]                       0x08004a98   Section        0  stm32h7xx_hal_tim.o(.text.HAL_TIM_PWM_Init)
    [Anonymous Symbol]                       0x08004af8   Section        0  tim.o(.text.HAL_TIM_PWM_MspInit)
    [Anonymous Symbol]                       0x08004b68   Section        0  stm32h7xx_hal_tim.o(.text.HAL_TIM_PWM_PulseFinishedCallback)
    [Anonymous Symbol]                       0x08004b70   Section        0  stm32h7xx_hal_tim.o(.text.HAL_TIM_PeriodElapsedCallback)
    [Anonymous Symbol]                       0x08004b78   Section        0  stm32h7xx_hal_tim.o(.text.HAL_TIM_TriggerCallback)
    [Anonymous Symbol]                       0x08004b80   Section        0  stm32h7xx_hal_uart_ex.o(.text.HAL_UARTEx_DisableFifoMode)
    [Anonymous Symbol]                       0x08004bb8   Section        0  stm32h7xx_hal_uart_ex.o(.text.HAL_UARTEx_SetRxFifoThreshold)
    [Anonymous Symbol]                       0x08004c50   Section        0  stm32h7xx_hal_uart_ex.o(.text.HAL_UARTEx_SetTxFifoThreshold)
    [Anonymous Symbol]                       0x08004ce8   Section        0  stm32h7xx_hal_uart.o(.text.HAL_UART_Init)
    [Anonymous Symbol]                       0x08004d50   Section        0  usart.o(.text.HAL_UART_MspInit)
    [Anonymous Symbol]                       0x08005040   Section        0  stm32h7xx_it.o(.text.HardFault_Handler)
    [Anonymous Symbol]                       0x08005048   Section        0  dcmi.o(.text.MX_DCMI_Init)
    [Anonymous Symbol]                       0x08005088   Section        0  fdcan.o(.text.MX_FDCAN1_Init)
    [Anonymous Symbol]                       0x080050f8   Section        0  fdcan.o(.text.MX_FDCAN2_Init)
    [Anonymous Symbol]                       0x08005168   Section        0  fdcan.o(.text.MX_FDCAN3_Init)
    [Anonymous Symbol]                       0x080051d0   Section        0  gpio.o(.text.MX_GPIO_Init)
    [Anonymous Symbol]                       0x08005408   Section        0  i2c.o(.text.MX_I2C1_Init)
    [Anonymous Symbol]                       0x08005478   Section        0  octospi.o(.text.MX_OCTOSPI1_Init)
    [Anonymous Symbol]                       0x080054f0   Section        0  spi.o(.text.MX_SPI1_Init)
    [Anonymous Symbol]                       0x08005550   Section        0  spi.o(.text.MX_SPI2_Init)
    [Anonymous Symbol]                       0x080055b0   Section        0  spi.o(.text.MX_SPI3_Init)
    [Anonymous Symbol]                       0x08005610   Section        0  tim.o(.text.MX_TIM1_Init)
    [Anonymous Symbol]                       0x08005728   Section        0  tim.o(.text.MX_TIM2_Init)
    [Anonymous Symbol]                       0x080057a0   Section        0  usart.o(.text.MX_UART7_Init)
    [Anonymous Symbol]                       0x08005820   Section        0  usart.o(.text.MX_UART9_Init)
    [Anonymous Symbol]                       0x080058a0   Section        0  usart.o(.text.MX_USART10_UART_Init)
    [Anonymous Symbol]                       0x08005920   Section        0  usart.o(.text.MX_USART1_UART_Init)
    [Anonymous Symbol]                       0x080059a0   Section        0  usart.o(.text.MX_USART2_UART_Init)
    [Anonymous Symbol]                       0x08005a20   Section        0  usart.o(.text.MX_USART3_UART_Init)
    [Anonymous Symbol]                       0x08005aa0   Section        0  usb_otg.o(.text.MX_USB_OTG_HS_PCD_Init)
    [Anonymous Symbol]                       0x08005ae0   Section        0  stm32h7xx_it.o(.text.MemManage_Handler)
    [Anonymous Symbol]                       0x08005ae8   Section        0  stm32h7xx_it.o(.text.NMI_Handler)
    [Anonymous Symbol]                       0x08005af0   Section        0  stm32h7xx_it.o(.text.PendSV_Handler)
    RCCEx_PLL2_Config                        0x08005af9   Thumb Code   286  stm32h7xx_hal_rcc_ex.o(.text.RCCEx_PLL2_Config)
    [Anonymous Symbol]                       0x08005af8   Section        0  stm32h7xx_hal_rcc_ex.o(.text.RCCEx_PLL2_Config)
    RCCEx_PLL3_Config                        0x08005c19   Thumb Code   286  stm32h7xx_hal_rcc_ex.o(.text.RCCEx_PLL3_Config)
    [Anonymous Symbol]                       0x08005c18   Section        0  stm32h7xx_hal_rcc_ex.o(.text.RCCEx_PLL3_Config)
    [Anonymous Symbol]                       0x08005d38   Section        0  stm32h7xx_it.o(.text.SVC_Handler)
    [Anonymous Symbol]                       0x08005d40   Section        0  stm32h7xx_it.o(.text.SysTick_Handler)
    [Anonymous Symbol]                       0x08005d48   Section        0  main.o(.text.SystemClock_Config)
    [Anonymous Symbol]                       0x08005e10   Section        0  system_stm32h7xx.o(.text.SystemInit)
    [Anonymous Symbol]                       0x08005ec0   Section        0  stm32h7xx_it.o(.text.TIM2_IRQHandler)
    [Anonymous Symbol]                       0x08005ed0   Section        0  stm32h7xx_hal_tim.o(.text.TIM_Base_SetConfig)
    [Anonymous Symbol]                       0x08006028   Section        0  stm32h7xx_hal_uart.o(.text.UART_AdvFeatureConfig)
    [Anonymous Symbol]                       0x08006108   Section        0  stm32h7xx_hal_uart.o(.text.UART_CheckIdleState)
    [Anonymous Symbol]                       0x080061c8   Section        0  stm32h7xx_hal_uart.o(.text.UART_SetConfig)
    [Anonymous Symbol]                       0x08006630   Section        0  stm32h7xx_hal_uart.o(.text.UART_WaitOnFlagUntilTimeout)
    [Anonymous Symbol]                       0x08006768   Section        0  stm32h7xx_ll_usb.o(.text.USB_CoreInit)
    [Anonymous Symbol]                       0x08006880   Section        0  stm32h7xx_ll_usb.o(.text.USB_DevDisconnect)
    [Anonymous Symbol]                       0x080068a0   Section        0  stm32h7xx_ll_usb.o(.text.USB_DevInit)
    [Anonymous Symbol]                       0x08006a88   Section        0  stm32h7xx_ll_usb.o(.text.USB_DisableGlobalInt)
    [Anonymous Symbol]                       0x08006a98   Section        0  stm32h7xx_ll_usb.o(.text.USB_SetCurrentMode)
    [Anonymous Symbol]                       0x08006b00   Section        0  stm32h7xx_it.o(.text.UsageFault_Handler)
    [Anonymous Symbol]                       0x08006b08   Section        0  can_bsp.o(.text.canx_send_data)
    [Anonymous Symbol]                       0x08006ba0   Section        0  dm_drv.o(.text.dm_fbdata)
    [Anonymous Symbol]                       0x08006c58   Section        0  dm_drv.o(.text.enable_motor_mode)
    [Anonymous Symbol]                       0x08006c80   Section        0  dm_drv.o(.text.joint_motor_init)
    [Anonymous Symbol]                       0x08006c90   Section        0  main.o(.text.main)
    [Anonymous Symbol]                       0x08006eb8   Section        0  dm_drv.o(.text.mit_ctrl)
    [Anonymous Symbol]                       0x08006f98   Section        0  openarm_control.o(.text.move_mit_all)
    [Anonymous Symbol]                       0x08006ff0   Section        0  openarm_control.o(.text.openarm_init)
    i.__scatterload_copy                     0x08007032   Section       14  handlers.o(i.__scatterload_copy)
    i.__scatterload_null                     0x08007040   Section        2  handlers.o(i.__scatterload_null)
    i.__scatterload_zeroinit                 0x08007042   Section       14  handlers.o(i.__scatterload_zeroinit)
    .L__const.HAL_FDCAN_Init.CvtEltSize      0x08007050   Data          76  stm32h7xx_hal_fdcan.o(.rodata..L__const.HAL_FDCAN_Init.CvtEltSize)
    .Lswitch.table.UART_SetConfig.7          0x0800709c   Data           6  stm32h7xx_hal_uart.o(.rodata..Lswitch.table.UART_SetConfig.7)
    .Lswitch.table.UART_SetConfig.9          0x080070a2   Data           6  stm32h7xx_hal_uart.o(.rodata..Lswitch.table.UART_SetConfig.9)
    DLCtoBytes                               0x080070d0   Data          16  stm32h7xx_hal_fdcan.o(.rodata.cst16)
    [Anonymous Symbol]                       0x080070d0   Section        0  stm32h7xx_hal_fdcan.o(.rodata.cst16)
    UARTEx_SetNbDataToProcess.numerator      0x080070e0   Data           8  stm32h7xx_hal_uart_ex.o(.rodata.cst8)
    [Anonymous Symbol]                       0x080070e0   Section        0  stm32h7xx_hal_uart_ex.o(.rodata.cst8)
    UARTEx_SetNbDataToProcess.denominator    0x080070e8   Data           8  stm32h7xx_hal_uart_ex.o(.rodata.cst8)
    HAL_RCC_FDCAN_CLK_ENABLED                0x24000010   Data           4  fdcan.o(.bss.HAL_RCC_FDCAN_CLK_ENABLED)
    [Anonymous Symbol]                       0x24000010   Section        0  fdcan.o(.bss.HAL_RCC_FDCAN_CLK_ENABLED)
    STACK                                    0x24000fb0   Section     1024  startup_stm32h723xx.o(STACK)

    Global Symbols

    Symbol Name                              Value     Ov Type        Size  Object(Section)

    BuildAttributes$$THM_ISAv4$E$P$D$K$B$S$7EM$VFPv5_D16$PE$PLD8$A:L22UL41UL21$X:L11$S22US41US21$IEEE1$IW$~IW$USESV6$~STKCKD$USESV7$~SHL$OTIME$EBA8$MICROLIB$REQ8$PRES8$EABIv2 0x00000000   Number         0  anon$$obj.o ABSOLUTE
    __cpp_initialize__aeabi_                  - Undefined Weak Reference
    __cxa_finalize                            - Undefined Weak Reference
    __decompress                              - Undefined Weak Reference
    _clock_init                               - Undefined Weak Reference
    _microlib_exit                            - Undefined Weak Reference
    __Vectors_Size                           0x000002cc   Number         0  startup_stm32h723xx.o ABSOLUTE
    __Vectors                                0x08000000   Data           4  startup_stm32h723xx.o(RESET)
    __Vectors_End                            0x080002cc   Data           0  startup_stm32h723xx.o(RESET)
    __main                                   0x080002cd   Thumb Code     0  entry.o(.ARM.Collect$$$$00000000)
    _main_stk                                0x080002cd   Thumb Code     0  entry2.o(.ARM.Collect$$$$00000001)
    _main_scatterload                        0x080002d1   Thumb Code     0  entry5.o(.ARM.Collect$$$$00000004)
    __main_after_scatterload                 0x080002d5   Thumb Code     0  entry5.o(.ARM.Collect$$$$00000004)
    _main_clock                              0x080002d5   Thumb Code     0  entry7b.o(.ARM.Collect$$$$00000008)
    _main_cpp_init                           0x080002d5   Thumb Code     0  entry8b.o(.ARM.Collect$$$$0000000A)
    _main_init                               0x080002d5   Thumb Code     0  entry9a.o(.ARM.Collect$$$$0000000B)
    __rt_final_cpp                           0x080002dd   Thumb Code     0  entry10a.o(.ARM.Collect$$$$0000000D)
    __rt_final_exit                          0x080002dd   Thumb Code     0  entry11a.o(.ARM.Collect$$$$0000000F)
    Reset_Handler                            0x080002e1   Thumb Code     8  startup_stm32h723xx.o(.text)
    ADC3_IRQHandler                          0x080002fb   Thumb Code     0  startup_stm32h723xx.o(.text)
    ADC_IRQHandler                           0x080002fb   Thumb Code     0  startup_stm32h723xx.o(.text)
    BDMA_Channel0_IRQHandler                 0x080002fb   Thumb Code     0  startup_stm32h723xx.o(.text)
    BDMA_Channel1_IRQHandler                 0x080002fb   Thumb Code     0  startup_stm32h723xx.o(.text)
    BDMA_Channel2_IRQHandler                 0x080002fb   Thumb Code     0  startup_stm32h723xx.o(.text)
    BDMA_Channel3_IRQHandler                 0x080002fb   Thumb Code     0  startup_stm32h723xx.o(.text)
    BDMA_Channel4_IRQHandler                 0x080002fb   Thumb Code     0  startup_stm32h723xx.o(.text)
    BDMA_Channel5_IRQHandler                 0x080002fb   Thumb Code     0  startup_stm32h723xx.o(.text)
    BDMA_Channel6_IRQHandler                 0x080002fb   Thumb Code     0  startup_stm32h723xx.o(.text)
    BDMA_Channel7_IRQHandler                 0x080002fb   Thumb Code     0  startup_stm32h723xx.o(.text)
    CEC_IRQHandler                           0x080002fb   Thumb Code     0  startup_stm32h723xx.o(.text)
    COMP1_IRQHandler                         0x080002fb   Thumb Code     0  startup_stm32h723xx.o(.text)
    CORDIC_IRQHandler                        0x080002fb   Thumb Code     0  startup_stm32h723xx.o(.text)
    CRS_IRQHandler                           0x080002fb   Thumb Code     0  startup_stm32h723xx.o(.text)
    DCMI_PSSI_IRQHandler                     0x080002fb   Thumb Code     0  startup_stm32h723xx.o(.text)
    DFSDM1_FLT0_IRQHandler                   0x080002fb   Thumb Code     0  startup_stm32h723xx.o(.text)
    DFSDM1_FLT1_IRQHandler                   0x080002fb   Thumb Code     0  startup_stm32h723xx.o(.text)
    DFSDM1_FLT2_IRQHandler                   0x080002fb   Thumb Code     0  startup_stm32h723xx.o(.text)
    DFSDM1_FLT3_IRQHandler                   0x080002fb   Thumb Code     0  startup_stm32h723xx.o(.text)
    DMA1_Stream0_IRQHandler                  0x080002fb   Thumb Code     0  startup_stm32h723xx.o(.text)
    DMA1_Stream1_IRQHandler                  0x080002fb   Thumb Code     0  startup_stm32h723xx.o(.text)
    DMA1_Stream2_IRQHandler                  0x080002fb   Thumb Code     0  startup_stm32h723xx.o(.text)
    DMA1_Stream3_IRQHandler                  0x080002fb   Thumb Code     0  startup_stm32h723xx.o(.text)
    DMA1_Stream4_IRQHandler                  0x080002fb   Thumb Code     0  startup_stm32h723xx.o(.text)
    DMA1_Stream5_IRQHandler                  0x080002fb   Thumb Code     0  startup_stm32h723xx.o(.text)
    DMA1_Stream6_IRQHandler                  0x080002fb   Thumb Code     0  startup_stm32h723xx.o(.text)
    DMA1_Stream7_IRQHandler                  0x080002fb   Thumb Code     0  startup_stm32h723xx.o(.text)
    DMA2D_IRQHandler                         0x080002fb   Thumb Code     0  startup_stm32h723xx.o(.text)
    DMA2_Stream0_IRQHandler                  0x080002fb   Thumb Code     0  startup_stm32h723xx.o(.text)
    DMA2_Stream1_IRQHandler                  0x080002fb   Thumb Code     0  startup_stm32h723xx.o(.text)
    DMA2_Stream2_IRQHandler                  0x080002fb   Thumb Code     0  startup_stm32h723xx.o(.text)
    DMA2_Stream3_IRQHandler                  0x080002fb   Thumb Code     0  startup_stm32h723xx.o(.text)
    DMA2_Stream4_IRQHandler                  0x080002fb   Thumb Code     0  startup_stm32h723xx.o(.text)
    DMA2_Stream5_IRQHandler                  0x080002fb   Thumb Code     0  startup_stm32h723xx.o(.text)
    DMA2_Stream6_IRQHandler                  0x080002fb   Thumb Code     0  startup_stm32h723xx.o(.text)
    DMA2_Stream7_IRQHandler                  0x080002fb   Thumb Code     0  startup_stm32h723xx.o(.text)
    DMAMUX1_OVR_IRQHandler                   0x080002fb   Thumb Code     0  startup_stm32h723xx.o(.text)
    DMAMUX2_OVR_IRQHandler                   0x080002fb   Thumb Code     0  startup_stm32h723xx.o(.text)
    DTS_IRQHandler                           0x080002fb   Thumb Code     0  startup_stm32h723xx.o(.text)
    ECC_IRQHandler                           0x080002fb   Thumb Code     0  startup_stm32h723xx.o(.text)
    ETH_IRQHandler                           0x080002fb   Thumb Code     0  startup_stm32h723xx.o(.text)
    ETH_WKUP_IRQHandler                      0x080002fb   Thumb Code     0  startup_stm32h723xx.o(.text)
    EXTI0_IRQHandler                         0x080002fb   Thumb Code     0  startup_stm32h723xx.o(.text)
    EXTI15_10_IRQHandler                     0x080002fb   Thumb Code     0  startup_stm32h723xx.o(.text)
    EXTI1_IRQHandler                         0x080002fb   Thumb Code     0  startup_stm32h723xx.o(.text)
    EXTI2_IRQHandler                         0x080002fb   Thumb Code     0  startup_stm32h723xx.o(.text)
    EXTI3_IRQHandler                         0x080002fb   Thumb Code     0  startup_stm32h723xx.o(.text)
    EXTI4_IRQHandler                         0x080002fb   Thumb Code     0  startup_stm32h723xx.o(.text)
    EXTI9_5_IRQHandler                       0x080002fb   Thumb Code     0  startup_stm32h723xx.o(.text)
    FDCAN1_IT1_IRQHandler                    0x080002fb   Thumb Code     0  startup_stm32h723xx.o(.text)
    FDCAN2_IT1_IRQHandler                    0x080002fb   Thumb Code     0  startup_stm32h723xx.o(.text)
    FDCAN3_IT0_IRQHandler                    0x080002fb   Thumb Code     0  startup_stm32h723xx.o(.text)
    FDCAN3_IT1_IRQHandler                    0x080002fb   Thumb Code     0  startup_stm32h723xx.o(.text)
    FDCAN_CAL_IRQHandler                     0x080002fb   Thumb Code     0  startup_stm32h723xx.o(.text)
    FLASH_IRQHandler                         0x080002fb   Thumb Code     0  startup_stm32h723xx.o(.text)
    FMAC_IRQHandler                          0x080002fb   Thumb Code     0  startup_stm32h723xx.o(.text)
    FMC_IRQHandler                           0x080002fb   Thumb Code     0  startup_stm32h723xx.o(.text)
    FPU_IRQHandler                           0x080002fb   Thumb Code     0  startup_stm32h723xx.o(.text)
    HSEM1_IRQHandler                         0x080002fb   Thumb Code     0  startup_stm32h723xx.o(.text)
    I2C1_ER_IRQHandler                       0x080002fb   Thumb Code     0  startup_stm32h723xx.o(.text)
    I2C1_EV_IRQHandler                       0x080002fb   Thumb Code     0  startup_stm32h723xx.o(.text)
    I2C2_ER_IRQHandler                       0x080002fb   Thumb Code     0  startup_stm32h723xx.o(.text)
    I2C2_EV_IRQHandler                       0x080002fb   Thumb Code     0  startup_stm32h723xx.o(.text)
    I2C3_ER_IRQHandler                       0x080002fb   Thumb Code     0  startup_stm32h723xx.o(.text)
    I2C3_EV_IRQHandler                       0x080002fb   Thumb Code     0  startup_stm32h723xx.o(.text)
    I2C4_ER_IRQHandler                       0x080002fb   Thumb Code     0  startup_stm32h723xx.o(.text)
    I2C4_EV_IRQHandler                       0x080002fb   Thumb Code     0  startup_stm32h723xx.o(.text)
    I2C5_ER_IRQHandler                       0x080002fb   Thumb Code     0  startup_stm32h723xx.o(.text)
    I2C5_EV_IRQHandler                       0x080002fb   Thumb Code     0  startup_stm32h723xx.o(.text)
    LPTIM1_IRQHandler                        0x080002fb   Thumb Code     0  startup_stm32h723xx.o(.text)
    LPTIM2_IRQHandler                        0x080002fb   Thumb Code     0  startup_stm32h723xx.o(.text)
    LPTIM3_IRQHandler                        0x080002fb   Thumb Code     0  startup_stm32h723xx.o(.text)
    LPTIM4_IRQHandler                        0x080002fb   Thumb Code     0  startup_stm32h723xx.o(.text)
    LPTIM5_IRQHandler                        0x080002fb   Thumb Code     0  startup_stm32h723xx.o(.text)
    LPUART1_IRQHandler                       0x080002fb   Thumb Code     0  startup_stm32h723xx.o(.text)
    LTDC_ER_IRQHandler                       0x080002fb   Thumb Code     0  startup_stm32h723xx.o(.text)
    LTDC_IRQHandler                          0x080002fb   Thumb Code     0  startup_stm32h723xx.o(.text)
    MDIOS_IRQHandler                         0x080002fb   Thumb Code     0  startup_stm32h723xx.o(.text)
    MDIOS_WKUP_IRQHandler                    0x080002fb   Thumb Code     0  startup_stm32h723xx.o(.text)
    MDMA_IRQHandler                          0x080002fb   Thumb Code     0  startup_stm32h723xx.o(.text)
    OCTOSPI1_IRQHandler                      0x080002fb   Thumb Code     0  startup_stm32h723xx.o(.text)
    OCTOSPI2_IRQHandler                      0x080002fb   Thumb Code     0  startup_stm32h723xx.o(.text)
    OTG_HS_EP1_IN_IRQHandler                 0x080002fb   Thumb Code     0  startup_stm32h723xx.o(.text)
    OTG_HS_EP1_OUT_IRQHandler                0x080002fb   Thumb Code     0  startup_stm32h723xx.o(.text)
    OTG_HS_IRQHandler                        0x080002fb   Thumb Code     0  startup_stm32h723xx.o(.text)
    OTG_HS_WKUP_IRQHandler                   0x080002fb   Thumb Code     0  startup_stm32h723xx.o(.text)
    PVD_AVD_IRQHandler                       0x080002fb   Thumb Code     0  startup_stm32h723xx.o(.text)
    RCC_IRQHandler                           0x080002fb   Thumb Code     0  startup_stm32h723xx.o(.text)
    RNG_IRQHandler                           0x080002fb   Thumb Code     0  startup_stm32h723xx.o(.text)
    RTC_Alarm_IRQHandler                     0x080002fb   Thumb Code     0  startup_stm32h723xx.o(.text)
    RTC_WKUP_IRQHandler                      0x080002fb   Thumb Code     0  startup_stm32h723xx.o(.text)
    SAI1_IRQHandler                          0x080002fb   Thumb Code     0  startup_stm32h723xx.o(.text)
    SAI4_IRQHandler                          0x080002fb   Thumb Code     0  startup_stm32h723xx.o(.text)
    SDMMC1_IRQHandler                        0x080002fb   Thumb Code     0  startup_stm32h723xx.o(.text)
    SDMMC2_IRQHandler                        0x080002fb   Thumb Code     0  startup_stm32h723xx.o(.text)
    SPDIF_RX_IRQHandler                      0x080002fb   Thumb Code     0  startup_stm32h723xx.o(.text)
    SPI1_IRQHandler                          0x080002fb   Thumb Code     0  startup_stm32h723xx.o(.text)
    SPI2_IRQHandler                          0x080002fb   Thumb Code     0  startup_stm32h723xx.o(.text)
    SPI3_IRQHandler                          0x080002fb   Thumb Code     0  startup_stm32h723xx.o(.text)
    SPI4_IRQHandler                          0x080002fb   Thumb Code     0  startup_stm32h723xx.o(.text)
    SPI5_IRQHandler                          0x080002fb   Thumb Code     0  startup_stm32h723xx.o(.text)
    SPI6_IRQHandler                          0x080002fb   Thumb Code     0  startup_stm32h723xx.o(.text)
    SWPMI1_IRQHandler                        0x080002fb   Thumb Code     0  startup_stm32h723xx.o(.text)
    TAMP_STAMP_IRQHandler                    0x080002fb   Thumb Code     0  startup_stm32h723xx.o(.text)
    TIM15_IRQHandler                         0x080002fb   Thumb Code     0  startup_stm32h723xx.o(.text)
    TIM16_IRQHandler                         0x080002fb   Thumb Code     0  startup_stm32h723xx.o(.text)
    TIM17_IRQHandler                         0x080002fb   Thumb Code     0  startup_stm32h723xx.o(.text)
    TIM1_BRK_IRQHandler                      0x080002fb   Thumb Code     0  startup_stm32h723xx.o(.text)
    TIM1_CC_IRQHandler                       0x080002fb   Thumb Code     0  startup_stm32h723xx.o(.text)
    TIM1_TRG_COM_IRQHandler                  0x080002fb   Thumb Code     0  startup_stm32h723xx.o(.text)
    TIM1_UP_IRQHandler                       0x080002fb   Thumb Code     0  startup_stm32h723xx.o(.text)
    TIM23_IRQHandler                         0x080002fb   Thumb Code     0  startup_stm32h723xx.o(.text)
    TIM24_IRQHandler                         0x080002fb   Thumb Code     0  startup_stm32h723xx.o(.text)
    TIM3_IRQHandler                          0x080002fb   Thumb Code     0  startup_stm32h723xx.o(.text)
    TIM4_IRQHandler                          0x080002fb   Thumb Code     0  startup_stm32h723xx.o(.text)
    TIM5_IRQHandler                          0x080002fb   Thumb Code     0  startup_stm32h723xx.o(.text)
    TIM6_DAC_IRQHandler                      0x080002fb   Thumb Code     0  startup_stm32h723xx.o(.text)
    TIM7_IRQHandler                          0x080002fb   Thumb Code     0  startup_stm32h723xx.o(.text)
    TIM8_BRK_TIM12_IRQHandler                0x080002fb   Thumb Code     0  startup_stm32h723xx.o(.text)
    TIM8_CC_IRQHandler                       0x080002fb   Thumb Code     0  startup_stm32h723xx.o(.text)
    TIM8_TRG_COM_TIM14_IRQHandler            0x080002fb   Thumb Code     0  startup_stm32h723xx.o(.text)
    TIM8_UP_TIM13_IRQHandler                 0x080002fb   Thumb Code     0  startup_stm32h723xx.o(.text)
    UART4_IRQHandler                         0x080002fb   Thumb Code     0  startup_stm32h723xx.o(.text)
    UART5_IRQHandler                         0x080002fb   Thumb Code     0  startup_stm32h723xx.o(.text)
    UART7_IRQHandler                         0x080002fb   Thumb Code     0  startup_stm32h723xx.o(.text)
    UART8_IRQHandler                         0x080002fb   Thumb Code     0  startup_stm32h723xx.o(.text)
    UART9_IRQHandler                         0x080002fb   Thumb Code     0  startup_stm32h723xx.o(.text)
    USART10_IRQHandler                       0x080002fb   Thumb Code     0  startup_stm32h723xx.o(.text)
    USART1_IRQHandler                        0x080002fb   Thumb Code     0  startup_stm32h723xx.o(.text)
    USART2_IRQHandler                        0x080002fb   Thumb Code     0  startup_stm32h723xx.o(.text)
    USART3_IRQHandler                        0x080002fb   Thumb Code     0  startup_stm32h723xx.o(.text)
    USART6_IRQHandler                        0x080002fb   Thumb Code     0  startup_stm32h723xx.o(.text)
    WAKEUP_PIN_IRQHandler                    0x080002fb   Thumb Code     0  startup_stm32h723xx.o(.text)
    WWDG_IRQHandler                          0x080002fb   Thumb Code     0  startup_stm32h723xx.o(.text)
    __aeabi_uldivmod                         0x08000305   Thumb Code    98  uldiv.o(.text)
    __aeabi_memset                           0x08000367   Thumb Code    14  memseta.o(.text)
    __aeabi_memset4                          0x08000367   Thumb Code     0  memseta.o(.text)
    __aeabi_memset8                          0x08000367   Thumb Code     0  memseta.o(.text)
    __aeabi_memclr                           0x08000375   Thumb Code     4  memseta.o(.text)
    __aeabi_memclr4                          0x08000375   Thumb Code     0  memseta.o(.text)
    __aeabi_memclr8                          0x08000375   Thumb Code     0  memseta.o(.text)
    _memset$wrapper                          0x08000379   Thumb Code    18  memseta.o(.text)
    __aeabi_llsl                             0x0800038b   Thumb Code    30  llshl.o(.text)
    _ll_shift_l                              0x0800038b   Thumb Code     0  llshl.o(.text)
    __aeabi_llsr                             0x080003a9   Thumb Code    32  llushr.o(.text)
    _ll_ushift_r                             0x080003a9   Thumb Code     0  llushr.o(.text)
    __scatterload                            0x080003c9   Thumb Code    38  init.o(.text)
    __scatterload_rt2                        0x080003c9   Thumb Code     0  init.o(.text)
    BusFault_Handler                         0x080003f9   Thumb Code     2  stm32h7xx_it.o(.text.BusFault_Handler)
    DebugMon_Handler                         0x08000401   Thumb Code     2  stm32h7xx_it.o(.text.DebugMon_Handler)
    Error_Handler                            0x08000409   Thumb Code    10  main.o(.text.Error_Handler)
    FDCAN1_Config                            0x08000419   Thumb Code   112  can_bsp.o(.text.FDCAN1_Config)
    FDCAN1_IT0_IRQHandler                    0x08000489   Thumb Code    12  stm32h7xx_it.o(.text.FDCAN1_IT0_IRQHandler)
    FDCAN2_Config                            0x08000499   Thumb Code   112  can_bsp.o(.text.FDCAN2_Config)
    FDCAN2_IT0_IRQHandler                    0x08000509   Thumb Code    12  stm32h7xx_it.o(.text.FDCAN2_IT0_IRQHandler)
    HAL_DCMI_Init                            0x08000599   Thumb Code   162  stm32h7xx_hal_dcmi.o(.text.HAL_DCMI_Init)
    HAL_DCMI_MspInit                         0x08000641   Thumb Code   290  dcmi.o(.text.HAL_DCMI_MspInit)
    HAL_Delay                                0x08000769   Thumb Code    40  stm32h7xx_hal.o(.text.HAL_Delay)
    HAL_FDCAN_ActivateNotification           0x08000791   Thumb Code   120  stm32h7xx_hal_fdcan.o(.text.HAL_FDCAN_ActivateNotification)
    HAL_FDCAN_AddMessageToTxFifoQ            0x08000809   Thumb Code   106  stm32h7xx_hal_fdcan.o(.text.HAL_FDCAN_AddMessageToTxFifoQ)
    HAL_FDCAN_ClockCalibrationCallback       0x08000879   Thumb Code     2  stm32h7xx_hal_fdcan.o(.text.HAL_FDCAN_ClockCalibrationCallback)
    HAL_FDCAN_ConfigFilter                   0x08000881   Thumb Code   136  stm32h7xx_hal_fdcan.o(.text.HAL_FDCAN_ConfigFilter)
    HAL_FDCAN_ConfigGlobalFilter             0x08000909   Thumb Code    54  stm32h7xx_hal_fdcan.o(.text.HAL_FDCAN_ConfigGlobalFilter)
    HAL_FDCAN_ErrorCallback                  0x08000941   Thumb Code     2  stm32h7xx_hal_fdcan.o(.text.HAL_FDCAN_ErrorCallback)
    HAL_FDCAN_ErrorStatusCallback            0x08000949   Thumb Code     2  stm32h7xx_hal_fdcan.o(.text.HAL_FDCAN_ErrorStatusCallback)
    HAL_FDCAN_GetRxMessage                   0x08000951   Thumb Code   394  stm32h7xx_hal_fdcan.o(.text.HAL_FDCAN_GetRxMessage)
    HAL_FDCAN_HighPriorityMessageCallback    0x08000ae1   Thumb Code     2  stm32h7xx_hal_fdcan.o(.text.HAL_FDCAN_HighPriorityMessageCallback)
    HAL_FDCAN_IRQHandler                     0x08000ae9   Thumb Code   806  stm32h7xx_hal_fdcan.o(.text.HAL_FDCAN_IRQHandler)
    HAL_FDCAN_Init                           0x08000e11   Thumb Code   962  stm32h7xx_hal_fdcan.o(.text.HAL_FDCAN_Init)
    HAL_FDCAN_MspInit                        0x080011d9   Thumb Code   482  fdcan.o(.text.HAL_FDCAN_MspInit)
    HAL_FDCAN_RxBufferNewMessageCallback     0x080013c1   Thumb Code     2  stm32h7xx_hal_fdcan.o(.text.HAL_FDCAN_RxBufferNewMessageCallback)
    HAL_FDCAN_RxFifo0Callback                0x080013c9   Thumb Code    98  can_bsp.o(.text.HAL_FDCAN_RxFifo0Callback)
    HAL_FDCAN_RxFifo1Callback                0x08001431   Thumb Code   112  can_bsp.o(.text.HAL_FDCAN_RxFifo1Callback)
    HAL_FDCAN_Start                          0x080014a1   Thumb Code    50  stm32h7xx_hal_fdcan.o(.text.HAL_FDCAN_Start)
    HAL_FDCAN_TT_GlobalTimeCallback          0x080014d9   Thumb Code     2  stm32h7xx_hal_fdcan.o(.text.HAL_FDCAN_TT_GlobalTimeCallback)
    HAL_FDCAN_TT_ScheduleSyncCallback        0x080014e1   Thumb Code     2  stm32h7xx_hal_fdcan.o(.text.HAL_FDCAN_TT_ScheduleSyncCallback)
    HAL_FDCAN_TT_StopWatchCallback           0x080014e9   Thumb Code     2  stm32h7xx_hal_fdcan.o(.text.HAL_FDCAN_TT_StopWatchCallback)
    HAL_FDCAN_TT_TimeMarkCallback            0x080014f1   Thumb Code     2  stm32h7xx_hal_fdcan.o(.text.HAL_FDCAN_TT_TimeMarkCallback)
    HAL_FDCAN_TimeoutOccurredCallback        0x080014f9   Thumb Code     2  stm32h7xx_hal_fdcan.o(.text.HAL_FDCAN_TimeoutOccurredCallback)
    HAL_FDCAN_TimestampWraparoundCallback    0x08001501   Thumb Code     2  stm32h7xx_hal_fdcan.o(.text.HAL_FDCAN_TimestampWraparoundCallback)
    HAL_FDCAN_TxBufferAbortCallback          0x08001509   Thumb Code     2  stm32h7xx_hal_fdcan.o(.text.HAL_FDCAN_TxBufferAbortCallback)
    HAL_FDCAN_TxBufferCompleteCallback       0x08001511   Thumb Code     2  stm32h7xx_hal_fdcan.o(.text.HAL_FDCAN_TxBufferCompleteCallback)
    HAL_FDCAN_TxEventFifoCallback            0x08001519   Thumb Code     2  stm32h7xx_hal_fdcan.o(.text.HAL_FDCAN_TxEventFifoCallback)
    HAL_FDCAN_TxFifoEmptyCallback            0x08001521   Thumb Code     2  stm32h7xx_hal_fdcan.o(.text.HAL_FDCAN_TxFifoEmptyCallback)
    HAL_GPIO_Init                            0x08001529   Thumb Code   418  stm32h7xx_hal_gpio.o(.text.HAL_GPIO_Init)
    HAL_GPIO_WritePin                        0x080016d1   Thumb Code    10  stm32h7xx_hal_gpio.o(.text.HAL_GPIO_WritePin)
    HAL_GetTick                              0x080016e1   Thumb Code    12  stm32h7xx_hal.o(.text.HAL_GetTick)
    HAL_I2CEx_ConfigAnalogFilter             0x080016f1   Thumb Code    74  stm32h7xx_hal_i2c_ex.o(.text.HAL_I2CEx_ConfigAnalogFilter)
    HAL_I2CEx_ConfigDigitalFilter            0x08001741   Thumb Code    72  stm32h7xx_hal_i2c_ex.o(.text.HAL_I2CEx_ConfigDigitalFilter)
    HAL_I2C_Init                             0x08001789   Thumb Code   164  stm32h7xx_hal_i2c.o(.text.HAL_I2C_Init)
    HAL_I2C_MspInit                          0x08001831   Thumb Code   148  i2c.o(.text.HAL_I2C_MspInit)
    HAL_IncTick                              0x080018c9   Thumb Code    26  stm32h7xx_hal.o(.text.HAL_IncTick)
    HAL_Init                                 0x080018e9   Thumb Code   100  stm32h7xx_hal.o(.text.HAL_Init)
    HAL_InitTick                             0x08001951   Thumb Code    88  stm32h7xx_hal.o(.text.HAL_InitTick)
    HAL_MspInit                              0x080019a9   Thumb Code    32  stm32h7xx_hal_msp.o(.text.HAL_MspInit)
    HAL_NVIC_EnableIRQ                       0x080019c9   Thumb Code    34  stm32h7xx_hal_cortex.o(.text.HAL_NVIC_EnableIRQ)
    HAL_NVIC_SetPriority                     0x080019f1   Thumb Code    90  stm32h7xx_hal_cortex.o(.text.HAL_NVIC_SetPriority)
    HAL_NVIC_SetPriorityGrouping             0x08001a51   Thumb Code    32  stm32h7xx_hal_cortex.o(.text.HAL_NVIC_SetPriorityGrouping)
    HAL_OSPIM_Config                         0x08001a71   Thumb Code  1268  stm32h7xx_hal_ospi.o(.text.HAL_OSPIM_Config)
    HAL_OSPI_Init                            0x08001f69   Thumb Code   290  stm32h7xx_hal_ospi.o(.text.HAL_OSPI_Init)
    HAL_OSPI_MspInit                         0x08002091   Thumb Code   358  octospi.o(.text.HAL_OSPI_MspInit)
    HAL_PCDEx_ActivateLPM                    0x080021f9   Thumb Code    38  stm32h7xx_hal_pcd_ex.o(.text.HAL_PCDEx_ActivateLPM)
    HAL_PCD_Init                             0x08002221   Thumb Code   326  stm32h7xx_hal_pcd.o(.text.HAL_PCD_Init)
    HAL_PCD_MspInit                          0x08002369   Thumb Code    92  usb_otg.o(.text.HAL_PCD_MspInit)
    HAL_PWREx_ConfigSupply                   0x080023c9   Thumb Code    72  stm32h7xx_hal_pwr_ex.o(.text.HAL_PWREx_ConfigSupply)
    HAL_PWREx_EnableUSBVoltageDetector       0x08002411   Thumb Code    18  stm32h7xx_hal_pwr_ex.o(.text.HAL_PWREx_EnableUSBVoltageDetector)
    HAL_RCCEx_GetD3PCLK1Freq                 0x08002429   Thumb Code    38  stm32h7xx_hal_rcc_ex.o(.text.HAL_RCCEx_GetD3PCLK1Freq)
    HAL_RCCEx_GetPLL2ClockFreq               0x08002451   Thumb Code   272  stm32h7xx_hal_rcc_ex.o(.text.HAL_RCCEx_GetPLL2ClockFreq)
    HAL_RCCEx_GetPLL3ClockFreq               0x08002571   Thumb Code   272  stm32h7xx_hal_rcc_ex.o(.text.HAL_RCCEx_GetPLL3ClockFreq)
    HAL_RCCEx_PeriphCLKConfig                0x08002691   Thumb Code  2402  stm32h7xx_hal_rcc_ex.o(.text.HAL_RCCEx_PeriphCLKConfig)
    HAL_RCC_ClockConfig                      0x08002ff9   Thumb Code   586  stm32h7xx_hal_rcc.o(.text.HAL_RCC_ClockConfig)
    HAL_RCC_GetHCLKFreq                      0x08003249   Thumb Code    76  stm32h7xx_hal_rcc.o(.text.HAL_RCC_GetHCLKFreq)
    HAL_RCC_GetPCLK1Freq                     0x08003299   Thumb Code    96  stm32h7xx_hal_rcc.o(.text.HAL_RCC_GetPCLK1Freq)
    HAL_RCC_GetPCLK2Freq                     0x080032f9   Thumb Code    96  stm32h7xx_hal_rcc.o(.text.HAL_RCC_GetPCLK2Freq)
    HAL_RCC_GetSysClockFreq                  0x08003359   Thumb Code   256  stm32h7xx_hal_rcc.o(.text.HAL_RCC_GetSysClockFreq)
    HAL_RCC_MCOConfig                        0x08003471   Thumb Code   156  stm32h7xx_hal_rcc.o(.text.HAL_RCC_MCOConfig)
    HAL_RCC_OscConfig                        0x08003511   Thumb Code  1486  stm32h7xx_hal_rcc.o(.text.HAL_RCC_OscConfig)
    HAL_RS485Ex_Init                         0x08003ae1   Thumb Code   130  stm32h7xx_hal_uart_ex.o(.text.HAL_RS485Ex_Init)
    HAL_SPI_Init                             0x08003b69   Thumb Code   428  stm32h7xx_hal_spi.o(.text.HAL_SPI_Init)
    HAL_SPI_MspInit                          0x08003d19   Thumb Code   446  spi.o(.text.HAL_SPI_MspInit)
    HAL_SYSTICK_Config                       0x08003ed9   Thumb Code    44  stm32h7xx_hal_cortex.o(.text.HAL_SYSTICK_Config)
    HAL_TIMEx_Break2Callback                 0x08003f09   Thumb Code     2  stm32h7xx_hal_tim_ex.o(.text.HAL_TIMEx_Break2Callback)
    HAL_TIMEx_BreakCallback                  0x08003f11   Thumb Code     2  stm32h7xx_hal_tim_ex.o(.text.HAL_TIMEx_BreakCallback)
    HAL_TIMEx_CommutCallback                 0x08003f19   Thumb Code     2  stm32h7xx_hal_tim_ex.o(.text.HAL_TIMEx_CommutCallback)
    HAL_TIMEx_ConfigBreakDeadTime            0x08003f21   Thumb Code   178  stm32h7xx_hal_tim_ex.o(.text.HAL_TIMEx_ConfigBreakDeadTime)
    HAL_TIMEx_MasterConfigSynchronization    0x08003fd9   Thumb Code   228  stm32h7xx_hal_tim_ex.o(.text.HAL_TIMEx_MasterConfigSynchronization)
    HAL_TIM_Base_Init                        0x080040c1   Thumb Code    96  stm32h7xx_hal_tim.o(.text.HAL_TIM_Base_Init)
    HAL_TIM_Base_MspInit                     0x08004121   Thumb Code   120  tim.o(.text.HAL_TIM_Base_MspInit)
    HAL_TIM_Base_Start_IT                    0x08004199   Thumb Code   202  stm32h7xx_hal_tim.o(.text.HAL_TIM_Base_Start_IT)
    HAL_TIM_ConfigClockSource                0x08004269   Thumb Code   500  stm32h7xx_hal_tim.o(.text.HAL_TIM_ConfigClockSource)
    HAL_TIM_IC_CaptureCallback               0x08004461   Thumb Code     2  stm32h7xx_hal_tim.o(.text.HAL_TIM_IC_CaptureCallback)
    HAL_TIM_IRQHandler                       0x08004469   Thumb Code   392  stm32h7xx_hal_tim.o(.text.HAL_TIM_IRQHandler)
    HAL_TIM_OC_DelayElapsedCallback          0x080045f1   Thumb Code     2  stm32h7xx_hal_tim.o(.text.HAL_TIM_OC_DelayElapsedCallback)
    HAL_TIM_PWM_ConfigChannel                0x080045f9   Thumb Code  1182  stm32h7xx_hal_tim.o(.text.HAL_TIM_PWM_ConfigChannel)
    HAL_TIM_PWM_Init                         0x08004a99   Thumb Code    96  stm32h7xx_hal_tim.o(.text.HAL_TIM_PWM_Init)
    HAL_TIM_PWM_MspInit                      0x08004af9   Thumb Code   112  tim.o(.text.HAL_TIM_PWM_MspInit)
    HAL_TIM_PWM_PulseFinishedCallback        0x08004b69   Thumb Code     2  stm32h7xx_hal_tim.o(.text.HAL_TIM_PWM_PulseFinishedCallback)
    HAL_TIM_PeriodElapsedCallback            0x08004b71   Thumb Code     2  stm32h7xx_hal_tim.o(.text.HAL_TIM_PeriodElapsedCallback)
    HAL_TIM_TriggerCallback                  0x08004b79   Thumb Code     2  stm32h7xx_hal_tim.o(.text.HAL_TIM_TriggerCallback)
    HAL_UARTEx_DisableFifoMode               0x08004b81   Thumb Code    54  stm32h7xx_hal_uart_ex.o(.text.HAL_UARTEx_DisableFifoMode)
    HAL_UARTEx_SetRxFifoThreshold            0x08004bb9   Thumb Code   146  stm32h7xx_hal_uart_ex.o(.text.HAL_UARTEx_SetRxFifoThreshold)
    HAL_UARTEx_SetTxFifoThreshold            0x08004c51   Thumb Code   146  stm32h7xx_hal_uart_ex.o(.text.HAL_UARTEx_SetTxFifoThreshold)
    HAL_UART_Init                            0x08004ce9   Thumb Code    98  stm32h7xx_hal_uart.o(.text.HAL_UART_Init)
    HAL_UART_MspInit                         0x08004d51   Thumb Code   752  usart.o(.text.HAL_UART_MspInit)
    HardFault_Handler                        0x08005041   Thumb Code     2  stm32h7xx_it.o(.text.HardFault_Handler)
    MX_DCMI_Init                             0x08005049   Thumb Code    60  dcmi.o(.text.MX_DCMI_Init)
    MX_FDCAN1_Init                           0x08005089   Thumb Code   110  fdcan.o(.text.MX_FDCAN1_Init)
    MX_FDCAN2_Init                           0x080050f9   Thumb Code   110  fdcan.o(.text.MX_FDCAN2_Init)
    MX_FDCAN3_Init                           0x08005169   Thumb Code   100  fdcan.o(.text.MX_FDCAN3_Init)
    MX_GPIO_Init                             0x080051d1   Thumb Code   566  gpio.o(.text.MX_GPIO_Init)
    MX_I2C1_Init                             0x08005409   Thumb Code   106  i2c.o(.text.MX_I2C1_Init)
    MX_OCTOSPI1_Init                         0x08005479   Thumb Code   120  octospi.o(.text.MX_OCTOSPI1_Init)
    MX_SPI1_Init                             0x080054f1   Thumb Code    90  spi.o(.text.MX_SPI1_Init)
    MX_SPI2_Init                             0x08005551   Thumb Code    90  spi.o(.text.MX_SPI2_Init)
    MX_SPI3_Init                             0x080055b1   Thumb Code    90  spi.o(.text.MX_SPI3_Init)
    MX_TIM1_Init                             0x08005611   Thumb Code   278  tim.o(.text.MX_TIM1_Init)
    MX_TIM2_Init                             0x08005729   Thumb Code   116  tim.o(.text.MX_TIM2_Init)
    MX_UART7_Init                            0x080057a1   Thumb Code   124  usart.o(.text.MX_UART7_Init)
    MX_UART9_Init                            0x08005821   Thumb Code   124  usart.o(.text.MX_UART9_Init)
    MX_USART10_UART_Init                     0x080058a1   Thumb Code   124  usart.o(.text.MX_USART10_UART_Init)
    MX_USART1_UART_Init                      0x08005921   Thumb Code   124  usart.o(.text.MX_USART1_UART_Init)
    MX_USART2_UART_Init                      0x080059a1   Thumb Code   128  usart.o(.text.MX_USART2_UART_Init)
    MX_USART3_UART_Init                      0x08005a21   Thumb Code   128  usart.o(.text.MX_USART3_UART_Init)
    MX_USB_OTG_HS_PCD_Init                   0x08005aa1   Thumb Code    62  usb_otg.o(.text.MX_USB_OTG_HS_PCD_Init)
    MemManage_Handler                        0x08005ae1   Thumb Code     2  stm32h7xx_it.o(.text.MemManage_Handler)
    NMI_Handler                              0x08005ae9   Thumb Code     2  stm32h7xx_it.o(.text.NMI_Handler)
    PendSV_Handler                           0x08005af1   Thumb Code     2  stm32h7xx_it.o(.text.PendSV_Handler)
    SVC_Handler                              0x08005d39   Thumb Code     2  stm32h7xx_it.o(.text.SVC_Handler)
    SysTick_Handler                          0x08005d41   Thumb Code     4  stm32h7xx_it.o(.text.SysTick_Handler)
    SystemClock_Config                       0x08005d49   Thumb Code   200  main.o(.text.SystemClock_Config)
    SystemInit                               0x08005e11   Thumb Code   176  system_stm32h7xx.o(.text.SystemInit)
    TIM2_IRQHandler                          0x08005ec1   Thumb Code    12  stm32h7xx_it.o(.text.TIM2_IRQHandler)
    TIM_Base_SetConfig                       0x08005ed1   Thumb Code   340  stm32h7xx_hal_tim.o(.text.TIM_Base_SetConfig)
    UART_AdvFeatureConfig                    0x08006029   Thumb Code   224  stm32h7xx_hal_uart.o(.text.UART_AdvFeatureConfig)
    UART_CheckIdleState                      0x08006109   Thumb Code   186  stm32h7xx_hal_uart.o(.text.UART_CheckIdleState)
    UART_SetConfig                           0x080061c9   Thumb Code  1120  stm32h7xx_hal_uart.o(.text.UART_SetConfig)
    UART_WaitOnFlagUntilTimeout              0x08006631   Thumb Code   310  stm32h7xx_hal_uart.o(.text.UART_WaitOnFlagUntilTimeout)
    USB_CoreInit                             0x08006769   Thumb Code   280  stm32h7xx_ll_usb.o(.text.USB_CoreInit)
    USB_DevDisconnect                        0x08006881   Thumb Code    30  stm32h7xx_ll_usb.o(.text.USB_DevDisconnect)
    USB_DevInit                              0x080068a1   Thumb Code   484  stm32h7xx_ll_usb.o(.text.USB_DevInit)
    USB_DisableGlobalInt                     0x08006a89   Thumb Code    14  stm32h7xx_ll_usb.o(.text.USB_DisableGlobalInt)
    USB_SetCurrentMode                       0x08006a99   Thumb Code   100  stm32h7xx_ll_usb.o(.text.USB_SetCurrentMode)
    UsageFault_Handler                       0x08006b01   Thumb Code     2  stm32h7xx_it.o(.text.UsageFault_Handler)
    canx_send_data                           0x08006b09   Thumb Code    92  can_bsp.o(.text.canx_send_data)
    dm_fbdata                                0x08006ba1   Thumb Code   176  dm_drv.o(.text.dm_fbdata)
    enable_motor_mode                        0x08006c59   Thumb Code    36  dm_drv.o(.text.enable_motor_mode)
    joint_motor_init                         0x08006c81   Thumb Code    12  dm_drv.o(.text.joint_motor_init)
    main                                     0x08006c91   Thumb Code   440  main.o(.text.main)
    mit_ctrl                                 0x08006eb9   Thumb Code   204  dm_drv.o(.text.mit_ctrl)
    move_mit_all                             0x08006f99   Thumb Code    88  openarm_control.o(.text.move_mit_all)
    openarm_init                             0x08006ff1   Thumb Code    66  openarm_control.o(.text.openarm_init)
    __scatterload_copy                       0x08007033   Thumb Code    14  handlers.o(i.__scatterload_copy)
    __scatterload_null                       0x08007041   Thumb Code     2  handlers.o(i.__scatterload_null)
    __scatterload_zeroinit                   0x08007043   Thumb Code    14  handlers.o(i.__scatterload_zeroinit)
    D1CorePrescTable                         0x080070a8   Data          16  system_stm32h7xx.o(.rodata.D1CorePrescTable)
    UARTPrescTable                           0x080070b8   Data          24  stm32h7xx_hal_uart.o(.rodata.UARTPrescTable)
    Region$$Table$$Base                      0x080070f0   Number         0  anon$$obj.o(Region$$Table)
    Region$$Table$$Limit                     0x08007110   Number         0  anon$$obj.o(Region$$Table)
    SystemCoreClock                          0x24000000   Data           4  system_stm32h7xx.o(.data.SystemCoreClock)
    SystemD2Clock                            0x24000004   Data           4  system_stm32h7xx.o(.data.SystemD2Clock)
    uwTickFreq                               0x24000008   Data           1  stm32h7xx_hal.o(.data.uwTickFreq)
    uwTickPrio                               0x2400000c   Data           4  stm32h7xx_hal.o(.data.uwTickPrio)
    RxHeader1                                0x24000014   Data          40  can_bsp.o(.bss.RxHeader1)
    RxHeader2                                0x2400003c   Data          40  can_bsp.o(.bss.RxHeader2)
    arm                                      0x24000064   Data         308  main.o(.bss.arm)
    g_Can1RxData                             0x24000198   Data          64  can_bsp.o(.bss.g_Can1RxData)
    g_Can2RxData                             0x240001d8   Data          64  can_bsp.o(.bss.g_Can2RxData)
    hdcmi                                    0x24000218   Data          80  dcmi.o(.bss.hdcmi)
    hfdcan1                                  0x24000268   Data         160  fdcan.o(.bss.hfdcan1)
    hfdcan2                                  0x24000308   Data         160  fdcan.o(.bss.hfdcan2)
    hfdcan3                                  0x240003a8   Data         160  fdcan.o(.bss.hfdcan3)
    hi2c1                                    0x24000448   Data          84  i2c.o(.bss.hi2c1)
    hospi1                                   0x2400049c   Data          92  octospi.o(.bss.hospi1)
    hpcd_USB_OTG_HS                          0x240004f8   Data        1292  usb_otg.o(.bss.hpcd_USB_OTG_HS)
    hspi1                                    0x24000a04   Data         136  spi.o(.bss.hspi1)
    hspi2                                    0x24000a8c   Data         136  spi.o(.bss.hspi2)
    hspi3                                    0x24000b14   Data         136  spi.o(.bss.hspi3)
    htim1                                    0x24000b9c   Data          76  tim.o(.bss.htim1)
    htim2                                    0x24000be8   Data          76  tim.o(.bss.htim2)
    huart1                                   0x24000c34   Data         148  usart.o(.bss.huart1)
    huart10                                  0x24000cc8   Data         148  usart.o(.bss.huart10)
    huart2                                   0x24000d5c   Data         148  usart.o(.bss.huart2)
    huart3                                   0x24000df0   Data         148  usart.o(.bss.huart3)
    huart7                                   0x24000e84   Data         148  usart.o(.bss.huart7)
    huart9                                   0x24000f18   Data         148  usart.o(.bss.huart9)
    uwTick                                   0x24000fac   Data           4  stm32h7xx_hal.o(.bss.uwTick)
    __initial_sp                             0x240013b0   Data           0  startup_stm32h723xx.o(STACK)



==============================================================================

Memory Map of the image

  Image Entry point : 0x080002cd

  Load Region LR_IROM1 (Base: 0x08000000, Size: 0x00007120, Max: 0x00100000, ABSOLUTE)

    Execution Region ER_IROM1 (Exec base: 0x08000000, Load base: 0x08000000, Size: 0x00007110, Max: 0x00100000, ABSOLUTE)

    Exec Addr    Load Addr    Size         Type   Attr      Idx    E Section Name        Object

    0x08000000   0x08000000   0x000002cc   Data   RO            3    RESET               startup_stm32h723xx.o
    0x080002cc   0x080002cc   0x00000000   Code   RO         2307  * .ARM.Collect$$$$00000000  mc_w.l(entry.o)
    0x080002cc   0x080002cc   0x00000004   Code   RO         2314    .ARM.Collect$$$$00000001  mc_w.l(entry2.o)
    0x080002d0   0x080002d0   0x00000004   Code   RO         2317    .ARM.Collect$$$$00000004  mc_w.l(entry5.o)
    0x080002d4   0x080002d4   0x00000000   Code   RO         2319    .ARM.Collect$$$$00000008  mc_w.l(entry7b.o)
    0x080002d4   0x080002d4   0x00000000   Code   RO         2321    .ARM.Collect$$$$0000000A  mc_w.l(entry8b.o)
    0x080002d4   0x080002d4   0x00000008   Code   RO         2322    .ARM.Collect$$$$0000000B  mc_w.l(entry9a.o)
    0x080002dc   0x080002dc   0x00000000   Code   RO         2324    .ARM.Collect$$$$0000000D  mc_w.l(entry10a.o)
    0x080002dc   0x080002dc   0x00000000   Code   RO         2326    .ARM.Collect$$$$0000000F  mc_w.l(entry11a.o)
    0x080002dc   0x080002dc   0x00000004   Code   RO         2315    .ARM.Collect$$$$00002712  mc_w.l(entry2.o)
    0x080002e0   0x080002e0   0x00000024   Code   RO            4    .text               startup_stm32h723xx.o
    0x08000304   0x08000304   0x00000062   Code   RO         2310    .text               mc_w.l(uldiv.o)
    0x08000366   0x08000366   0x00000024   Code   RO         2312    .text               mc_w.l(memseta.o)
    0x0800038a   0x0800038a   0x0000001e   Code   RO         2328    .text               mc_w.l(llshl.o)
    0x080003a8   0x080003a8   0x00000020   Code   RO         2330    .text               mc_w.l(llushr.o)
    0x080003c8   0x080003c8   0x00000030   Code   RO         2332    .text               mc_w.l(init.o)
    0x080003f8   0x080003f8   0x00000002   Code   RO          199    .text.BusFault_Handler  stm32h7xx_it.o
    0x080003fa   0x080003fa   0x00000006   PAD
    0x08000400   0x08000400   0x00000002   Code   RO          205    .text.DebugMon_Handler  stm32h7xx_it.o
    0x08000402   0x08000402   0x00000006   PAD
    0x08000408   0x08000408   0x0000000a   Code   RO           15    .text.Error_Handler  main.o
    0x08000412   0x08000412   0x00000006   PAD
    0x08000418   0x08000418   0x00000070   Code   RO         2244    .text.FDCAN1_Config  can_bsp.o
    0x08000488   0x08000488   0x0000000c   Code   RO          211    .text.FDCAN1_IT0_IRQHandler  stm32h7xx_it.o
    0x08000494   0x08000494   0x00000004   PAD
    0x08000498   0x08000498   0x00000070   Code   RO         2246    .text.FDCAN2_Config  can_bsp.o
    0x08000508   0x08000508   0x0000000c   Code   RO          213    .text.FDCAN2_IT0_IRQHandler  stm32h7xx_it.o
    0x08000514   0x08000514   0x00000004   PAD
    0x08000518   0x08000518   0x0000007e   Code   RO         1166    .text.FDCAN_CopyMessageToRAM  stm32h7xx_hal_fdcan.o
    0x08000596   0x08000596   0x00000002   PAD
    0x08000598   0x08000598   0x000000a2   Code   RO          280    .text.HAL_DCMI_Init  stm32h7xx_hal_dcmi.o
    0x0800063a   0x0800063a   0x00000006   PAD
    0x08000640   0x08000640   0x00000122   Code   RO           38    .text.HAL_DCMI_MspInit  dcmi.o
    0x08000762   0x08000762   0x00000006   PAD
    0x08000768   0x08000768   0x00000028   Code   RO          799    .text.HAL_Delay     stm32h7xx_hal.o
    0x08000790   0x08000790   0x00000078   Code   RO         1244    .text.HAL_FDCAN_ActivateNotification  stm32h7xx_hal_fdcan.o
    0x08000808   0x08000808   0x0000006a   Code   RO         1164    .text.HAL_FDCAN_AddMessageToTxFifoQ  stm32h7xx_hal_fdcan.o
    0x08000872   0x08000872   0x00000006   PAD
    0x08000878   0x08000878   0x00000002   Code   RO         1258    .text.HAL_FDCAN_ClockCalibrationCallback  stm32h7xx_hal_fdcan.o
    0x0800087a   0x0800087a   0x00000006   PAD
    0x08000880   0x08000880   0x00000088   Code   RO         1116    .text.HAL_FDCAN_ConfigFilter  stm32h7xx_hal_fdcan.o
    0x08000908   0x08000908   0x00000036   Code   RO         1118    .text.HAL_FDCAN_ConfigGlobalFilter  stm32h7xx_hal_fdcan.o
    0x0800093e   0x0800093e   0x00000002   PAD
    0x08000940   0x08000940   0x00000002   Code   RO         1286    .text.HAL_FDCAN_ErrorCallback  stm32h7xx_hal_fdcan.o
    0x08000942   0x08000942   0x00000006   PAD
    0x08000948   0x08000948   0x00000002   Code   RO         1276    .text.HAL_FDCAN_ErrorStatusCallback  stm32h7xx_hal_fdcan.o
    0x0800094a   0x0800094a   0x00000006   PAD
    0x08000950   0x08000950   0x0000018a   Code   RO         1176    .text.HAL_FDCAN_GetRxMessage  stm32h7xx_hal_fdcan.o
    0x08000ada   0x08000ada   0x00000006   PAD
    0x08000ae0   0x08000ae0   0x00000002   Code   RO         1254    .text.HAL_FDCAN_HighPriorityMessageCallback  stm32h7xx_hal_fdcan.o
    0x08000ae2   0x08000ae2   0x00000006   PAD
    0x08000ae8   0x08000ae8   0x00000326   Code   RO         1252    .text.HAL_FDCAN_IRQHandler  stm32h7xx_hal_fdcan.o
    0x08000e0e   0x08000e0e   0x00000002   PAD
    0x08000e10   0x08000e10   0x000003c2   Code   RO         1094    .text.HAL_FDCAN_Init  stm32h7xx_hal_fdcan.o
    0x080011d2   0x080011d2   0x00000006   PAD
    0x080011d8   0x080011d8   0x000001e2   Code   RO           57    .text.HAL_FDCAN_MspInit  fdcan.o
    0x080013ba   0x080013ba   0x00000006   PAD
    0x080013c0   0x080013c0   0x00000002   Code   RO         1270    .text.HAL_FDCAN_RxBufferNewMessageCallback  stm32h7xx_hal_fdcan.o
    0x080013c2   0x080013c2   0x00000006   PAD
    0x080013c8   0x080013c8   0x00000062   Code   RO         2250    .text.HAL_FDCAN_RxFifo0Callback  can_bsp.o
    0x0800142a   0x0800142a   0x00000006   PAD
    0x08001430   0x08001430   0x00000070   Code   RO         2252    .text.HAL_FDCAN_RxFifo1Callback  can_bsp.o
    0x080014a0   0x080014a0   0x00000032   Code   RO         1162    .text.HAL_FDCAN_Start  stm32h7xx_hal_fdcan.o
    0x080014d2   0x080014d2   0x00000006   PAD
    0x080014d8   0x080014d8   0x00000002   Code   RO         1284    .text.HAL_FDCAN_TT_GlobalTimeCallback  stm32h7xx_hal_fdcan.o
    0x080014da   0x080014da   0x00000006   PAD
    0x080014e0   0x080014e0   0x00000002   Code   RO         1278    .text.HAL_FDCAN_TT_ScheduleSyncCallback  stm32h7xx_hal_fdcan.o
    0x080014e2   0x080014e2   0x00000006   PAD
    0x080014e8   0x080014e8   0x00000002   Code   RO         1282    .text.HAL_FDCAN_TT_StopWatchCallback  stm32h7xx_hal_fdcan.o
    0x080014ea   0x080014ea   0x00000006   PAD
    0x080014f0   0x080014f0   0x00000002   Code   RO         1280    .text.HAL_FDCAN_TT_TimeMarkCallback  stm32h7xx_hal_fdcan.o
    0x080014f2   0x080014f2   0x00000006   PAD
    0x080014f8   0x080014f8   0x00000002   Code   RO         1274    .text.HAL_FDCAN_TimeoutOccurredCallback  stm32h7xx_hal_fdcan.o
    0x080014fa   0x080014fa   0x00000006   PAD
    0x08001500   0x08001500   0x00000002   Code   RO         1272    .text.HAL_FDCAN_TimestampWraparoundCallback  stm32h7xx_hal_fdcan.o
    0x08001502   0x08001502   0x00000006   PAD
    0x08001508   0x08001508   0x00000002   Code   RO         1256    .text.HAL_FDCAN_TxBufferAbortCallback  stm32h7xx_hal_fdcan.o
    0x0800150a   0x0800150a   0x00000006   PAD
    0x08001510   0x08001510   0x00000002   Code   RO         1268    .text.HAL_FDCAN_TxBufferCompleteCallback  stm32h7xx_hal_fdcan.o
    0x08001512   0x08001512   0x00000006   PAD
    0x08001518   0x08001518   0x00000002   Code   RO         1260    .text.HAL_FDCAN_TxEventFifoCallback  stm32h7xx_hal_fdcan.o
    0x0800151a   0x0800151a   0x00000006   PAD
    0x08001520   0x08001520   0x00000002   Code   RO         1266    .text.HAL_FDCAN_TxFifoEmptyCallback  stm32h7xx_hal_fdcan.o
    0x08001522   0x08001522   0x00000006   PAD
    0x08001528   0x08001528   0x000001a2   Code   RO          491    .text.HAL_GPIO_Init  stm32h7xx_hal_gpio.o
    0x080016ca   0x080016ca   0x00000006   PAD
    0x080016d0   0x080016d0   0x0000000a   Code   RO          497    .text.HAL_GPIO_WritePin  stm32h7xx_hal_gpio.o
    0x080016da   0x080016da   0x00000006   PAD
    0x080016e0   0x080016e0   0x0000000c   Code   RO          791    .text.HAL_GetTick   stm32h7xx_hal.o
    0x080016ec   0x080016ec   0x00000004   PAD
    0x080016f0   0x080016f0   0x0000004a   Code   RO         1048    .text.HAL_I2CEx_ConfigAnalogFilter  stm32h7xx_hal_i2c_ex.o
    0x0800173a   0x0800173a   0x00000006   PAD
    0x08001740   0x08001740   0x00000048   Code   RO         1050    .text.HAL_I2CEx_ConfigDigitalFilter  stm32h7xx_hal_i2c_ex.o
    0x08001788   0x08001788   0x000000a4   Code   RO          898    .text.HAL_I2C_Init  stm32h7xx_hal_i2c.o
    0x0800182c   0x0800182c   0x00000004   PAD
    0x08001830   0x08001830   0x00000094   Code   RO           75    .text.HAL_I2C_MspInit  i2c.o
    0x080018c4   0x080018c4   0x00000004   PAD
    0x080018c8   0x080018c8   0x0000001a   Code   RO          789    .text.HAL_IncTick   stm32h7xx_hal.o
    0x080018e2   0x080018e2   0x00000006   PAD
    0x080018e8   0x080018e8   0x00000064   Code   RO          779    .text.HAL_Init      stm32h7xx_hal.o
    0x0800194c   0x0800194c   0x00000004   PAD
    0x08001950   0x08001950   0x00000058   Code   RO          781    .text.HAL_InitTick  stm32h7xx_hal.o
    0x080019a8   0x080019a8   0x00000020   Code   RO          224    .text.HAL_MspInit   stm32h7xx_hal_msp.o
    0x080019c8   0x080019c8   0x00000022   Code   RO          236    .text.HAL_NVIC_EnableIRQ  stm32h7xx_hal_cortex.o
    0x080019ea   0x080019ea   0x00000006   PAD
    0x080019f0   0x080019f0   0x0000005a   Code   RO          234    .text.HAL_NVIC_SetPriority  stm32h7xx_hal_cortex.o
    0x08001a4a   0x08001a4a   0x00000006   PAD
    0x08001a50   0x08001a50   0x00000020   Code   RO          232    .text.HAL_NVIC_SetPriorityGrouping  stm32h7xx_hal_cortex.o
    0x08001a70   0x08001a70   0x000004f4   Code   RO         1380    .text.HAL_OSPIM_Config  stm32h7xx_hal_ospi.o
    0x08001f64   0x08001f64   0x00000004   PAD
    0x08001f68   0x08001f68   0x00000122   Code   RO         1302    .text.HAL_OSPI_Init  stm32h7xx_hal_ospi.o
    0x0800208a   0x0800208a   0x00000006   PAD
    0x08002090   0x08002090   0x00000166   Code   RO           90    .text.HAL_OSPI_MspInit  octospi.o
    0x080021f6   0x080021f6   0x00000002   PAD
    0x080021f8   0x080021f8   0x00000026   Code   RO         2103    .text.HAL_PCDEx_ActivateLPM  stm32h7xx_hal_pcd_ex.o
    0x0800221e   0x0800221e   0x00000002   PAD
    0x08002220   0x08002220   0x00000146   Code   RO         2023    .text.HAL_PCD_Init  stm32h7xx_hal_pcd.o
    0x08002366   0x08002366   0x00000002   PAD
    0x08002368   0x08002368   0x0000005c   Code   RO          180    .text.HAL_PCD_MspInit  usb_otg.o
    0x080023c4   0x080023c4   0x00000004   PAD
    0x080023c8   0x080023c8   0x00000048   Code   RO          695    .text.HAL_PWREx_ConfigSupply  stm32h7xx_hal_pwr_ex.o
    0x08002410   0x08002410   0x00000012   Code   RO          745    .text.HAL_PWREx_EnableUSBVoltageDetector  stm32h7xx_hal_pwr_ex.o
    0x08002422   0x08002422   0x00000006   PAD
    0x08002428   0x08002428   0x00000026   Code   RO          382    .text.HAL_RCCEx_GetD3PCLK1Freq  stm32h7xx_hal_rcc_ex.o
    0x0800244e   0x0800244e   0x00000002   PAD
    0x08002450   0x08002450   0x00000120   Code   RO          378    .text.HAL_RCCEx_GetPLL2ClockFreq  stm32h7xx_hal_rcc_ex.o
    0x08002570   0x08002570   0x00000120   Code   RO          380    .text.HAL_RCCEx_GetPLL3ClockFreq  stm32h7xx_hal_rcc_ex.o
    0x08002690   0x08002690   0x00000962   Code   RO          366    .text.HAL_RCCEx_PeriphCLKConfig  stm32h7xx_hal_rcc_ex.o
    0x08002ff2   0x08002ff2   0x00000006   PAD
    0x08002ff8   0x08002ff8   0x0000024a   Code   RO          334    .text.HAL_RCC_ClockConfig  stm32h7xx_hal_rcc.o
    0x08003242   0x08003242   0x00000006   PAD
    0x08003248   0x08003248   0x0000004c   Code   RO          344    .text.HAL_RCC_GetHCLKFreq  stm32h7xx_hal_rcc.o
    0x08003294   0x08003294   0x00000004   PAD
    0x08003298   0x08003298   0x00000060   Code   RO          346    .text.HAL_RCC_GetPCLK1Freq  stm32h7xx_hal_rcc.o
    0x080032f8   0x080032f8   0x00000060   Code   RO          348    .text.HAL_RCC_GetPCLK2Freq  stm32h7xx_hal_rcc.o
    0x08003358   0x08003358   0x00000114   Code   RO          336    .text.HAL_RCC_GetSysClockFreq  stm32h7xx_hal_rcc.o
    0x0800346c   0x0800346c   0x00000004   PAD
    0x08003470   0x08003470   0x0000009c   Code   RO          338    .text.HAL_RCC_MCOConfig  stm32h7xx_hal_rcc.o
    0x0800350c   0x0800350c   0x00000004   PAD
    0x08003510   0x08003510   0x000005ce   Code   RO          332    .text.HAL_RCC_OscConfig  stm32h7xx_hal_rcc.o
    0x08003ade   0x08003ade   0x00000002   PAD
    0x08003ae0   0x08003ae0   0x00000082   Code   RO         1982    .text.HAL_RS485Ex_Init  stm32h7xx_hal_uart_ex.o
    0x08003b62   0x08003b62   0x00000006   PAD
    0x08003b68   0x08003b68   0x000001ac   Code   RO         1390    .text.HAL_SPI_Init  stm32h7xx_hal_spi.o
    0x08003d14   0x08003d14   0x00000004   PAD
    0x08003d18   0x08003d18   0x000001be   Code   RO          109    .text.HAL_SPI_MspInit  spi.o
    0x08003ed6   0x08003ed6   0x00000002   PAD
    0x08003ed8   0x08003ed8   0x0000002c   Code   RO          244    .text.HAL_SYSTICK_Config  stm32h7xx_hal_cortex.o
    0x08003f04   0x08003f04   0x00000004   PAD
    0x08003f08   0x08003f08   0x00000002   Code   RO         1823    .text.HAL_TIMEx_Break2Callback  stm32h7xx_hal_tim_ex.o
    0x08003f0a   0x08003f0a   0x00000006   PAD
    0x08003f10   0x08003f10   0x00000002   Code   RO         1821    .text.HAL_TIMEx_BreakCallback  stm32h7xx_hal_tim_ex.o
    0x08003f12   0x08003f12   0x00000006   PAD
    0x08003f18   0x08003f18   0x00000002   Code   RO         1817    .text.HAL_TIMEx_CommutCallback  stm32h7xx_hal_tim_ex.o
    0x08003f1a   0x08003f1a   0x00000006   PAD
    0x08003f20   0x08003f20   0x000000b2   Code   RO         1803    .text.HAL_TIMEx_ConfigBreakDeadTime  stm32h7xx_hal_tim_ex.o
    0x08003fd2   0x08003fd2   0x00000006   PAD
    0x08003fd8   0x08003fd8   0x000000e4   Code   RO         1801    .text.HAL_TIMEx_MasterConfigSynchronization  stm32h7xx_hal_tim_ex.o
    0x080040bc   0x080040bc   0x00000004   PAD
    0x080040c0   0x080040c0   0x00000060   Code   RO         1506    .text.HAL_TIM_Base_Init  stm32h7xx_hal_tim.o
    0x08004120   0x08004120   0x00000078   Code   RO          132    .text.HAL_TIM_Base_MspInit  tim.o
    0x08004198   0x08004198   0x000000ca   Code   RO         1520    .text.HAL_TIM_Base_Start_IT  stm32h7xx_hal_tim.o
    0x08004262   0x08004262   0x00000006   PAD
    0x08004268   0x08004268   0x000001f4   Code   RO         1686    .text.HAL_TIM_ConfigClockSource  stm32h7xx_hal_tim.o
    0x0800445c   0x0800445c   0x00000004   PAD
    0x08004460   0x08004460   0x00000002   Code   RO         1642    .text.HAL_TIM_IC_CaptureCallback  stm32h7xx_hal_tim.o
    0x08004462   0x08004462   0x00000006   PAD
    0x08004468   0x08004468   0x00000188   Code   RO         1640    .text.HAL_TIM_IRQHandler  stm32h7xx_hal_tim.o
    0x080045f0   0x080045f0   0x00000002   Code   RO         1644    .text.HAL_TIM_OC_DelayElapsedCallback  stm32h7xx_hal_tim.o
    0x080045f2   0x080045f2   0x00000006   PAD
    0x080045f8   0x080045f8   0x0000049e   Code   RO         1660    .text.HAL_TIM_PWM_ConfigChannel  stm32h7xx_hal_tim.o
    0x08004a96   0x08004a96   0x00000002   PAD
    0x08004a98   0x08004a98   0x00000060   Code   RO         1560    .text.HAL_TIM_PWM_Init  stm32h7xx_hal_tim.o
    0x08004af8   0x08004af8   0x00000070   Code   RO          130    .text.HAL_TIM_PWM_MspInit  tim.o
    0x08004b68   0x08004b68   0x00000002   Code   RO         1646    .text.HAL_TIM_PWM_PulseFinishedCallback  stm32h7xx_hal_tim.o
    0x08004b6a   0x08004b6a   0x00000006   PAD
    0x08004b70   0x08004b70   0x00000002   Code   RO         1648    .text.HAL_TIM_PeriodElapsedCallback  stm32h7xx_hal_tim.o
    0x08004b72   0x08004b72   0x00000006   PAD
    0x08004b78   0x08004b78   0x00000002   Code   RO         1650    .text.HAL_TIM_TriggerCallback  stm32h7xx_hal_tim.o
    0x08004b7a   0x08004b7a   0x00000006   PAD
    0x08004b80   0x08004b80   0x00000036   Code   RO         2000    .text.HAL_UARTEx_DisableFifoMode  stm32h7xx_hal_uart_ex.o
    0x08004bb6   0x08004bb6   0x00000002   PAD
    0x08004bb8   0x08004bb8   0x00000092   Code   RO         2004    .text.HAL_UARTEx_SetRxFifoThreshold  stm32h7xx_hal_uart_ex.o
    0x08004c4a   0x08004c4a   0x00000006   PAD
    0x08004c50   0x08004c50   0x00000092   Code   RO         2002    .text.HAL_UARTEx_SetTxFifoThreshold  stm32h7xx_hal_uart_ex.o
    0x08004ce2   0x08004ce2   0x00000006   PAD
    0x08004ce8   0x08004ce8   0x00000062   Code   RO         1837    .text.HAL_UART_Init  stm32h7xx_hal_uart.o
    0x08004d4a   0x08004d4a   0x00000006   PAD
    0x08004d50   0x08004d50   0x000002f0   Code   RO          160    .text.HAL_UART_MspInit  usart.o
    0x08005040   0x08005040   0x00000002   Code   RO          195    .text.HardFault_Handler  stm32h7xx_it.o
    0x08005042   0x08005042   0x00000006   PAD
    0x08005048   0x08005048   0x0000003c   Code   RO           36    .text.MX_DCMI_Init  dcmi.o
    0x08005084   0x08005084   0x00000004   PAD
    0x08005088   0x08005088   0x0000006e   Code   RO           51    .text.MX_FDCAN1_Init  fdcan.o
    0x080050f6   0x080050f6   0x00000002   PAD
    0x080050f8   0x080050f8   0x0000006e   Code   RO           53    .text.MX_FDCAN2_Init  fdcan.o
    0x08005166   0x08005166   0x00000002   PAD
    0x08005168   0x08005168   0x00000064   Code   RO           55    .text.MX_FDCAN3_Init  fdcan.o
    0x080051cc   0x080051cc   0x00000004   PAD
    0x080051d0   0x080051d0   0x00000236   Code   RO           27    .text.MX_GPIO_Init  gpio.o
    0x08005406   0x08005406   0x00000002   PAD
    0x08005408   0x08005408   0x0000006a   Code   RO           73    .text.MX_I2C1_Init  i2c.o
    0x08005472   0x08005472   0x00000006   PAD
    0x08005478   0x08005478   0x00000078   Code   RO           88    .text.MX_OCTOSPI1_Init  octospi.o
    0x080054f0   0x080054f0   0x0000005a   Code   RO          103    .text.MX_SPI1_Init  spi.o
    0x0800554a   0x0800554a   0x00000006   PAD
    0x08005550   0x08005550   0x0000005a   Code   RO          105    .text.MX_SPI2_Init  spi.o
    0x080055aa   0x080055aa   0x00000006   PAD
    0x080055b0   0x080055b0   0x0000005a   Code   RO          107    .text.MX_SPI3_Init  spi.o
    0x0800560a   0x0800560a   0x00000006   PAD
    0x08005610   0x08005610   0x00000116   Code   RO          124    .text.MX_TIM1_Init  tim.o
    0x08005726   0x08005726   0x00000002   PAD
    0x08005728   0x08005728   0x00000074   Code   RO          128    .text.MX_TIM2_Init  tim.o
    0x0800579c   0x0800579c   0x00000004   PAD
    0x080057a0   0x080057a0   0x0000007c   Code   RO          148    .text.MX_UART7_Init  usart.o
    0x0800581c   0x0800581c   0x00000004   PAD
    0x08005820   0x08005820   0x0000007c   Code   RO          150    .text.MX_UART9_Init  usart.o
    0x0800589c   0x0800589c   0x00000004   PAD
    0x080058a0   0x080058a0   0x0000007c   Code   RO          158    .text.MX_USART10_UART_Init  usart.o
    0x0800591c   0x0800591c   0x00000004   PAD
    0x08005920   0x08005920   0x0000007c   Code   RO          152    .text.MX_USART1_UART_Init  usart.o
    0x0800599c   0x0800599c   0x00000004   PAD
    0x080059a0   0x080059a0   0x00000080   Code   RO          154    .text.MX_USART2_UART_Init  usart.o
    0x08005a20   0x08005a20   0x00000080   Code   RO          156    .text.MX_USART3_UART_Init  usart.o
    0x08005aa0   0x08005aa0   0x0000003e   Code   RO          178    .text.MX_USB_OTG_HS_PCD_Init  usb_otg.o
    0x08005ade   0x08005ade   0x00000002   PAD
    0x08005ae0   0x08005ae0   0x00000002   Code   RO          197    .text.MemManage_Handler  stm32h7xx_it.o
    0x08005ae2   0x08005ae2   0x00000006   PAD
    0x08005ae8   0x08005ae8   0x00000002   Code   RO          193    .text.NMI_Handler   stm32h7xx_it.o
    0x08005aea   0x08005aea   0x00000006   PAD
    0x08005af0   0x08005af0   0x00000002   Code   RO          207    .text.PendSV_Handler  stm32h7xx_it.o
    0x08005af2   0x08005af2   0x00000006   PAD
    0x08005af8   0x08005af8   0x0000011e   Code   RO          368    .text.RCCEx_PLL2_Config  stm32h7xx_hal_rcc_ex.o
    0x08005c16   0x08005c16   0x00000002   PAD
    0x08005c18   0x08005c18   0x0000011e   Code   RO          370    .text.RCCEx_PLL3_Config  stm32h7xx_hal_rcc_ex.o
    0x08005d36   0x08005d36   0x00000002   PAD
    0x08005d38   0x08005d38   0x00000002   Code   RO          203    .text.SVC_Handler   stm32h7xx_it.o
    0x08005d3a   0x08005d3a   0x00000006   PAD
    0x08005d40   0x08005d40   0x00000004   Code   RO          209    .text.SysTick_Handler  stm32h7xx_it.o
    0x08005d44   0x08005d44   0x00000004   PAD
    0x08005d48   0x08005d48   0x000000c8   Code   RO           13    .text.SystemClock_Config  main.o
    0x08005e10   0x08005e10   0x000000b0   Code   RO         2229    .text.SystemInit    system_stm32h7xx.o
    0x08005ec0   0x08005ec0   0x0000000c   Code   RO          215    .text.TIM2_IRQHandler  stm32h7xx_it.o
    0x08005ecc   0x08005ecc   0x00000004   PAD
    0x08005ed0   0x08005ed0   0x00000154   Code   RO         1510    .text.TIM_Base_SetConfig  stm32h7xx_hal_tim.o
    0x08006024   0x08006024   0x00000004   PAD
    0x08006028   0x08006028   0x000000e0   Code   RO         1843    .text.UART_AdvFeatureConfig  stm32h7xx_hal_uart.o
    0x08006108   0x08006108   0x000000ba   Code   RO         1845    .text.UART_CheckIdleState  stm32h7xx_hal_uart.o
    0x080061c2   0x080061c2   0x00000006   PAD
    0x080061c8   0x080061c8   0x00000468   Code   RO         1841    .text.UART_SetConfig  stm32h7xx_hal_uart.o
    0x08006630   0x08006630   0x00000136   Code   RO         1859    .text.UART_WaitOnFlagUntilTimeout  stm32h7xx_hal_uart.o
    0x08006766   0x08006766   0x00000002   PAD
    0x08006768   0x08006768   0x00000118   Code   RO         2125    .text.USB_CoreInit  stm32h7xx_ll_usb.o
    0x08006880   0x08006880   0x0000001e   Code   RO         2173    .text.USB_DevDisconnect  stm32h7xx_ll_usb.o
    0x0800689e   0x0800689e   0x00000002   PAD
    0x080068a0   0x080068a0   0x000001e4   Code   RO         2137    .text.USB_DevInit   stm32h7xx_ll_usb.o
    0x08006a84   0x08006a84   0x00000004   PAD
    0x08006a88   0x08006a88   0x0000000e   Code   RO         2131    .text.USB_DisableGlobalInt  stm32h7xx_ll_usb.o
    0x08006a96   0x08006a96   0x00000002   PAD
    0x08006a98   0x08006a98   0x00000064   Code   RO         2133    .text.USB_SetCurrentMode  stm32h7xx_ll_usb.o
    0x08006afc   0x08006afc   0x00000004   PAD
    0x08006b00   0x08006b00   0x00000002   Code   RO          201    .text.UsageFault_Handler  stm32h7xx_it.o
    0x08006b02   0x08006b02   0x00000006   PAD
    0x08006b08   0x08006b08   0x00000094   Code   RO         2248    .text.canx_send_data  can_bsp.o
    0x08006b9c   0x08006b9c   0x00000004   PAD
    0x08006ba0   0x08006ba0   0x000000b8   Code   RO         2276    .text.dm_fbdata     dm_drv.o
    0x08006c58   0x08006c58   0x00000024   Code   RO         2278    .text.enable_motor_mode  dm_drv.o
    0x08006c7c   0x08006c7c   0x00000004   PAD
    0x08006c80   0x08006c80   0x0000000c   Code   RO         2274    .text.joint_motor_init  dm_drv.o
    0x08006c8c   0x08006c8c   0x00000004   PAD
    0x08006c90   0x08006c90   0x00000228   Code   RO           11    .text.main          main.o
    0x08006eb8   0x08006eb8   0x000000dc   Code   RO         2282    .text.mit_ctrl      dm_drv.o
    0x08006f94   0x08006f94   0x00000004   PAD
    0x08006f98   0x08006f98   0x00000058   Code   RO         2298    .text.move_mit_all  openarm_control.o
    0x08006ff0   0x08006ff0   0x00000042   Code   RO         2296    .text.openarm_init  openarm_control.o
    0x08007032   0x08007032   0x0000000e   Code   RO         2336    i.__scatterload_copy  mc_w.l(handlers.o)
    0x08007040   0x08007040   0x00000002   Code   RO         2337    i.__scatterload_null  mc_w.l(handlers.o)
    0x08007042   0x08007042   0x0000000e   Code   RO         2338    i.__scatterload_zeroinit  mc_w.l(handlers.o)
    0x08007050   0x08007050   0x0000004c   Data   RO         1292    .rodata..L__const.HAL_FDCAN_Init.CvtEltSize  stm32h7xx_hal_fdcan.o
    0x0800709c   0x0800709c   0x00000006   Data   RO         1972    .rodata..Lswitch.table.UART_SetConfig.7  stm32h7xx_hal_uart.o
    0x080070a2   0x080070a2   0x00000006   Data   RO         1973    .rodata..Lswitch.table.UART_SetConfig.9  stm32h7xx_hal_uart.o
    0x080070a8   0x080070a8   0x00000010   Data   RO         2235    .rodata.D1CorePrescTable  system_stm32h7xx.o
    0x080070b8   0x080070b8   0x00000018   Data   RO         1971    .rodata.UARTPrescTable  stm32h7xx_hal_uart.o
    0x080070d0   0x080070d0   0x00000010   Data   RO         1293    .rodata.cst16       stm32h7xx_hal_fdcan.o
    0x080070e0   0x080070e0   0x00000010   Data   RO         2014    .rodata.cst8        stm32h7xx_hal_uart_ex.o
    0x080070f0   0x080070f0   0x00000020   Data   RO         2335    Region$$Table       anon$$obj.o


    Execution Region RW_IRAM1 (Exec base: 0x20000000, Load base: 0x08007110, Size: 0x00000000, Max: 0x00020000, ABSOLUTE)

    **** No section assigned to this execution region ****


    Execution Region RW_IRAM2 (Exec base: 0x24000000, Load base: 0x08007110, Size: 0x000013b0, Max: 0x00050000, ABSOLUTE)

    Exec Addr    Load Addr    Size         Type   Attr      Idx    E Section Name        Object

    0x24000000   0x08007110   0x00000004   Data   RW         2233    .data.SystemCoreClock  system_stm32h7xx.o
    0x24000004   0x08007114   0x00000004   Data   RW         2234    .data.SystemD2Clock  system_stm32h7xx.o
    0x24000008   0x08007118   0x00000001   Data   RW          888    .data.uwTickFreq    stm32h7xx_hal.o
    0x24000009   0x08007119   0x00000003   PAD
    0x2400000c   0x0800711c   0x00000004   Data   RW          887    .data.uwTickPrio    stm32h7xx_hal.o
    0x24000010        -       0x00000004   Zero   RW           64    .bss.HAL_RCC_FDCAN_CLK_ENABLED  fdcan.o
    0x24000014        -       0x00000028   Zero   RW         2255    .bss.RxHeader1      can_bsp.o
    0x2400003c        -       0x00000028   Zero   RW         2257    .bss.RxHeader2      can_bsp.o
    0x24000064        -       0x00000134   Zero   RW           17    .bss.arm            main.o
    0x24000198        -       0x00000040   Zero   RW         2254    .bss.g_Can1RxData   can_bsp.o
    0x240001d8        -       0x00000040   Zero   RW         2256    .bss.g_Can2RxData   can_bsp.o
    0x24000218        -       0x00000050   Zero   RW           42    .bss.hdcmi          dcmi.o
    0x24000268        -       0x000000a0   Zero   RW           61    .bss.hfdcan1        fdcan.o
    0x24000308        -       0x000000a0   Zero   RW           62    .bss.hfdcan2        fdcan.o
    0x240003a8        -       0x000000a0   Zero   RW           63    .bss.hfdcan3        fdcan.o
    0x24000448        -       0x00000054   Zero   RW           79    .bss.hi2c1          i2c.o
    0x2400049c        -       0x0000005c   Zero   RW           94    .bss.hospi1         octospi.o
    0x240004f8        -       0x0000050c   Zero   RW          184    .bss.hpcd_USB_OTG_HS  usb_otg.o
    0x24000a04        -       0x00000088   Zero   RW          113    .bss.hspi1          spi.o
    0x24000a8c        -       0x00000088   Zero   RW          114    .bss.hspi2          spi.o
    0x24000b14        -       0x00000088   Zero   RW          115    .bss.hspi3          spi.o
    0x24000b9c        -       0x0000004c   Zero   RW          138    .bss.htim1          tim.o
    0x24000be8        -       0x0000004c   Zero   RW          139    .bss.htim2          tim.o
    0x24000c34        -       0x00000094   Zero   RW          166    .bss.huart1         usart.o
    0x24000cc8        -       0x00000094   Zero   RW          169    .bss.huart10        usart.o
    0x24000d5c        -       0x00000094   Zero   RW          167    .bss.huart2         usart.o
    0x24000df0        -       0x00000094   Zero   RW          168    .bss.huart3         usart.o
    0x24000e84        -       0x00000094   Zero   RW          164    .bss.huart7         usart.o
    0x24000f18        -       0x00000094   Zero   RW          165    .bss.huart9         usart.o
    0x24000fac        -       0x00000004   Zero   RW          889    .bss.uwTick         stm32h7xx_hal.o
    0x24000fb0        -       0x00000400   Zero   RW            1    STACK               startup_stm32h723xx.o


==============================================================================

Image component sizes


      Code (inc. data)   RO Data    RW Data    ZI Data      Debug   Object Name

       582         56          0          0        208       7268   can_bsp.o
       350          0          0          0         80       6505   dcmi.o
       452         24          0          0          0      10738   dm_drv.o
       802          0          0          0        484      12066   fdcan.o
       566          0          0          0          0       3383   gpio.o
       254          0          0          0         84       8097   i2c.o
       762        112          0          0        308       4759   main.o
       478          0          0          0         92       9013   octospi.o
       154          0          0          0          0       5599   openarm_control.o
       716          0          0          0        408       9050   spi.o
        36          8        716          0       1024        832   startup_stm32h723xx.o
       266          0          0          5          4      15922   stm32h7xx_hal.o
       200          0          0          0          0      12171   stm32h7xx_hal_cortex.o
       162          0          0          0          0       9122   stm32h7xx_hal_dcmi.o
      2784          0         92          0          0      41941   stm32h7xx_hal_fdcan.o
       428          0          0          0          0       6976   stm32h7xx_hal_gpio.o
       164          0          0          0          0      62709   stm32h7xx_hal_i2c.o
       146          0          0          0          0       7656   stm32h7xx_hal_i2c_ex.o
        32          0          0          0          0       2243   stm32h7xx_hal_msp.o
      1558          0          0          0          0      27071   stm32h7xx_hal_ospi.o
       326          0          0          0          0      16363   stm32h7xx_hal_pcd.o
        38          0          0          0          0       6111   stm32h7xx_hal_pcd_ex.o
        90          0          0          0          0       9614   stm32h7xx_hal_pwr_ex.o
      2772         24          0          0          0      11524   stm32h7xx_hal_rcc.o
      3588        124          0          0          0      17894   stm32h7xx_hal_rcc_ex.o
       428          0          0          0          0      22051   stm32h7xx_hal_spi.o
      2818          6          0          0          0      67194   stm32h7xx_hal_tim.o
       412          0          0          0          0      27265   stm32h7xx_hal_tim_ex.o
      1946        300         36          0          0      37626   stm32h7xx_hal_uart.o
       476          0         16          0          0      11140   stm32h7xx_hal_uart_ex.o
        56          0          0          0          0       8232   stm32h7xx_it.o
       908          0          0          0          0      26734   stm32h7xx_ll_usb.o
       176          0         16          8          0       5326   system_stm32h7xx.o
       626          0          0          0        152      12352   tim.o
      1504          0          0          0        888      10125   usart.o
       154          0          0          0       1292       6964   usb_otg.o

    ----------------------------------------------------------------------
     27742        666        908         16       5024     559636   Object Totals
         0          0         32          0          0          0   (incl. Generated)
       532         12          0          3          0          0   (incl. Padding)

    ----------------------------------------------------------------------

      Code (inc. data)   RO Data    RW Data    ZI Data      Debug   Library Member Name

         0          0          0          0          0          0   entry.o
         0          0          0          0          0          0   entry10a.o
         0          0          0          0          0          0   entry11a.o
         8          4          0          0          0          0   entry2.o
         4          0          0          0          0          0   entry5.o
         0          0          0          0          0          0   entry7b.o
         0          0          0          0          0          0   entry8b.o
         8          4          0          0          0          0   entry9a.o
        30          0          0          0          0          0   handlers.o
        48         10          0          0          0         68   init.o
        30          0          0          0          0         68   llshl.o
        32          0          0          0          0         68   llushr.o
        36          0          0          0          0        108   memseta.o
        98          0          0          0          0         92   uldiv.o

    ----------------------------------------------------------------------
       294         18          0          0          0        404   Library Totals
         0          0          0          0          0          0   (incl. Padding)

    ----------------------------------------------------------------------

      Code (inc. data)   RO Data    RW Data    ZI Data      Debug   Library Name

       294         18          0          0          0        404   mc_w.l

    ----------------------------------------------------------------------
       294         18          0          0          0        404   Library Totals

    ----------------------------------------------------------------------

==============================================================================


      Code (inc. data)   RO Data    RW Data    ZI Data      Debug   

     28036        684        908         16       5024     559460   Grand Totals
     28036        684        908         16       5024     559460   ELF Image Totals
     28036        684        908         16          0          0   ROM Totals

==============================================================================

    Total RO  Size (Code + RO Data)                28944 (  28.27kB)
    Total RW  Size (RW Data + ZI Data)              5040 (   4.92kB)
    Total ROM Size (Code + RO Data + RW Data)      28960 (  28.28kB)

==============================================================================

